ip1 recovery (all, ALL CANDIDATES): 271 strategies this shard (box 2/3, shard 14/16), 1650 already banked
  1/271  56 s each  ~4.2 h left
  2/271  93 s each  ~6.9 h left
  3/271  89 s each  ~6.6 h left
  4/271  110 s each  ~8.2 h left
/opt/fx/code/l2lib.py:1881: RuntimeWarning: overflow encountered in scalar multiply
  sm = r if not np.isfinite(sm) else price_smooth * r + (1 - price_smooth) * sm
/opt/fx/code/l2lib.py:1884: RuntimeWarning: overflow encountered in scalar multiply
  st = fr if not np.isfinite(st) else index_smooth * fr + (1 - index_smooth) * st
  5/271  132 s each  ~9.7 h left
/opt/fx/code/l2lib.py:1856: RuntimeWarning: overflow encountered in scalar multiply
  fama[i] = .5 * al * mama[i] + (1 - .5 * al) * fama[i - 1]
/opt/fx/code/l2lib.py:1855: RuntimeWarning: overflow encountered in scalar multiply
  mama[i] = al * src[i] + (1 - al) * mama[i - 1]
/opt/fx/code/l2lib.py:1856: RuntimeWarning: invalid value encountered in scalar add
  fama[i] = .5 * al * mama[i] + (1 - .5 * al) * fama[i - 1]
/opt/fx/code/l2lib.py:1856: RuntimeWarning: overflow encountered in scalar add
  fama[i] = .5 * al * mama[i] + (1 - .5 * al) * fama[i - 1]
  6/271  137 s each  ~10.1 h left
  7/271  148 s each  ~10.9 h left
  8/271  145 s each  ~10.6 h left
  9/271  140 s each  ~10.2 h left
  10/271  148 s each  ~10.7 h left
  11/271  143 s each  ~10.3 h left
  12/271  140 s each  ~10.0 h left
  13/271  270 s each  ~19.4 h left
  14/271  257 s each  ~18.3 h left
  15/271  245 s each  ~17.4 h left
  16/271  234 s each  ~16.6 h left
  17/271  225 s each  ~15.9 h left
  18/271  222 s each  ~15.6 h left
  19/271  219 s each  ~15.3 h left
  20/271  218 s each  ~15.2 h left
  21/271  293 s each  ~20.4 h left
  22/271  283 s each  ~19.6 h left
  23/271  279 s each  ~19.2 h left
  24/271  275 s each  ~18.9 h left
  25/271  273 s each  ~18.7 h left
  26/271  267 s each  ~18.1 h left
  27/271  259 s each  ~17.6 h left
  28/271  255 s each  ~17.2 h left
  29/271  252 s each  ~16.9 h left
  30/271  246 s each  ~16.5 h left
  31/271  243 s each  ~16.2 h left
  32/271  237 s each  ~15.7 h left
  33/271  236 s each  ~15.6 h left
  34/271  234 s each  ~15.4 h left
  35/271  233 s each  ~15.3 h left
  36/271  231 s each  ~15.1 h left
  37/271  228 s each  ~14.8 h left
  38/271  227 s each  ~14.7 h left
  39/271  223 s each  ~14.4 h left
  40/271  219 s each  ~14.1 h left
  41/271  219 s each  ~14.0 h left
  42/271  226 s each  ~14.4 h left
  43/271  225 s each  ~14.2 h left
  44/271  222 s each  ~14.0 h left
  45/271  219 s each  ~13.7 h left
  46/271  217 s each  ~13.5 h left
  47/271  250 s each  ~15.5 h left
  48/271  246 s each  ~15.2 h left
  49/271  242 s each  ~14.9 h left
  50/271  240 s each  ~14.7 h left
  51/271  236 s each  ~14.4 h left
  52/271  233 s each  ~14.2 h left
  53/271  230 s each  ~13.9 h left
  54/271  227 s each  ~13.7 h left
  55/271  224 s each  ~13.5 h left
  56/271  225 s each  ~13.4 h left
  57/271  222 s each  ~13.2 h left
  58/271  219 s each  ~13.0 h left
  59/271  218 s each  ~12.8 h left
  60/271  216 s each  ~12.7 h left
  61/271  217 s each  ~12.6 h left
  62/271  215 s each  ~12.5 h left
  63/271  214 s each  ~12.4 h left
  64/271  240 s each  ~13.8 h left
  65/271  238 s each  ~13.6 h left
  66/271  237 s each  ~13.5 h left
  67/271  236 s each  ~13.4 h left
  68/271  235 s each  ~13.3 h left
  69/271  233 s each  ~13.1 h left
  70/271  231 s each  ~12.9 h left
  71/271  230 s each  ~12.8 h left
  72/271  228 s each  ~12.6 h left
  73/271  228 s each  ~12.5 h left
  74/271  226 s each  ~12.4 h left
  75/271  224 s each  ~12.2 h left
  76/271  225 s each  ~12.2 h left
  77/271  225 s each  ~12.1 h left
  78/271  223 s each  ~12.0 h left
  79/271  221 s each  ~11.8 h left
  80/271  220 s each  ~11.7 h left
  81/271  218 s each  ~11.5 h left
  82/271  218 s each  ~11.4 h left
  83/271  217 s each  ~11.3 h left
  84/271  215 s each  ~11.2 h left
  85/271  215 s each  ~11.1 h left
  86/271  214 s each  ~11.0 h left
  87/271  214 s each  ~10.9 h left
  88/271  213 s each  ~10.8 h left
  89/271  213 s each  ~10.8 h left
  90/271  230 s each  ~11.6 h left
  91/271  229 s each  ~11.5 h left
  92/271  247 s each  ~12.3 h left
  93/271  245 s each  ~12.1 h left
  94/271  243 s each  ~12.0 h left
  95/271  243 s each  ~11.9 h left
  96/271  241 s each  ~11.7 h left
  97/271  240 s each  ~11.6 h left
  98/271  238 s each  ~11.4 h left
  99/271  237 s each  ~11.3 h left
  100/271  236 s each  ~11.2 h left
  101/271  237 s each  ~11.2 h left
  102/271  236 s each  ~11.1 h left
  103/271  234 s each  ~10.9 h left
  104/271  233 s each  ~10.8 h left
  105/271  233 s each  ~10.7 h left
  106/271  232 s each  ~10.7 h left
  107/271  247 s each  ~11.3 h left
  108/271  246 s each  ~11.1 h left
  109/271  245 s each  ~11.0 h left
  110/271  244 s each  ~10.9 h left
  111/271  244 s each  ~10.9 h left
  112/271  243 s each  ~10.7 h left
  113/271  243 s each  ~10.7 h left
  114/271  242 s each  ~10.6 h left
  115/271  241 s each  ~10.5 h left
  116/271  240 s each  ~10.3 h left
  117/271  239 s each  ~10.2 h left
  118/271  238 s each  ~10.1 h left
  119/271  238 s each  ~10.0 h left
  120/271  238 s each  ~10.0 h left
  121/271  237 s each  ~9.9 h left
  122/271  236 s each  ~9.8 h left
  123/271  235 s each  ~9.7 h left
  124/271  247 s each  ~10.1 h left
  125/271  246 s each  ~10.0 h left
  126/271  247 s each  ~9.9 h left
  127/271  245 s each  ~9.8 h left
  128/271  246 s each  ~9.8 h left
  129/271  245 s each  ~9.6 h left
  130/271  244 s each  ~9.6 h left
  131/271  243 s each  ~9.5 h left
  132/271  242 s each  ~9.3 h left
  133/271  242 s each  ~9.3 h left
  134/271  241 s each  ~9.2 h left
  135/271  241 s each  ~9.1 h left
  136/271  240 s each  ~9.0 h left
  137/271  239 s each  ~8.9 h left
  138/271  238 s each  ~8.8 h left
  139/271  237 s each  ~8.7 h left
  140/271  235 s each  ~8.6 h left
  141/271  234 s each  ~8.5 h left
  142/271  234 s each  ~8.4 h left
  143/271  233 s each  ~8.3 h left
  144/271  232 s each  ~8.2 h left
  145/271  232 s each  ~8.1 h left
  146/271  231 s each  ~8.0 h left
  147/271  230 s each  ~7.9 h left
  148/271  230 s each  ~7.9 h left
  149/271  230 s each  ~7.8 h left
  150/271  229 s each  ~7.7 h left
  151/271  229 s each  ~7.6 h left
  152/271  240 s each  ~7.9 h left
  153/271  240 s each  ~7.9 h left
  154/271  239 s each  ~7.8 h left
  155/271  238 s each  ~7.7 h left
  156/271  237 s each  ~7.6 h left
  157/271  247 s each  ~7.8 h left
  158/271  245 s each  ~7.7 h left
  159/271  255 s each  ~7.9 h left
  160/271  255 s each  ~7.9 h left
  161/271  254 s each  ~7.8 h left
  162/271  254 s each  ~7.7 h left
  163/271  253 s each  ~7.6 h left
  164/271  253 s each  ~7.5 h left
  165/271  253 s each  ~7.4 h left
  166/271  253 s each  ~7.4 h left
  167/271  252 s each  ~7.3 h left
  168/271  252 s each  ~7.2 h left
  169/271  251 s each  ~7.1 h left
  170/271  250 s each  ~7.0 h left
  171/271  249 s each  ~6.9 h left
  172/271  248 s each  ~6.8 h left
  173/271  247 s each  ~6.7 h left
  174/271  246 s each  ~6.6 h left
  175/271  246 s each  ~6.5 h left
  176/271  244 s each  ~6.5 h left
  177/271  244 s each  ~6.4 h left
  178/271  244 s each  ~6.3 h left
  179/271  244 s each  ~6.2 h left
  180/271  243 s each  ~6.1 h left
  181/271  243 s each  ~6.1 h left
  182/271  242 s each  ~6.0 h left
  183/271  241 s each  ~5.9 h left
  184/271  240 s each  ~5.8 h left
  185/271  239 s each  ~5.7 h left
  186/271  238 s each  ~5.6 h left
  187/271  238 s each  ~5.6 h left
  188/271  237 s each  ~5.5 h left
  189/271  237 s each  ~5.4 h left
  190/271  236 s each  ~5.3 h left
  191/271  235 s each  ~5.2 h left
  192/271  243 s each  ~5.3 h left
  193/271  243 s each  ~5.3 h left
  194/271  243 s each  ~5.2 h left
  195/271  242 s each  ~5.1 h left
  196/271  242 s each  ~5.0 h left
  197/271  242 s each  ~5.0 h left
  198/271  241 s each  ~4.9 h left
  199/271  240 s each  ~4.8 h left
  200/271  240 s each  ~4.7 h left
  201/271  240 s each  ~4.7 h left
  202/271  239 s each  ~4.6 h left
  203/271  239 s each  ~4.5 h left
  204/271  239 s each  ~4.4 h left
  205/271  238 s each  ~4.4 h left
  206/271  238 s each  ~4.3 h left
  207/271  237 s each  ~4.2 h left
  208/271  237 s each  ~4.1 h left
  209/271  236 s each  ~4.1 h left
  210/271  235 s each  ~4.0 h left
  211/271  235 s each  ~3.9 h left
  212/271  235 s each  ~3.8 h left
  213/271  234 s each  ~3.8 h left
  214/271  234 s each  ~3.7 h left
  215/271  233 s each  ~3.6 h left
  216/271  232 s each  ~3.5 h left
  217/271  232 s each  ~3.5 h left
  218/271  231 s each  ~3.4 h left
  219/271  230 s each  ~3.3 h left
  220/271  230 s each  ~3.3 h left
  221/271  229 s each  ~3.2 h left
  222/271  229 s each  ~3.1 h left
  223/271  228 s each  ~3.0 h left
  224/271  235 s each  ~3.1 h left
  225/271  235 s each  ~3.0 h left
  226/271  234 s each  ~2.9 h left
  227/271  234 s each  ~2.9 h left
  228/271  233 s each  ~2.8 h left
  229/271  233 s each  ~2.7 h left
  230/271  232 s each  ~2.6 h left
  231/271  239 s each  ~2.7 h left
  232/271  246 s each  ~2.7 h left
  233/271  246 s each  ~2.6 h left
  234/271  245 s each  ~2.5 h left
  235/271  245 s each  ~2.4 h left
  236/271  244 s each  ~2.4 h left
  237/271  243 s each  ~2.3 h left
  238/271  243 s each  ~2.2 h left
  239/271  242 s each  ~2.2 h left
  240/271  242 s each  ~2.1 h left
  241/271  242 s each  ~2.0 h left
  242/271  241 s each  ~1.9 h left
  243/271  241 s each  ~1.9 h left
  244/271  240 s each  ~1.8 h left
  245/271  240 s each  ~1.7 h left
  246/271  239 s each  ~1.7 h left
  247/271  239 s each  ~1.6 h left
  248/271  238 s each  ~1.5 h left
  249/271  238 s each  ~1.5 h left
  250/271  237 s each  ~1.4 h left
  251/271  237 s each  ~1.3 h left
  252/271  237 s each  ~1.2 h left
  253/271  236 s each  ~1.2 h left
  254/271  236 s each  ~1.1 h left
  255/271  235 s each  ~1.0 h left
  256/271  235 s each  ~1.0 h left
  257/271  234 s each  ~0.9 h left
  258/271  234 s each  ~0.8 h left
  259/271  233 s each  ~0.8 h left
  260/271  233 s each  ~0.7 h left
  261/271  233 s each  ~0.6 h left
  262/271  233 s each  ~0.6 h left
  263/271  233 s each  ~0.5 h left
  264/271  232 s each  ~0.5 h left
  265/271  231 s each  ~0.4 h left
  266/271  231 s each  ~0.3 h left
  267/271  231 s each  ~0.3 h left
  268/271  231 s each  ~0.2 h left
  269/271  231 s each  ~0.1 h left
  270/271  230 s each  ~0.1 h left
  271/271  230 s each  ~0.0 h left
DONE in 1037.4 min
