ip1 recovery (all, ALL CANDIDATES): 279 strategies this shard (box 1/3, shard 11/16), 1650 already banked
  1/279  182 s each  ~14.0 h left
  2/279  204 s each  ~15.7 h left
/opt/fx/code/l2lib.py:1856: RuntimeWarning: overflow encountered in scalar multiply
  fama[i] = .5 * al * mama[i] + (1 - .5 * al) * fama[i - 1]
/opt/fx/code/l2lib.py:1855: RuntimeWarning: overflow encountered in scalar multiply
  mama[i] = al * src[i] + (1 - al) * mama[i - 1]
/opt/fx/code/l2lib.py:1856: RuntimeWarning: invalid value encountered in scalar add
  fama[i] = .5 * al * mama[i] + (1 - .5 * al) * fama[i - 1]
/opt/fx/code/l2lib.py:1856: RuntimeWarning: overflow encountered in scalar add
  fama[i] = .5 * al * mama[i] + (1 - .5 * al) * fama[i - 1]
  3/279  183 s each  ~14.0 h left
  4/279  591 s each  ~45.1 h left
  5/279  496 s each  ~37.7 h left
  6/279  434 s each  ~32.9 h left
  7/279  394 s each  ~29.8 h left
  8/279  371 s each  ~27.9 h left
  9/279  345 s each  ~25.9 h left
  10/279  326 s each  ~24.4 h left
  11/279  303 s each  ~22.5 h left
  12/279  283 s each  ~21.0 h left
  13/279  278 s each  ~20.6 h left
  14/279  266 s each  ~19.6 h left
  15/279  261 s each  ~19.1 h left
  16/279  252 s each  ~18.4 h left
  17/279  242 s each  ~17.6 h left
  18/279  235 s each  ~17.0 h left
  19/279  229 s each  ~16.5 h left
  20/279  222 s each  ~16.0 h left
  21/279  217 s each  ~15.6 h left
  22/279  217 s each  ~15.5 h left
  23/279  212 s each  ~15.1 h left
  24/279  212 s each  ~15.0 h left
  25/279  208 s each  ~14.7 h left
  26/279  203 s each  ~14.3 h left
  27/279  204 s each  ~14.2 h left
  28/279  202 s each  ~14.1 h left
  29/279  197 s each  ~13.7 h left
  30/279  195 s each  ~13.5 h left
  31/279  194 s each  ~13.4 h left
  32/279  191 s each  ~13.1 h left
  33/279  189 s each  ~12.9 h left
  34/279  190 s each  ~12.9 h left
  35/279  189 s each  ~12.8 h left
  36/279  187 s each  ~12.6 h left
  37/279  187 s each  ~12.5 h left
  38/279  185 s each  ~12.4 h left
  39/279  183 s each  ~12.2 h left
  40/279  182 s each  ~12.1 h left
  41/279  185 s each  ~12.2 h left
  42/279  184 s each  ~12.1 h left
  43/279  183 s each  ~12.0 h left
  44/279  184 s each  ~12.0 h left
  45/279  183 s each  ~11.9 h left
  46/279  183 s each  ~11.9 h left
  47/279  182 s each  ~11.7 h left
  48/279  180 s each  ~11.6 h left
  49/279  179 s each  ~11.5 h left
  50/279  178 s each  ~11.3 h left
  51/279  177 s each  ~11.2 h left
  52/279  175 s each  ~11.1 h left
/opt/fx/code/l2pine.py:164: RuntimeWarning: invalid value encountered in divide
  return (W * w).sum(axis=1) / w.sum()
  53/279  175 s each  ~11.0 h left
  54/279  174 s each  ~10.9 h left
  55/279  175 s each  ~10.9 h left
  56/279  173 s each  ~10.7 h left
  57/279  171 s each  ~10.6 h left
  58/279  170 s each  ~10.4 h left
  59/279  196 s each  ~12.0 h left
/opt/fx/code/l2lib.py:1881: RuntimeWarning: overflow encountered in scalar multiply
  sm = r if not np.isfinite(sm) else price_smooth * r + (1 - price_smooth) * sm
/opt/fx/code/l2lib.py:1884: RuntimeWarning: overflow encountered in scalar multiply
  st = fr if not np.isfinite(st) else index_smooth * fr + (1 - index_smooth) * st
  60/279  197 s each  ~12.0 h left
  61/279  195 s each  ~11.8 h left
  62/279  194 s each  ~11.7 h left
  63/279  192 s each  ~11.5 h left
  64/279  192 s each  ~11.4 h left
  65/279  191 s each  ~11.4 h left
  66/279  190 s each  ~11.2 h left
  67/279  192 s each  ~11.3 h left
  68/279  193 s each  ~11.3 h left
  69/279  191 s each  ~11.2 h left
  70/279  192 s each  ~11.2 h left
  71/279  191 s each  ~11.0 h left
  72/279  191 s each  ~11.0 h left
  73/279  190 s each  ~10.8 h left
  74/279  188 s each  ~10.7 h left
  75/279  187 s each  ~10.6 h left
  76/279  186 s each  ~10.5 h left
  77/279  185 s each  ~10.4 h left
  78/279  185 s each  ~10.3 h left
  79/279  183 s each  ~10.2 h left
  80/279  183 s each  ~10.1 h left
  81/279  182 s each  ~10.0 h left
  82/279  181 s each  ~9.9 h left
  83/279  182 s each  ~9.9 h left
  84/279  182 s each  ~9.8 h left
  85/279  180 s each  ~9.7 h left
  86/279  179 s each  ~9.6 h left
  87/279  179 s each  ~9.6 h left
  88/279  179 s each  ~9.5 h left
  89/279  179 s each  ~9.4 h left
  90/279  178 s each  ~9.3 h left
  91/279  177 s each  ~9.2 h left
  92/279  176 s each  ~9.1 h left
  93/279  175 s each  ~9.0 h left
  94/279  195 s each  ~10.0 h left
  95/279  213 s each  ~10.9 h left
  96/279  213 s each  ~10.8 h left
  97/279  213 s each  ~10.8 h left
  98/279  213 s each  ~10.7 h left
  99/279  212 s each  ~10.6 h left
  100/279  211 s each  ~10.5 h left
  101/279  210 s each  ~10.4 h left
  102/279  209 s each  ~10.3 h left
  103/279  207 s each  ~10.1 h left
  104/279  222 s each  ~10.8 h left
  105/279  222 s each  ~10.7 h left
  106/279  222 s each  ~10.7 h left
  107/279  221 s each  ~10.6 h left
  108/279  220 s each  ~10.5 h left
  109/279  219 s each  ~10.3 h left
  110/279  218 s each  ~10.2 h left
  111/279  232 s each  ~10.8 h left
  112/279  232 s each  ~10.8 h left
  113/279  231 s each  ~10.6 h left
  114/279  229 s each  ~10.5 h left
  115/279  229 s each  ~10.4 h left
  116/279  228 s each  ~10.3 h left
  117/279  227 s each  ~10.2 h left
  118/279  226 s each  ~10.1 h left
  119/279  225 s each  ~10.0 h left
  120/279  224 s each  ~9.9 h left
  121/279  223 s each  ~9.8 h left
  122/279  223 s each  ~9.7 h left
  123/279  222 s each  ~9.6 h left
  124/279  220 s each  ~9.5 h left
  125/279  220 s each  ~9.4 h left
  126/279  233 s each  ~9.9 h left
  127/279  232 s each  ~9.8 h left
  128/279  231 s each  ~9.7 h left
  129/279  243 s each  ~10.1 h left
  130/279  243 s each  ~10.0 h left
  131/279  242 s each  ~10.0 h left
  132/279  254 s each  ~10.4 h left
  133/279  253 s each  ~10.2 h left
  134/279  251 s each  ~10.1 h left
  135/279  251 s each  ~10.0 h left
  136/279  250 s each  ~9.9 h left
  137/279  261 s each  ~10.3 h left
  138/279  260 s each  ~10.2 h left
  139/279  260 s each  ~10.1 h left
  140/279  259 s each  ~10.0 h left
  141/279  258 s each  ~9.9 h left
  142/279  257 s each  ~9.8 h left
  143/279  256 s each  ~9.7 h left
  144/279  255 s each  ~9.6 h left
  145/279  255 s each  ~9.5 h left
  146/279  255 s each  ~9.4 h left
  147/279  255 s each  ~9.3 h left
  148/279  254 s each  ~9.2 h left
  149/279  253 s each  ~9.1 h left
  150/279  253 s each  ~9.1 h left
  151/279  252 s each  ~9.0 h left
  152/279  251 s each  ~8.8 h left
  153/279  250 s each  ~8.7 h left
  154/279  249 s each  ~8.6 h left
  155/279  248 s each  ~8.6 h left
  156/279  248 s each  ~8.5 h left
  157/279  247 s each  ~8.4 h left
  158/279  246 s each  ~8.3 h left
  159/279  245 s each  ~8.2 h left
  160/279  245 s each  ~8.1 h left
  161/279  244 s each  ~8.0 h left
  162/279  243 s each  ~7.9 h left
  163/279  242 s each  ~7.8 h left
  164/279  252 s each  ~8.1 h left
  165/279  251 s each  ~8.0 h left
  166/279  250 s each  ~7.8 h left
  167/279  249 s each  ~7.8 h left
  168/279  248 s each  ~7.7 h left
  169/279  247 s each  ~7.6 h left
  170/279  246 s each  ~7.5 h left
  171/279  245 s each  ~7.4 h left
  172/279  244 s each  ~7.3 h left
  173/279  244 s each  ~7.2 h left
  174/279  243 s each  ~7.1 h left
  175/279  243 s each  ~7.0 h left
  176/279  242 s each  ~6.9 h left
  177/279  242 s each  ~6.8 h left
  178/279  241 s each  ~6.8 h left
  179/279  240 s each  ~6.7 h left
  180/279  240 s each  ~6.6 h left
  181/279  249 s each  ~6.8 h left
  182/279  248 s each  ~6.7 h left
  183/279  247 s each  ~6.6 h left
  184/279  247 s each  ~6.5 h left
  185/279  246 s each  ~6.4 h left
  186/279  245 s each  ~6.3 h left
  187/279  244 s each  ~6.2 h left
  188/279  243 s each  ~6.2 h left
  189/279  243 s each  ~6.1 h left
  190/279  242 s each  ~6.0 h left
  191/279  241 s each  ~5.9 h left
  192/279  240 s each  ~5.8 h left
  193/279  240 s each  ~5.7 h left
  194/279  240 s each  ~5.7 h left
  195/279  239 s each  ~5.6 h left
  196/279  239 s each  ~5.5 h left
  197/279  238 s each  ~5.4 h left
  198/279  238 s each  ~5.3 h left
  199/279  237 s each  ~5.3 h left
  200/279  237 s each  ~5.2 h left
  201/279  236 s each  ~5.1 h left
  202/279  236 s each  ~5.0 h left
  203/279  235 s each  ~5.0 h left
  204/279  235 s each  ~4.9 h left
  205/279  235 s each  ~4.8 h left
  206/279  234 s each  ~4.8 h left
  207/279  234 s each  ~4.7 h left
  208/279  234 s each  ~4.6 h left
  209/279  233 s each  ~4.5 h left
  210/279  233 s each  ~4.5 h left
  211/279  232 s each  ~4.4 h left
  212/279  231 s each  ~4.3 h left
  213/279  231 s each  ~4.2 h left
  214/279  231 s each  ~4.2 h left
  215/279  230 s each  ~4.1 h left
  216/279  229 s each  ~4.0 h left
  217/279  229 s each  ~3.9 h left
  218/279  228 s each  ~3.9 h left
  219/279  228 s each  ~3.8 h left
  220/279  227 s each  ~3.7 h left
  221/279  227 s each  ~3.7 h left
  222/279  226 s each  ~3.6 h left
  223/279  226 s each  ~3.5 h left
  224/279  225 s each  ~3.4 h left
  225/279  224 s each  ~3.4 h left
  226/279  224 s each  ~3.3 h left
  227/279  224 s each  ~3.2 h left
  228/279  223 s each  ~3.2 h left
  229/279  222 s each  ~3.1 h left
  230/279  222 s each  ~3.0 h left
  231/279  222 s each  ~3.0 h left
  232/279  221 s each  ~2.9 h left
  233/279  221 s each  ~2.8 h left
  234/279  220 s each  ~2.8 h left
  235/279  220 s each  ~2.7 h left
  236/279  220 s each  ~2.6 h left
  237/279  220 s each  ~2.6 h left
  238/279  219 s each  ~2.5 h left
  239/279  219 s each  ~2.4 h left
  240/279  218 s each  ~2.4 h left
  241/279  218 s each  ~2.3 h left
  242/279  217 s each  ~2.2 h left
  243/279  217 s each  ~2.2 h left
  244/279  217 s each  ~2.1 h left
  245/279  216 s each  ~2.0 h left
  246/279  216 s each  ~2.0 h left
  247/279  215 s each  ~1.9 h left
  248/279  215 s each  ~1.8 h left
  249/279  214 s each  ~1.8 h left
  250/279  214 s each  ~1.7 h left
  251/279  214 s each  ~1.7 h left
  252/279  214 s each  ~1.6 h left
  253/279  213 s each  ~1.5 h left
  254/279  213 s each  ~1.5 h left
  255/279  213 s each  ~1.4 h left
  256/279  212 s each  ~1.4 h left
  257/279  212 s each  ~1.3 h left
  258/279  212 s each  ~1.2 h left
  259/279  211 s each  ~1.2 h left
  260/279  211 s each  ~1.1 h left
  261/279  211 s each  ~1.1 h left
  262/279  211 s each  ~1.0 h left
  263/279  211 s each  ~0.9 h left
  264/279  210 s each  ~0.9 h left
  265/279  210 s each  ~0.8 h left
  266/279  209 s each  ~0.8 h left
  267/279  209 s each  ~0.7 h left
  268/279  209 s each  ~0.6 h left
  269/279  209 s each  ~0.6 h left
  270/279  208 s each  ~0.5 h left
  271/279  208 s each  ~0.5 h left
  272/279  214 s each  ~0.4 h left
  273/279  213 s each  ~0.4 h left
  274/279  219 s each  ~0.3 h left
  275/279  219 s each  ~0.2 h left
  276/279  218 s each  ~0.2 h left
  277/279  218 s each  ~0.1 h left
  278/279  218 s each  ~0.1 h left
  279/279  218 s each  ~0.0 h left
DONE in 1013.5 min
