ip1 recovery (all, ALL CANDIDATES): 273 strategies this shard (box 0/3, shard 5/16), 1650 already banked
  1/273  133 s each  ~10.0 h left
  2/273  126 s each  ~9.5 h left
  3/273  108 s each  ~8.1 h left
  4/273  544 s each  ~40.7 h left
  5/273  451 s each  ~33.5 h left
/opt/fx/code/l2lib.py:1881: RuntimeWarning: overflow encountered in scalar multiply
  sm = r if not np.isfinite(sm) else price_smooth * r + (1 - price_smooth) * sm
/opt/fx/code/l2lib.py:1884: RuntimeWarning: overflow encountered in scalar multiply
  st = fr if not np.isfinite(st) else index_smooth * fr + (1 - index_smooth) * st
  6/273  420 s each  ~31.2 h left
  7/273  384 s each  ~28.4 h left
  8/273  345 s each  ~25.4 h left
  9/273  329 s each  ~24.1 h left
  10/273  314 s each  ~22.9 h left
  11/273  452 s each  ~32.9 h left
  12/273  423 s each  ~30.7 h left
  13/273  403 s each  ~29.1 h left
  14/273  383 s each  ~27.5 h left
  15/273  365 s each  ~26.2 h left
  16/273  352 s each  ~25.2 h left
  17/273  340 s each  ~24.2 h left
  18/273  326 s each  ~23.1 h left
  19/273  313 s each  ~22.1 h left
  20/273  308 s each  ~21.7 h left
  21/273  301 s each  ~21.1 h left
  22/273  293 s each  ~20.4 h left
  23/273  285 s each  ~19.8 h left
  24/273  351 s each  ~24.3 h left
  25/273  341 s each  ~23.5 h left
  26/273  336 s each  ~23.1 h left
  27/273  330 s each  ~22.5 h left
  28/273  326 s each  ~22.2 h left
/opt/fx/code/l2lib.py:1856: RuntimeWarning: overflow encountered in scalar multiply
  fama[i] = .5 * al * mama[i] + (1 - .5 * al) * fama[i - 1]
/opt/fx/code/l2lib.py:1855: RuntimeWarning: overflow encountered in scalar multiply
  mama[i] = al * src[i] + (1 - al) * mama[i - 1]
/opt/fx/code/l2lib.py:1856: RuntimeWarning: invalid value encountered in scalar add
  fama[i] = .5 * al * mama[i] + (1 - .5 * al) * fama[i - 1]
/opt/fx/code/l2lib.py:1856: RuntimeWarning: overflow encountered in scalar add
  fama[i] = .5 * al * mama[i] + (1 - .5 * al) * fama[i - 1]
  29/273  318 s each  ~21.6 h left
  30/273  311 s each  ~21.0 h left
  31/273  303 s each  ~20.4 h left
  32/273  352 s each  ~23.5 h left
  33/273  346 s each  ~23.0 h left
  34/273  341 s each  ~22.6 h left
  35/273  337 s each  ~22.3 h left
  36/273  337 s each  ~22.2 h left
  37/273  332 s each  ~21.8 h left
  38/273  327 s each  ~21.3 h left
  39/273  321 s each  ~20.9 h left
  40/273  318 s each  ~20.6 h left
  41/273  313 s each  ~20.2 h left
  42/273  308 s each  ~19.8 h left
  43/273  305 s each  ~19.5 h left
  44/273  302 s each  ~19.2 h left
  45/273  301 s each  ~19.1 h left
  46/273  299 s each  ~18.8 h left
  47/273  294 s each  ~18.5 h left
  48/273  294 s each  ~18.4 h left
  49/273  293 s each  ~18.2 h left
  50/273  288 s each  ~17.8 h left
  51/273  287 s each  ~17.7 h left
  52/273  284 s each  ~17.5 h left
  53/273  283 s each  ~17.3 h left
  54/273  280 s each  ~17.0 h left
  55/273  277 s each  ~16.7 h left
  56/273  274 s each  ~16.5 h left
  57/273  271 s each  ~16.3 h left
  58/273  300 s each  ~17.9 h left
  59/273  297 s each  ~17.6 h left
  60/273  294 s each  ~17.4 h left
  61/273  292 s each  ~17.2 h left
  62/273  289 s each  ~16.9 h left
  63/273  286 s each  ~16.7 h left
  64/273  283 s each  ~16.4 h left
  65/273  280 s each  ~16.2 h left
  66/273  277 s each  ~15.9 h left
  67/273  275 s each  ~15.7 h left
  68/273  273 s each  ~15.6 h left
  69/273  271 s each  ~15.4 h left
  70/273  269 s each  ~15.2 h left
  71/273  267 s each  ~15.0 h left
  72/273  266 s each  ~14.8 h left
  73/273  264 s each  ~14.6 h left
  74/273  262 s each  ~14.5 h left
  75/273  262 s each  ~14.4 h left
  76/273  259 s each  ~14.2 h left
  77/273  259 s each  ~14.1 h left
  78/273  258 s each  ~14.0 h left
  79/273  256 s each  ~13.8 h left
  80/273  254 s each  ~13.6 h left
  81/273  252 s each  ~13.5 h left
  82/273  251 s each  ~13.3 h left
/opt/fx/code/l2pine.py:164: RuntimeWarning: invalid value encountered in divide
  return (W * w).sum(axis=1) / w.sum()
  83/273  249 s each  ~13.1 h left
  84/273  246 s each  ~12.9 h left
  85/273  244 s each  ~12.7 h left
  86/273  243 s each  ~12.6 h left
  87/273  261 s each  ~13.5 h left
  88/273  260 s each  ~13.4 h left
  89/273  258 s each  ~13.2 h left
  90/273  256 s each  ~13.0 h left
  91/273  256 s each  ~12.9 h left
  92/273  254 s each  ~12.8 h left
  93/273  253 s each  ~12.6 h left
  94/273  252 s each  ~12.5 h left
  95/273  250 s each  ~12.3 h left
  96/273  249 s each  ~12.2 h left
  97/273  247 s each  ~12.1 h left
  98/273  246 s each  ~11.9 h left
  99/273  244 s each  ~11.8 h left
  100/273  243 s each  ~11.7 h left
  101/273  242 s each  ~11.6 h left
  102/273  241 s each  ~11.4 h left
  103/273  240 s each  ~11.3 h left
  104/273  238 s each  ~11.2 h left
  105/273  237 s each  ~11.0 h left
  106/273  235 s each  ~10.9 h left
  107/273  249 s each  ~11.5 h left
  108/273  248 s each  ~11.4 h left
  109/273  248 s each  ~11.3 h left
  110/273  247 s each  ~11.2 h left
  111/273  247 s each  ~11.1 h left
  112/273  246 s each  ~11.0 h left
  113/273  244 s each  ~10.9 h left
  114/273  258 s each  ~11.4 h left
  115/273  257 s each  ~11.3 h left
  116/273  256 s each  ~11.2 h left
  117/273  255 s each  ~11.0 h left
  118/273  254 s each  ~10.9 h left
  119/273  253 s each  ~10.8 h left
  120/273  252 s each  ~10.7 h left
  121/273  251 s each  ~10.6 h left
  122/273  250 s each  ~10.5 h left
  123/273  249 s each  ~10.4 h left
  124/273  248 s each  ~10.3 h left
  125/273  248 s each  ~10.2 h left
  126/273  247 s each  ~10.1 h left
  127/273  246 s each  ~10.0 h left
  128/273  246 s each  ~9.9 h left
  129/273  244 s each  ~9.8 h left
  130/273  243 s each  ~9.6 h left
  131/273  242 s each  ~9.5 h left
  132/273  240 s each  ~9.4 h left
  133/273  239 s each  ~9.3 h left
  134/273  238 s each  ~9.2 h left
  135/273  239 s each  ~9.1 h left
  136/273  251 s each  ~9.6 h left
  137/273  250 s each  ~9.4 h left
  138/273  248 s each  ~9.3 h left
  139/273  247 s each  ~9.2 h left
  140/273  246 s each  ~9.1 h left
  141/273  245 s each  ~9.0 h left
  142/273  245 s each  ~8.9 h left
  143/273  244 s each  ~8.8 h left
  144/273  242 s each  ~8.7 h left
  145/273  242 s each  ~8.6 h left
  146/273  241 s each  ~8.5 h left
  147/273  240 s each  ~8.4 h left
  148/273  240 s each  ~8.3 h left
  149/273  240 s each  ~8.3 h left
  150/273  239 s each  ~8.2 h left
  151/273  238 s each  ~8.1 h left
  152/273  237 s each  ~8.0 h left
  153/273  237 s each  ~7.9 h left
  154/273  237 s each  ~7.8 h left
  155/273  236 s each  ~7.7 h left
  156/273  236 s each  ~7.7 h left
  157/273  235 s each  ~7.6 h left
  158/273  234 s each  ~7.5 h left
  159/273  234 s each  ~7.4 h left
  160/273  233 s each  ~7.3 h left
  161/273  232 s each  ~7.2 h left
  162/273  231 s each  ~7.1 h left
  163/273  231 s each  ~7.1 h left
  164/273  231 s each  ~7.0 h left
  165/273  231 s each  ~6.9 h left
  166/273  230 s each  ~6.8 h left
  167/273  229 s each  ~6.7 h left
  168/273  228 s each  ~6.7 h left
  169/273  228 s each  ~6.6 h left
  170/273  228 s each  ~6.5 h left
  171/273  227 s each  ~6.4 h left
  172/273  228 s each  ~6.4 h left
  173/273  227 s each  ~6.3 h left
  174/273  227 s each  ~6.2 h left
  175/273  227 s each  ~6.2 h left
  176/273  226 s each  ~6.1 h left
  177/273  226 s each  ~6.0 h left
  178/273  225 s each  ~5.9 h left
  179/273  225 s each  ~5.9 h left
  180/273  224 s each  ~5.8 h left
  181/273  224 s each  ~5.7 h left
  182/273  224 s each  ~5.7 h left
  183/273  224 s each  ~5.6 h left
  184/273  233 s each  ~5.8 h left
  185/273  232 s each  ~5.7 h left
  186/273  232 s each  ~5.6 h left
  187/273  232 s each  ~5.5 h left
  188/273  231 s each  ~5.5 h left
  189/273  230 s each  ~5.4 h left
  190/273  229 s each  ~5.3 h left
  191/273  238 s each  ~5.4 h left
  192/273  237 s each  ~5.3 h left
  193/273  236 s each  ~5.3 h left
  194/273  236 s each  ~5.2 h left
  195/273  236 s each  ~5.1 h left
  196/273  236 s each  ~5.0 h left
  197/273  235 s each  ~5.0 h left
  198/273  235 s each  ~4.9 h left
  199/273  234 s each  ~4.8 h left
  200/273  233 s each  ~4.7 h left
  201/273  233 s each  ~4.7 h left
  202/273  232 s each  ~4.6 h left
  203/273  232 s each  ~4.5 h left
  204/273  231 s each  ~4.4 h left
  205/273  231 s each  ~4.4 h left
  206/273  230 s each  ~4.3 h left
  207/273  239 s each  ~4.4 h left
  208/273  239 s each  ~4.3 h left
  209/273  238 s each  ~4.2 h left
  210/273  238 s each  ~4.2 h left
  211/273  238 s each  ~4.1 h left
  212/273  238 s each  ~4.0 h left
  213/273  237 s each  ~4.0 h left
  214/273  237 s each  ~3.9 h left
  215/273  236 s each  ~3.8 h left
  216/273  236 s each  ~3.7 h left
  217/273  235 s each  ~3.7 h left
  218/273  235 s each  ~3.6 h left
  219/273  234 s each  ~3.5 h left
  220/273  234 s each  ~3.4 h left
  221/273  233 s each  ~3.4 h left
  222/273  233 s each  ~3.3 h left
  223/273  233 s each  ~3.2 h left
  224/273  232 s each  ~3.2 h left
  225/273  232 s each  ~3.1 h left
  226/273  231 s each  ~3.0 h left
  227/273  231 s each  ~3.0 h left
  228/273  231 s each  ~2.9 h left
  229/273  230 s each  ~2.8 h left
  230/273  230 s each  ~2.7 h left
  231/273  230 s each  ~2.7 h left
  232/273  229 s each  ~2.6 h left
  233/273  229 s each  ~2.5 h left
  234/273  229 s each  ~2.5 h left
  235/273  229 s each  ~2.4 h left
  236/273  229 s each  ~2.3 h left
  237/273  228 s each  ~2.3 h left
  238/273  228 s each  ~2.2 h left
  239/273  227 s each  ~2.1 h left
  240/273  227 s each  ~2.1 h left
  241/273  227 s each  ~2.0 h left
  242/273  227 s each  ~2.0 h left
  243/273  233 s each  ~1.9 h left
  244/273  233 s each  ~1.9 h left
  245/273  232 s each  ~1.8 h left
  246/273  232 s each  ~1.7 h left
  247/273  232 s each  ~1.7 h left
  248/273  232 s each  ~1.6 h left
  249/273  232 s each  ~1.5 h left
  250/273  232 s each  ~1.5 h left
  251/273  231 s each  ~1.4 h left
  252/273  231 s each  ~1.3 h left
  253/273  230 s each  ~1.3 h left
  254/273  230 s each  ~1.2 h left
  255/273  230 s each  ~1.1 h left
  256/273  230 s each  ~1.1 h left
  257/273  230 s each  ~1.0 h left
  258/273  230 s each  ~1.0 h left
  259/273  229 s each  ~0.9 h left
  260/273  229 s each  ~0.8 h left
  261/273  228 s each  ~0.8 h left
  262/273  228 s each  ~0.7 h left
  263/273  228 s each  ~0.6 h left
  264/273  227 s each  ~0.6 h left
  265/273  227 s each  ~0.5 h left
  266/273  227 s each  ~0.4 h left
  267/273  227 s each  ~0.4 h left
  268/273  226 s each  ~0.3 h left
  269/273  226 s each  ~0.3 h left
  270/273  226 s each  ~0.2 h left
  271/273  226 s each  ~0.1 h left
  272/273  226 s each  ~0.1 h left
  273/273  226 s each  ~0.0 h left
DONE in 1028.9 min
