2026-09-07 19:08:45 armed: low=400M high=700M
2026-09-07 22:38:03 swap free 376M < 400M -- stopping shard 8 (pid 81112)
2026-09-07 22:38:08 stopped shards: 8 ; live now 8
2026-09-07 23:07:10 swap free 706M > 700M -- restarting shard 8 (resumes from bank)
2026-09-07 23:18:11 swap free 359M < 400M -- stopping shard 8 (pid 84914)
2026-09-07 23:18:16 stopped shards: 8 ; live now 8
2026-09-07 23:19:16 swap free 359M < 400M -- stopping shard 7 (pid 81111)
2026-09-07 23:19:21 stopped shards: 8 7 ; live now 7
2026-09-07 23:20:21 swap free 367M < 400M -- stopping shard 6 (pid 81110)
2026-09-07 23:20:26 stopped shards: 8 7 6 ; live now 6
2026-09-08 00:21:29 swap free 719M > 700M -- restarting shard 8 (resumes from bank)
2026-09-08 00:22:29 swap free 719M > 700M -- restarting shard 7 (resumes from bank)
2026-09-08 00:23:29 swap free 719M > 700M -- restarting shard 6 (resumes from bank)
2026-09-08 00:41:30 swap free 399M < 400M -- stopping shard 6 (pid 94884)
2026-09-08 00:41:35 stopped shards: 6 ; live now 8
2026-09-08 01:07:37 swap free 802M > 700M -- restarting shard 6 (resumes from bank)
2026-09-08 10:31:32 armed: low=400M high=700M
2026-09-08 15:10:08 swap free 0M < 400M -- stopping shard 5 (pid 81109)
2026-09-08 15:11:03 stopped shards: 5 ; live now 8
2026-09-08 15:12:03 swap free 1661M > 700M -- restarting shard 5 (resumes from bank)
2026-09-08 22:04:44 swap free 299M < 400M -- stopping shard 4 (pid 81108)
2026-09-08 22:04:49 stopped shards: 4 ; live now 7
2026-09-08 22:05:50 swap free 1275M > 700M -- restarting shard 4 (resumes from bank)
2026-09-08 22:22:52 swap free 368M < 400M -- stopping shard 3 (pid 81107)
2026-09-08 22:22:57 stopped shards: 3 ; live now 7
2026-09-08 22:30:57 swap free 792M > 700M -- restarting shard 3 (resumes from bank)
2026-09-08 22:36:57 swap free 379M < 400M -- stopping shard 2 (pid 81106)
2026-09-08 22:37:03 stopped shards: 2 ; live now 7
2026-09-08 22:40:03 swap free 740M > 700M -- restarting shard 2 (resumes from bank)
2026-09-08 22:44:03 swap free 360M < 400M -- stopping shard 1 (pid 81105)
2026-09-08 22:44:08 stopped shards: 1 ; live now 7
2026-09-08 22:59:09 swap free 279M < 400M -- stopping shard 0 (pid 81104)
2026-09-08 22:59:14 stopped shards: 1 0 ; live now 6
2026-09-08 23:00:14 swap free 319M < 400M -- stopping shard 8 (pid 63336)
2026-09-08 23:00:19 stopped shards: 1 0 8 ; live now 5
2026-09-08 23:01:20 swap free 399M < 400M -- stopping shard 7 (pid 63335)
2026-09-08 23:01:25 stopped shards: 1 0 8 7 ; live now 4
2026-09-08 23:02:25 swap free 399M < 400M -- stopping shard 6 (pid 63334)
2026-09-08 23:02:30 stopped shards: 1 0 8 7 6 ; live now 3
2026-09-08 23:04:30 swap free 1129M > 700M -- restarting shard 1 (resumes from bank)
2026-09-08 23:05:30 swap free 1177M > 700M -- restarting shard 0 (resumes from bank)
2026-09-08 23:06:30 swap free 1193M > 700M -- restarting shard 8 (resumes from bank)
2026-09-08 23:07:30 swap free 986M > 700M -- restarting shard 7 (resumes from bank)
2026-09-08 23:08:30 swap free 856M > 700M -- restarting shard 6 (resumes from bank)
2026-09-09 10:03:17 swap free 375M < 400M -- stopping shard 6 (pid 52534)
2026-09-09 10:03:22 stopped shards: 6 ; live now 7
2026-09-09 10:06:22 swap free 759M > 700M -- restarting shard 6 (resumes from bank)
2026-09-09 10:25:24 swap free 322M < 400M -- stopping shard 7 (pid 52400)
2026-09-09 10:25:29 stopped shards: 7 ; live now 7
2026-09-09 10:31:35 swap free 710M > 700M -- restarting shard 7 (resumes from bank)
2026-09-09 10:32:35 swap free 1279M > 700M -- restarting shard 8 (resumes from bank)
2026-09-09 11:02:39 swap free 304M < 400M -- stopping shard 0 (pid 52109)
2026-09-09 11:02:44 stopped shards: 0 ; live now 7
2026-09-09 11:07:45 swap free 259M < 400M -- stopping shard 1 (pid 51972)
2026-09-09 11:07:50 stopped shards: 0 1 ; live now 6
2026-09-09 11:08:51 swap free 307M < 400M -- stopping shard 2 (pid 48729)
2026-09-09 11:08:56 stopped shards: 0 1 2 ; live now 5
2026-09-09 11:09:56 swap free 355M < 400M -- stopping shard 3 (pid 47717)
2026-09-09 11:10:01 stopped shards: 0 1 2 3 ; live now 4
2026-09-09 11:33:02 swap free 731M > 700M -- restarting shard 0 (resumes from bank)
2026-09-09 11:34:02 swap free 771M > 700M -- restarting shard 1 (resumes from bank)
2026-09-09 11:40:02 swap free 313M < 400M -- stopping shard 4 (pid 44846)
2026-09-09 11:40:07 stopped shards:2 3 4 ; live now 5
2026-09-09 11:41:07 swap free 321M < 400M -- stopping shard 1 (pid 42385)
2026-09-09 11:41:12 stopped shards:2 3 4 1 ; live now 4
2026-09-09 11:42:12 swap free 385M < 400M -- stopping shard 0 (pid 42254)
2026-09-09 11:42:17 stopped shards:2 3 4 1 0 ; live now 3
2026-09-09 12:05:18 swap free 814M > 700M -- restarting shard 2 (resumes from bank)
2026-09-09 12:06:18 swap free 705M > 700M -- restarting shard 3 (resumes from bank)
2026-09-09 12:10:19 swap free 392M < 400M -- stopping shard 3 (pid 46345)
2026-09-09 12:10:24 stopped shards:4 1 0 3 ; live now 4
2026-09-09 12:27:24 swap free 1186M > 700M -- restarting shard 4 (resumes from bank)
2026-09-09 12:28:24 swap free 1202M > 700M -- restarting shard 1 (resumes from bank)
2026-09-09 12:29:24 swap free 1218M > 700M -- restarting shard 0 (resumes from bank)
2026-09-09 12:30:24 swap free 1218M > 700M -- restarting shard 3 (resumes from bank)
2026-09-10 05:27:13 no shards left; standing down
