GATE 3 FINE-TUNE starting 2026-09-06 23:48:29
  widened risk grid: 363 points per coordinate-descent sweep (was 193, 1.88x)
  population 5135, banked 0, to fine-tune 571 (shard 2/9)
/Users/jackcuster/Documents/fx-data/code/l2lib.py:1881: RuntimeWarning: overflow encountered in scalar multiply
  sm = r if not np.isfinite(sm) else price_smooth * r + (1 - price_smooth) * sm
/Users/jackcuster/Documents/fx-data/code/l2lib.py:1884: RuntimeWarning: overflow encountered in scalar multiply
  st = fr if not np.isfinite(st) else index_smooth * fr + (1 - index_smooth) * st
    25/571  181.5 s/strategy  | 5110 left -> 258 h -> 2026-09-17
/Users/jackcuster/Documents/fx-data/code/l2lib.py:1856: RuntimeWarning: overflow encountered in scalar multiply
  fama[i] = .5 * al * mama[i] + (1 - .5 * al) * fama[i - 1]
/Users/jackcuster/Documents/fx-data/code/l2lib.py:1855: RuntimeWarning: overflow encountered in scalar multiply
  mama[i] = al * src[i] + (1 - al) * mama[i - 1]
/Users/jackcuster/Documents/fx-data/code/l2lib.py:1856: RuntimeWarning: invalid value encountered in scalar add
  fama[i] = .5 * al * mama[i] + (1 - .5 * al) * fama[i - 1]
/Users/jackcuster/Documents/fx-data/code/l2lib.py:1856: RuntimeWarning: overflow encountered in scalar add
  fama[i] = .5 * al * mama[i] + (1 - .5 * al) * fama[i - 1]
    50/571  230.6 s/strategy  | 5085 left -> 326 h -> 2026-09-20
/Users/jackcuster/Documents/fx-data/code/l2pine.py:164: RuntimeWarning: invalid value encountered in divide
  return (W * w).sum(axis=1) / w.sum()
    75/571  231.6 s/strategy  | 5060 left -> 326 h -> 2026-09-20
   100/571  229.9 s/strategy  | 5035 left -> 321 h -> 2026-09-20
   125/571  238.5 s/strategy  | 5010 left -> 332 h -> 2026-09-21
   150/571  251.3 s/strategy  | 4985 left -> 348 h -> 2026-09-21
