GATE 2 mode C trend: 554,422 combinations, 22126 chunks queued, 3 workers
/Users/jackcuster/Documents/fx-data/code/l2tune.py:707: DtypeWarning: Columns (39) have mixed types. Specify dtype option on import or set low_memory=False.
  d = pd.read_csv(x)
/Users/jackcuster/Documents/fx-data/code/l2tune.py:707: DtypeWarning: Columns (39) have mixed types. Specify dtype option on import or set low_memory=False.
  d = pd.read_csv(x)
/Users/jackcuster/Documents/fx-data/code/l2tune.py:707: DtypeWarning: Columns (39) have mixed types. Specify dtype option on import or set low_memory=False.
  d = pd.read_csv(x)
/Users/jackcuster/Documents/fx-data/code/l2lib.py:1856: RuntimeWarning: overflow encountered in scalar multiply
  fama[i] = .5 * al * mama[i] + (1 - .5 * al) * fama[i - 1]
/Users/jackcuster/Documents/fx-data/code/l2lib.py:1855: RuntimeWarning: overflow encountered in scalar multiply
  mama[i] = al * src[i] + (1 - al) * mama[i - 1]
/Users/jackcuster/Documents/fx-data/code/l2lib.py:1856: RuntimeWarning: invalid value encountered in scalar add
  fama[i] = .5 * al * mama[i] + (1 - .5 * al) * fama[i - 1]
/Users/jackcuster/Documents/fx-data/code/l2lib.py:1856: RuntimeWarning: overflow encountered in scalar add
  fama[i] = .5 * al * mama[i] + (1 - .5 * al) * fama[i - 1]
/Users/jackcuster/Documents/fx-data/code/l2lib.py:1884: RuntimeWarning: overflow encountered in scalar multiply
  st = fr if not np.isfinite(st) else index_smooth * fr + (1 - index_smooth) * st
/Users/jackcuster/Documents/fx-data/code/l2lib.py:1881: RuntimeWarning: overflow encountered in scalar multiply
  sm = r if not np.isfinite(sm) else price_smooth * r + (1 - price_smooth) * sm
/Users/jackcuster/Documents/fx-data/code/l2lib.py:1856: RuntimeWarning: overflow encountered in scalar multiply
  fama[i] = .5 * al * mama[i] + (1 - .5 * al) * fama[i - 1]
/Users/jackcuster/Documents/fx-data/code/l2lib.py:1855: RuntimeWarning: overflow encountered in scalar multiply
  mama[i] = al * src[i] + (1 - al) * mama[i - 1]
/Users/jackcuster/Documents/fx-data/code/l2lib.py:1856: RuntimeWarning: invalid value encountered in scalar add
  fama[i] = .5 * al * mama[i] + (1 - .5 * al) * fama[i - 1]
/Users/jackcuster/Documents/fx-data/code/l2lib.py:1856: RuntimeWarning: overflow encountered in scalar add
  fama[i] = .5 * al * mama[i] + (1 - .5 * al) * fama[i - 1]
/Users/jackcuster/Documents/fx-data/code/l2lib.py:1884: RuntimeWarning: overflow encountered in scalar multiply
  st = fr if not np.isfinite(st) else index_smooth * fr + (1 - index_smooth) * st
/Users/jackcuster/Documents/fx-data/code/l2lib.py:1881: RuntimeWarning: overflow encountered in scalar multiply
  sm = r if not np.isfinite(sm) else price_smooth * r + (1 - price_smooth) * sm
/Users/jackcuster/Documents/fx-data/code/l2lib.py:1856: RuntimeWarning: overflow encountered in scalar multiply
  fama[i] = .5 * al * mama[i] + (1 - .5 * al) * fama[i - 1]
/Users/jackcuster/Documents/fx-data/code/l2lib.py:1855: RuntimeWarning: overflow encountered in scalar multiply
  mama[i] = al * src[i] + (1 - al) * mama[i - 1]
/Users/jackcuster/Documents/fx-data/code/l2lib.py:1856: RuntimeWarning: invalid value encountered in scalar add
  fama[i] = .5 * al * mama[i] + (1 - .5 * al) * fama[i - 1]
/Users/jackcuster/Documents/fx-data/code/l2lib.py:1856: RuntimeWarning: overflow encountered in scalar add
  fama[i] = .5 * al * mama[i] + (1 - .5 * al) * fama[i - 1]
/Users/jackcuster/Documents/fx-data/code/l2lib.py:1884: RuntimeWarning: overflow encountered in scalar multiply
  st = fr if not np.isfinite(st) else index_smooth * fr + (1 - index_smooth) * st
/Users/jackcuster/Documents/fx-data/code/l2lib.py:1881: RuntimeWarning: overflow encountered in scalar multiply
  sm = r if not np.isfinite(sm) else price_smooth * r + (1 - price_smooth) * sm
  [C trend] chunk 22166    25 combos  5901.1 s  hit 92.3%  crossed   3  |  1,297/554,422 done, 1.6 engine-h spent, ~699 engine-h left
  [C trend] chunk 22165    25 combos  6110.8 s  hit 91.9%  crossed   1  |  1,322/554,422 done, 3.3 engine-h spent, ~1396 engine-h left
  [C trend] chunk 22164    25 combos  6809.1 s  hit 91.5%  crossed   1  |  1,347/554,422 done, 5.2 engine-h spent, ~2147 engine-h left
/Users/jackcuster/Documents/fx-data/code/l2lib.py:1884: RuntimeWarning: overflow encountered in scalar multiply
  st = fr if not np.isfinite(st) else index_smooth * fr + (1 - index_smooth) * st
/Users/jackcuster/Documents/fx-data/code/l2lib.py:1881: RuntimeWarning: overflow encountered in scalar multiply
  sm = r if not np.isfinite(sm) else price_smooth * r + (1 - price_smooth) * sm
  [C trend] chunk 22161    25 combos  5471.7 s  hit 91.9%  crossed   0  |  1,372/554,422 done, 6.8 engine-h spent, ~2720 engine-h left
/Users/jackcuster/Documents/fx-data/code/l2lib.py:1884: RuntimeWarning: overflow encountered in scalar multiply
  st = fr if not np.isfinite(st) else index_smooth * fr + (1 - index_smooth) * st
/Users/jackcuster/Documents/fx-data/code/l2lib.py:1881: RuntimeWarning: overflow encountered in scalar multiply
  sm = r if not np.isfinite(sm) else price_smooth * r + (1 - price_smooth) * sm
  [C trend] chunk 22163    25 combos  6620.0 s  hit 91.4%  crossed   7  |  1,397/554,422 done, 8.6 engine-h spent, ~3399 engine-h left
/Users/jackcuster/Documents/fx-data/code/l2lib.py:1856: RuntimeWarning: overflow encountered in scalar multiply
  fama[i] = .5 * al * mama[i] + (1 - .5 * al) * fama[i - 1]
/Users/jackcuster/Documents/fx-data/code/l2lib.py:1855: RuntimeWarning: overflow encountered in scalar multiply
  mama[i] = al * src[i] + (1 - al) * mama[i - 1]
/Users/jackcuster/Documents/fx-data/code/l2lib.py:1856: RuntimeWarning: invalid value encountered in scalar add
  fama[i] = .5 * al * mama[i] + (1 - .5 * al) * fama[i - 1]
/Users/jackcuster/Documents/fx-data/code/l2lib.py:1856: RuntimeWarning: overflow encountered in scalar add
  fama[i] = .5 * al * mama[i] + (1 - .5 * al) * fama[i - 1]
  [C trend] chunk 22162    25 combos  7808.0 s  hit 91.3%  crossed   2  |  1,422/554,422 done, 10.8 engine-h spent, ~4183 engine-h left
/Users/jackcuster/Documents/fx-data/code/l2lib.py:1884: RuntimeWarning: overflow encountered in scalar multiply
  st = fr if not np.isfinite(st) else index_smooth * fr + (1 - index_smooth) * st
/Users/jackcuster/Documents/fx-data/code/l2lib.py:1881: RuntimeWarning: overflow encountered in scalar multiply
  sm = r if not np.isfinite(sm) else price_smooth * r + (1 - price_smooth) * sm
/Users/jackcuster/Documents/fx-data/code/l2lib.py:1884: RuntimeWarning: overflow encountered in scalar multiply
  st = fr if not np.isfinite(st) else index_smooth * fr + (1 - index_smooth) * st
/Users/jackcuster/Documents/fx-data/code/l2lib.py:1881: RuntimeWarning: overflow encountered in scalar multiply
  sm = r if not np.isfinite(sm) else price_smooth * r + (1 - price_smooth) * sm
/Users/jackcuster/Documents/fx-data/code/l2lib.py:1856: RuntimeWarning: overflow encountered in scalar multiply
  fama[i] = .5 * al * mama[i] + (1 - .5 * al) * fama[i - 1]
/Users/jackcuster/Documents/fx-data/code/l2lib.py:1855: RuntimeWarning: overflow encountered in scalar multiply
  mama[i] = al * src[i] + (1 - al) * mama[i - 1]
/Users/jackcuster/Documents/fx-data/code/l2lib.py:1856: RuntimeWarning: invalid value encountered in scalar add
  fama[i] = .5 * al * mama[i] + (1 - .5 * al) * fama[i - 1]
/Users/jackcuster/Documents/fx-data/code/l2lib.py:1856: RuntimeWarning: overflow encountered in scalar add
  fama[i] = .5 * al * mama[i] + (1 - .5 * al) * fama[i - 1]
/Users/jackcuster/Documents/fx-data/code/l2lib.py:1884: RuntimeWarning: overflow encountered in scalar multiply
  st = fr if not np.isfinite(st) else index_smooth * fr + (1 - index_smooth) * st
/Users/jackcuster/Documents/fx-data/code/l2lib.py:1881: RuntimeWarning: overflow encountered in scalar multiply
  sm = r if not np.isfinite(sm) else price_smooth * r + (1 - price_smooth) * sm
/Users/jackcuster/Documents/fx-data/code/l2lib.py:1856: RuntimeWarning: overflow encountered in scalar multiply
  fama[i] = .5 * al * mama[i] + (1 - .5 * al) * fama[i - 1]
/Users/jackcuster/Documents/fx-data/code/l2lib.py:1855: RuntimeWarning: overflow encountered in scalar multiply
  mama[i] = al * src[i] + (1 - al) * mama[i - 1]
/Users/jackcuster/Documents/fx-data/code/l2lib.py:1856: RuntimeWarning: invalid value encountered in scalar add
  fama[i] = .5 * al * mama[i] + (1 - .5 * al) * fama[i - 1]
/Users/jackcuster/Documents/fx-data/code/l2lib.py:1856: RuntimeWarning: overflow encountered in scalar add
  fama[i] = .5 * al * mama[i] + (1 - .5 * al) * fama[i - 1]
/Users/jackcuster/Documents/fx-data/code/l2lib.py:1856: RuntimeWarning: overflow encountered in scalar multiply
  fama[i] = .5 * al * mama[i] + (1 - .5 * al) * fama[i - 1]
/Users/jackcuster/Documents/fx-data/code/l2lib.py:1855: RuntimeWarning: overflow encountered in scalar multiply
  mama[i] = al * src[i] + (1 - al) * mama[i - 1]
/Users/jackcuster/Documents/fx-data/code/l2lib.py:1856: RuntimeWarning: invalid value encountered in scalar add
  fama[i] = .5 * al * mama[i] + (1 - .5 * al) * fama[i - 1]
/Users/jackcuster/Documents/fx-data/code/l2lib.py:1856: RuntimeWarning: overflow encountered in scalar add
  fama[i] = .5 * al * mama[i] + (1 - .5 * al) * fama[i - 1]
  [C trend] chunk 22160    25 combos  6223.2 s  hit 92.0%  crossed   3  |  1,447/554,422 done, 12.5 engine-h spent, ~4771 engine-h left
/Users/jackcuster/Documents/fx-data/code/l2lib.py:1856: RuntimeWarning: overflow encountered in scalar multiply
  fama[i] = .5 * al * mama[i] + (1 - .5 * al) * fama[i - 1]
/Users/jackcuster/Documents/fx-data/code/l2lib.py:1855: RuntimeWarning: overflow encountered in scalar multiply
  mama[i] = al * src[i] + (1 - al) * mama[i - 1]
/Users/jackcuster/Documents/fx-data/code/l2lib.py:1856: RuntimeWarning: invalid value encountered in scalar add
  fama[i] = .5 * al * mama[i] + (1 - .5 * al) * fama[i - 1]
/Users/jackcuster/Documents/fx-data/code/l2lib.py:1856: RuntimeWarning: overflow encountered in scalar add
  fama[i] = .5 * al * mama[i] + (1 - .5 * al) * fama[i - 1]
  [C trend] chunk 22159    25 combos  7110.3 s  hit 91.6%  crossed   4  |  1,472/554,422 done, 14.5 engine-h spent, ~5432 engine-h left
  [C trend] chunk 22158    25 combos  5994.1 s  hit 91.9%  crossed   1  |  1,497/554,422 done, 16.1 engine-h spent, ~5956 engine-h left
  [C trend] chunk 22157    25 combos  5742.6 s  hit 91.9%  crossed   5  |  1,522/554,422 done, 17.7 engine-h spent, ~6437 engine-h left
/Users/jackcuster/Documents/fx-data/code/l2lib.py:1884: RuntimeWarning: overflow encountered in scalar multiply
  st = fr if not np.isfinite(st) else index_smooth * fr + (1 - index_smooth) * st
/Users/jackcuster/Documents/fx-data/code/l2lib.py:1881: RuntimeWarning: overflow encountered in scalar multiply
  sm = r if not np.isfinite(sm) else price_smooth * r + (1 - price_smooth) * sm
/Users/jackcuster/Documents/fx-data/code/l2lib.py:1856: RuntimeWarning: overflow encountered in scalar multiply
  fama[i] = .5 * al * mama[i] + (1 - .5 * al) * fama[i - 1]
/Users/jackcuster/Documents/fx-data/code/l2lib.py:1855: RuntimeWarning: overflow encountered in scalar multiply
  mama[i] = al * src[i] + (1 - al) * mama[i - 1]
/Users/jackcuster/Documents/fx-data/code/l2lib.py:1856: RuntimeWarning: invalid value encountered in scalar add
  fama[i] = .5 * al * mama[i] + (1 - .5 * al) * fama[i - 1]
/Users/jackcuster/Documents/fx-data/code/l2lib.py:1856: RuntimeWarning: overflow encountered in scalar add
  fama[i] = .5 * al * mama[i] + (1 - .5 * al) * fama[i - 1]
/Users/jackcuster/Documents/fx-data/code/l2lib.py:1884: RuntimeWarning: overflow encountered in scalar multiply
  st = fr if not np.isfinite(st) else index_smooth * fr + (1 - index_smooth) * st
/Users/jackcuster/Documents/fx-data/code/l2lib.py:1881: RuntimeWarning: overflow encountered in scalar multiply
  sm = r if not np.isfinite(sm) else price_smooth * r + (1 - price_smooth) * sm
  [C trend] chunk 22156    25 combos  11573.1 s  hit 91.6%  crossed  12  |  1,547/554,422 done, 20.9 engine-h spent, ~7482 engine-h left
/Users/jackcuster/Documents/fx-data/code/l2lib.py:1884: RuntimeWarning: overflow encountered in scalar multiply
  st = fr if not np.isfinite(st) else index_smooth * fr + (1 - index_smooth) * st
/Users/jackcuster/Documents/fx-data/code/l2lib.py:1881: RuntimeWarning: overflow encountered in scalar multiply
  sm = r if not np.isfinite(sm) else price_smooth * r + (1 - price_smooth) * sm
  [C trend] chunk 22155    25 combos  12393.8 s  hit 91.8%  crossed   2  |  1,572/554,422 done, 24.4 engine-h spent, ~8573 engine-h left
/Users/jackcuster/Documents/fx-data/code/l2lib.py:1856: RuntimeWarning: overflow encountered in scalar multiply
  fama[i] = .5 * al * mama[i] + (1 - .5 * al) * fama[i - 1]
/Users/jackcuster/Documents/fx-data/code/l2lib.py:1855: RuntimeWarning: overflow encountered in scalar multiply
  mama[i] = al * src[i] + (1 - al) * mama[i - 1]
/Users/jackcuster/Documents/fx-data/code/l2lib.py:1856: RuntimeWarning: invalid value encountered in scalar add
  fama[i] = .5 * al * mama[i] + (1 - .5 * al) * fama[i - 1]
/Users/jackcuster/Documents/fx-data/code/l2lib.py:1856: RuntimeWarning: overflow encountered in scalar add
  fama[i] = .5 * al * mama[i] + (1 - .5 * al) * fama[i - 1]
/Users/jackcuster/Documents/fx-data/code/l2lib.py:1884: RuntimeWarning: overflow encountered in scalar multiply
  st = fr if not np.isfinite(st) else index_smooth * fr + (1 - index_smooth) * st
/Users/jackcuster/Documents/fx-data/code/l2lib.py:1881: RuntimeWarning: overflow encountered in scalar multiply
  sm = r if not np.isfinite(sm) else price_smooth * r + (1 - price_smooth) * sm
/Users/jackcuster/Documents/fx-data/code/l2lib.py:1856: RuntimeWarning: overflow encountered in scalar multiply
  fama[i] = .5 * al * mama[i] + (1 - .5 * al) * fama[i - 1]
/Users/jackcuster/Documents/fx-data/code/l2lib.py:1855: RuntimeWarning: overflow encountered in scalar multiply
  mama[i] = al * src[i] + (1 - al) * mama[i - 1]
/Users/jackcuster/Documents/fx-data/code/l2lib.py:1856: RuntimeWarning: invalid value encountered in scalar add
  fama[i] = .5 * al * mama[i] + (1 - .5 * al) * fama[i - 1]
/Users/jackcuster/Documents/fx-data/code/l2lib.py:1856: RuntimeWarning: overflow encountered in scalar add
  fama[i] = .5 * al * mama[i] + (1 - .5 * al) * fama[i - 1]
  [C trend] chunk 22154    25 combos  32354.9 s  hit 91.6%  crossed   0  |  1,597/554,422 done, 33.4 engine-h spent, ~11550 engine-h left
  [C trend] chunk 22153    25 combos  30171.9 s  hit 91.6%  crossed   4  |  1,622/554,422 done, 41.8 engine-h spent, ~14228 engine-h left
  [C trend] chunk 22152    25 combos  30467.2 s  hit 91.7%  crossed   2  |  1,647/554,422 done, 50.2 engine-h spent, ~16851 engine-h left
/Users/jackcuster/Documents/fx-data/code/l2lib.py:1884: RuntimeWarning: overflow encountered in scalar multiply
  st = fr if not np.isfinite(st) else index_smooth * fr + (1 - index_smooth) * st
/Users/jackcuster/Documents/fx-data/code/l2lib.py:1881: RuntimeWarning: overflow encountered in scalar multiply
  sm = r if not np.isfinite(sm) else price_smooth * r + (1 - price_smooth) * sm
/Users/jackcuster/Documents/fx-data/code/l2lib.py:1884: RuntimeWarning: overflow encountered in scalar multiply
  st = fr if not np.isfinite(st) else index_smooth * fr + (1 - index_smooth) * st
/Users/jackcuster/Documents/fx-data/code/l2lib.py:1881: RuntimeWarning: overflow encountered in scalar multiply
  sm = r if not np.isfinite(sm) else price_smooth * r + (1 - price_smooth) * sm
/Users/jackcuster/Documents/fx-data/code/l2lib.py:1856: RuntimeWarning: overflow encountered in scalar multiply
  fama[i] = .5 * al * mama[i] + (1 - .5 * al) * fama[i - 1]
/Users/jackcuster/Documents/fx-data/code/l2lib.py:1855: RuntimeWarning: overflow encountered in scalar multiply
  mama[i] = al * src[i] + (1 - al) * mama[i - 1]
/Users/jackcuster/Documents/fx-data/code/l2lib.py:1856: RuntimeWarning: invalid value encountered in scalar add
  fama[i] = .5 * al * mama[i] + (1 - .5 * al) * fama[i - 1]
/Users/jackcuster/Documents/fx-data/code/l2lib.py:1856: RuntimeWarning: overflow encountered in scalar add
  fama[i] = .5 * al * mama[i] + (1 - .5 * al) * fama[i - 1]
/Users/jackcuster/Documents/fx-data/code/l2lib.py:1884: RuntimeWarning: overflow encountered in scalar multiply
  st = fr if not np.isfinite(st) else index_smooth * fr + (1 - index_smooth) * st
/Users/jackcuster/Documents/fx-data/code/l2lib.py:1881: RuntimeWarning: overflow encountered in scalar multiply
  sm = r if not np.isfinite(sm) else price_smooth * r + (1 - price_smooth) * sm
/Users/jackcuster/Documents/fx-data/code/l2lib.py:1856: RuntimeWarning: overflow encountered in scalar multiply
  fama[i] = .5 * al * mama[i] + (1 - .5 * al) * fama[i - 1]
/Users/jackcuster/Documents/fx-data/code/l2lib.py:1855: RuntimeWarning: overflow encountered in scalar multiply
  mama[i] = al * src[i] + (1 - al) * mama[i - 1]
/Users/jackcuster/Documents/fx-data/code/l2lib.py:1856: RuntimeWarning: invalid value encountered in scalar add
  fama[i] = .5 * al * mama[i] + (1 - .5 * al) * fama[i - 1]
/Users/jackcuster/Documents/fx-data/code/l2lib.py:1856: RuntimeWarning: overflow encountered in scalar add
  fama[i] = .5 * al * mama[i] + (1 - .5 * al) * fama[i - 1]
/Users/jackcuster/Documents/fx-data/code/l2lib.py:1856: RuntimeWarning: overflow encountered in scalar multiply
  fama[i] = .5 * al * mama[i] + (1 - .5 * al) * fama[i - 1]
/Users/jackcuster/Documents/fx-data/code/l2lib.py:1855: RuntimeWarning: overflow encountered in scalar multiply
  mama[i] = al * src[i] + (1 - al) * mama[i - 1]
/Users/jackcuster/Documents/fx-data/code/l2lib.py:1856: RuntimeWarning: invalid value encountered in scalar add
  fama[i] = .5 * al * mama[i] + (1 - .5 * al) * fama[i - 1]
/Users/jackcuster/Documents/fx-data/code/l2lib.py:1856: RuntimeWarning: overflow encountered in scalar add
  fama[i] = .5 * al * mama[i] + (1 - .5 * al) * fama[i - 1]
  [C trend] chunk 22151    25 combos  95048.2 s  hit 91.2%  crossed   3  |  1,672/554,422 done, 76.6 engine-h spent, ~25327 engine-h left
  [C trend] chunk 22150    25 combos  94481.2 s  hit 90.9%  crossed   9  |  1,697/554,422 done, 102.9 engine-h spent, ~33501 engine-h left
  [C trend] chunk 22149    25 combos  93176.6 s  hit 91.2%  crossed   3  |  1,722/554,422 done, 128.7 engine-h spent, ~41320 engine-h left
/Users/jackcuster/Documents/fx-data/code/l2lib.py:1884: RuntimeWarning: overflow encountered in scalar multiply
  st = fr if not np.isfinite(st) else index_smooth * fr + (1 - index_smooth) * st
/Users/jackcuster/Documents/fx-data/code/l2lib.py:1881: RuntimeWarning: overflow encountered in scalar multiply
  sm = r if not np.isfinite(sm) else price_smooth * r + (1 - price_smooth) * sm
/Users/jackcuster/Documents/fx-data/code/l2lib.py:1856: RuntimeWarning: overflow encountered in scalar multiply
  fama[i] = .5 * al * mama[i] + (1 - .5 * al) * fama[i - 1]
/Users/jackcuster/Documents/fx-data/code/l2lib.py:1855: RuntimeWarning: overflow encountered in scalar multiply
  mama[i] = al * src[i] + (1 - al) * mama[i - 1]
/Users/jackcuster/Documents/fx-data/code/l2lib.py:1856: RuntimeWarning: invalid value encountered in scalar add
  fama[i] = .5 * al * mama[i] + (1 - .5 * al) * fama[i - 1]
/Users/jackcuster/Documents/fx-data/code/l2lib.py:1856: RuntimeWarning: overflow encountered in scalar add
  fama[i] = .5 * al * mama[i] + (1 - .5 * al) * fama[i - 1]
/Users/jackcuster/Documents/fx-data/code/l2lib.py:1856: RuntimeWarning: overflow encountered in scalar multiply
  fama[i] = .5 * al * mama[i] + (1 - .5 * al) * fama[i - 1]
/Users/jackcuster/Documents/fx-data/code/l2lib.py:1855: RuntimeWarning: overflow encountered in scalar multiply
  mama[i] = al * src[i] + (1 - al) * mama[i - 1]
/Users/jackcuster/Documents/fx-data/code/l2lib.py:1856: RuntimeWarning: invalid value encountered in scalar add
  fama[i] = .5 * al * mama[i] + (1 - .5 * al) * fama[i - 1]
/Users/jackcuster/Documents/fx-data/code/l2lib.py:1856: RuntimeWarning: overflow encountered in scalar add
  fama[i] = .5 * al * mama[i] + (1 - .5 * al) * fama[i - 1]
/Users/jackcuster/Documents/fx-data/code/l2lib.py:1884: RuntimeWarning: overflow encountered in scalar multiply
  st = fr if not np.isfinite(st) else index_smooth * fr + (1 - index_smooth) * st
/Users/jackcuster/Documents/fx-data/code/l2lib.py:1881: RuntimeWarning: overflow encountered in scalar multiply
  sm = r if not np.isfinite(sm) else price_smooth * r + (1 - price_smooth) * sm
/Users/jackcuster/Documents/fx-data/code/l2lib.py:1856: RuntimeWarning: overflow encountered in scalar multiply
  fama[i] = .5 * al * mama[i] + (1 - .5 * al) * fama[i - 1]
/Users/jackcuster/Documents/fx-data/code/l2lib.py:1855: RuntimeWarning: overflow encountered in scalar multiply
  mama[i] = al * src[i] + (1 - al) * mama[i - 1]
/Users/jackcuster/Documents/fx-data/code/l2lib.py:1856: RuntimeWarning: invalid value encountered in scalar add
  fama[i] = .5 * al * mama[i] + (1 - .5 * al) * fama[i - 1]
/Users/jackcuster/Documents/fx-data/code/l2lib.py:1856: RuntimeWarning: overflow encountered in scalar add
  fama[i] = .5 * al * mama[i] + (1 - .5 * al) * fama[i - 1]
  [C trend] chunk 22148    25 combos  9125.9 s  hit 91.1%  crossed   1  |  1,747/554,422 done, 131.3 engine-h spent, ~41529 engine-h left
/Users/jackcuster/Documents/fx-data/code/l2lib.py:1884: RuntimeWarning: overflow encountered in scalar multiply
  st = fr if not np.isfinite(st) else index_smooth * fr + (1 - index_smooth) * st
/Users/jackcuster/Documents/fx-data/code/l2lib.py:1881: RuntimeWarning: overflow encountered in scalar multiply
  sm = r if not np.isfinite(sm) else price_smooth * r + (1 - price_smooth) * sm
/Users/jackcuster/Documents/fx-data/code/l2lib.py:1856: RuntimeWarning: overflow encountered in scalar multiply
  fama[i] = .5 * al * mama[i] + (1 - .5 * al) * fama[i - 1]
/Users/jackcuster/Documents/fx-data/code/l2lib.py:1855: RuntimeWarning: overflow encountered in scalar multiply
  mama[i] = al * src[i] + (1 - al) * mama[i - 1]
/Users/jackcuster/Documents/fx-data/code/l2lib.py:1856: RuntimeWarning: invalid value encountered in scalar add
  fama[i] = .5 * al * mama[i] + (1 - .5 * al) * fama[i - 1]
/Users/jackcuster/Documents/fx-data/code/l2lib.py:1856: RuntimeWarning: overflow encountered in scalar add
  fama[i] = .5 * al * mama[i] + (1 - .5 * al) * fama[i - 1]
  [C trend] chunk 22146    25 combos  9250.1 s  hit 91.3%  crossed   0  |  1,772/554,422 done, 133.8 engine-h spent, ~41743 engine-h left
/Users/jackcuster/Documents/fx-data/code/l2lib.py:1856: RuntimeWarning: overflow encountered in scalar multiply
  fama[i] = .5 * al * mama[i] + (1 - .5 * al) * fama[i - 1]
/Users/jackcuster/Documents/fx-data/code/l2lib.py:1855: RuntimeWarning: overflow encountered in scalar multiply
  mama[i] = al * src[i] + (1 - al) * mama[i - 1]
/Users/jackcuster/Documents/fx-data/code/l2lib.py:1856: RuntimeWarning: invalid value encountered in scalar add
  fama[i] = .5 * al * mama[i] + (1 - .5 * al) * fama[i - 1]
/Users/jackcuster/Documents/fx-data/code/l2lib.py:1856: RuntimeWarning: overflow encountered in scalar add
  fama[i] = .5 * al * mama[i] + (1 - .5 * al) * fama[i - 1]
  [C trend] chunk 22145    25 combos  5980.9 s  hit 92.6%  crossed   0  |  1,797/554,422 done, 135.5 engine-h spent, ~41671 engine-h left
  [C trend] chunk 22147    25 combos  11477.4 s  hit 90.4%  crossed   3  |  1,822/554,422 done, 138.7 engine-h spent, ~42064 engine-h left
  [C trend] chunk 22144    25 combos  6123.2 s  hit 92.6%  crossed   0  |  1,847/554,422 done, 140.4 engine-h spent, ~42002 engine-h left
/Users/jackcuster/Documents/fx-data/code/l2lib.py:1884: RuntimeWarning: overflow encountered in scalar multiply
  st = fr if not np.isfinite(st) else index_smooth * fr + (1 - index_smooth) * st
/Users/jackcuster/Documents/fx-data/code/l2lib.py:1881: RuntimeWarning: overflow encountered in scalar multiply
  sm = r if not np.isfinite(sm) else price_smooth * r + (1 - price_smooth) * sm
/Users/jackcuster/Documents/fx-data/code/l2lib.py:1856: RuntimeWarning: overflow encountered in scalar multiply
  fama[i] = .5 * al * mama[i] + (1 - .5 * al) * fama[i - 1]
/Users/jackcuster/Documents/fx-data/code/l2lib.py:1855: RuntimeWarning: overflow encountered in scalar multiply
  mama[i] = al * src[i] + (1 - al) * mama[i - 1]
/Users/jackcuster/Documents/fx-data/code/l2lib.py:1856: RuntimeWarning: invalid value encountered in scalar add
  fama[i] = .5 * al * mama[i] + (1 - .5 * al) * fama[i - 1]
/Users/jackcuster/Documents/fx-data/code/l2lib.py:1856: RuntimeWarning: overflow encountered in scalar add
  fama[i] = .5 * al * mama[i] + (1 - .5 * al) * fama[i - 1]
  [C trend] chunk 22143    25 combos  6101.9 s  hit 92.5%  crossed   0  |  1,872/554,422 done, 142.1 engine-h spent, ~41940 engine-h left
  [C trend] chunk 22142    25 combos  6845.4 s  hit 92.1%  crossed   2  |  1,897/554,422 done, 144.0 engine-h spent, ~41939 engine-h left
/Users/jackcuster/Documents/fx-data/code/l2lib.py:1856: RuntimeWarning: overflow encountered in scalar multiply
  fama[i] = .5 * al * mama[i] + (1 - .5 * al) * fama[i - 1]
/Users/jackcuster/Documents/fx-data/code/l2lib.py:1855: RuntimeWarning: overflow encountered in scalar multiply
  mama[i] = al * src[i] + (1 - al) * mama[i - 1]
/Users/jackcuster/Documents/fx-data/code/l2lib.py:1856: RuntimeWarning: invalid value encountered in scalar add
  fama[i] = .5 * al * mama[i] + (1 - .5 * al) * fama[i - 1]
/Users/jackcuster/Documents/fx-data/code/l2lib.py:1856: RuntimeWarning: overflow encountered in scalar add
  fama[i] = .5 * al * mama[i] + (1 - .5 * al) * fama[i - 1]
/Users/jackcuster/Documents/fx-data/code/l2lib.py:1884: RuntimeWarning: overflow encountered in scalar multiply
  st = fr if not np.isfinite(st) else index_smooth * fr + (1 - index_smooth) * st
/Users/jackcuster/Documents/fx-data/code/l2lib.py:1881: RuntimeWarning: overflow encountered in scalar multiply
  sm = r if not np.isfinite(sm) else price_smooth * r + (1 - price_smooth) * sm
/Users/jackcuster/Documents/fx-data/code/l2lib.py:1856: RuntimeWarning: overflow encountered in scalar multiply
  fama[i] = .5 * al * mama[i] + (1 - .5 * al) * fama[i - 1]
/Users/jackcuster/Documents/fx-data/code/l2lib.py:1855: RuntimeWarning: overflow encountered in scalar multiply
  mama[i] = al * src[i] + (1 - al) * mama[i - 1]
/Users/jackcuster/Documents/fx-data/code/l2lib.py:1856: RuntimeWarning: invalid value encountered in scalar add
  fama[i] = .5 * al * mama[i] + (1 - .5 * al) * fama[i - 1]
/Users/jackcuster/Documents/fx-data/code/l2lib.py:1856: RuntimeWarning: overflow encountered in scalar add
  fama[i] = .5 * al * mama[i] + (1 - .5 * al) * fama[i - 1]
/Users/jackcuster/Documents/fx-data/code/l2lib.py:1884: RuntimeWarning: overflow encountered in scalar multiply
  st = fr if not np.isfinite(st) else index_smooth * fr + (1 - index_smooth) * st
/Users/jackcuster/Documents/fx-data/code/l2lib.py:1881: RuntimeWarning: overflow encountered in scalar multiply
  sm = r if not np.isfinite(sm) else price_smooth * r + (1 - price_smooth) * sm
  [C trend] chunk 22141    25 combos  5790.1 s  hit 92.4%  crossed   4  |  1,922/554,422 done, 145.6 engine-h spent, ~41854 engine-h left
/Users/jackcuster/Documents/fx-data/code/l2lib.py:1856: RuntimeWarning: overflow encountered in scalar multiply
  fama[i] = .5 * al * mama[i] + (1 - .5 * al) * fama[i - 1]
/Users/jackcuster/Documents/fx-data/code/l2lib.py:1855: RuntimeWarning: overflow encountered in scalar multiply
  mama[i] = al * src[i] + (1 - al) * mama[i - 1]
/Users/jackcuster/Documents/fx-data/code/l2lib.py:1856: RuntimeWarning: invalid value encountered in scalar add
  fama[i] = .5 * al * mama[i] + (1 - .5 * al) * fama[i - 1]
/Users/jackcuster/Documents/fx-data/code/l2lib.py:1856: RuntimeWarning: overflow encountered in scalar add
  fama[i] = .5 * al * mama[i] + (1 - .5 * al) * fama[i - 1]
  [C trend] chunk 22140    25 combos  5578.9 s  hit 92.4%  crossed   1  |  1,947/554,422 done, 147.2 engine-h spent, ~41754 engine-h left
  [C trend] chunk 22139    25 combos  6357.2 s  hit 92.2%  crossed   2  |  1,972/554,422 done, 148.9 engine-h spent, ~41718 engine-h left
/Users/jackcuster/Documents/fx-data/code/l2lib.py:1856: RuntimeWarning: overflow encountered in scalar multiply
  fama[i] = .5 * al * mama[i] + (1 - .5 * al) * fama[i - 1]
/Users/jackcuster/Documents/fx-data/code/l2lib.py:1855: RuntimeWarning: overflow encountered in scalar multiply
  mama[i] = al * src[i] + (1 - al) * mama[i - 1]
/Users/jackcuster/Documents/fx-data/code/l2lib.py:1856: RuntimeWarning: invalid value encountered in scalar add
  fama[i] = .5 * al * mama[i] + (1 - .5 * al) * fama[i - 1]
/Users/jackcuster/Documents/fx-data/code/l2lib.py:1856: RuntimeWarning: overflow encountered in scalar add
  fama[i] = .5 * al * mama[i] + (1 - .5 * al) * fama[i - 1]
/Users/jackcuster/Documents/fx-data/code/l2lib.py:1884: RuntimeWarning: overflow encountered in scalar multiply
  st = fr if not np.isfinite(st) else index_smooth * fr + (1 - index_smooth) * st
/Users/jackcuster/Documents/fx-data/code/l2lib.py:1881: RuntimeWarning: overflow encountered in scalar multiply
  sm = r if not np.isfinite(sm) else price_smooth * r + (1 - price_smooth) * sm
  [C trend] chunk 22138    25 combos  6384.5 s  hit 92.3%  crossed   2  |  1,997/554,422 done, 150.7 engine-h spent, ~41684 engine-h left
/Users/jackcuster/Documents/fx-data/code/l2pine.py:164: RuntimeWarning: invalid value encountered in divide
  return (W * w).sum(axis=1) / w.sum()
/Users/jackcuster/Documents/fx-data/code/l2lib.py:1884: RuntimeWarning: overflow encountered in scalar multiply
  st = fr if not np.isfinite(st) else index_smooth * fr + (1 - index_smooth) * st
/Users/jackcuster/Documents/fx-data/code/l2lib.py:1881: RuntimeWarning: overflow encountered in scalar multiply
  sm = r if not np.isfinite(sm) else price_smooth * r + (1 - price_smooth) * sm
/Users/jackcuster/Documents/fx-data/code/l2lib.py:1884: RuntimeWarning: overflow encountered in scalar multiply
  st = fr if not np.isfinite(st) else index_smooth * fr + (1 - index_smooth) * st
/Users/jackcuster/Documents/fx-data/code/l2lib.py:1881: RuntimeWarning: overflow encountered in scalar multiply
  sm = r if not np.isfinite(sm) else price_smooth * r + (1 - price_smooth) * sm
/Users/jackcuster/Documents/fx-data/code/l2lib.py:1856: RuntimeWarning: overflow encountered in scalar multiply
  fama[i] = .5 * al * mama[i] + (1 - .5 * al) * fama[i - 1]
/Users/jackcuster/Documents/fx-data/code/l2lib.py:1855: RuntimeWarning: overflow encountered in scalar multiply
  mama[i] = al * src[i] + (1 - al) * mama[i - 1]
/Users/jackcuster/Documents/fx-data/code/l2lib.py:1856: RuntimeWarning: invalid value encountered in scalar add
  fama[i] = .5 * al * mama[i] + (1 - .5 * al) * fama[i - 1]
/Users/jackcuster/Documents/fx-data/code/l2lib.py:1856: RuntimeWarning: overflow encountered in scalar add
  fama[i] = .5 * al * mama[i] + (1 - .5 * al) * fama[i - 1]
/Users/jackcuster/Documents/fx-data/code/l2lib.py:1856: RuntimeWarning: overflow encountered in scalar multiply
  fama[i] = .5 * al * mama[i] + (1 - .5 * al) * fama[i - 1]
/Users/jackcuster/Documents/fx-data/code/l2lib.py:1855: RuntimeWarning: overflow encountered in scalar multiply
  mama[i] = al * src[i] + (1 - al) * mama[i - 1]
/Users/jackcuster/Documents/fx-data/code/l2lib.py:1856: RuntimeWarning: invalid value encountered in scalar add
  fama[i] = .5 * al * mama[i] + (1 - .5 * al) * fama[i - 1]
/Users/jackcuster/Documents/fx-data/code/l2lib.py:1856: RuntimeWarning: overflow encountered in scalar add
  fama[i] = .5 * al * mama[i] + (1 - .5 * al) * fama[i - 1]
/Users/jackcuster/Documents/fx-data/code/l2lib.py:1856: RuntimeWarning: overflow encountered in scalar multiply
  fama[i] = .5 * al * mama[i] + (1 - .5 * al) * fama[i - 1]
/Users/jackcuster/Documents/fx-data/code/l2lib.py:1855: RuntimeWarning: overflow encountered in scalar multiply
  mama[i] = al * src[i] + (1 - al) * mama[i - 1]
/Users/jackcuster/Documents/fx-data/code/l2lib.py:1856: RuntimeWarning: invalid value encountered in scalar add
  fama[i] = .5 * al * mama[i] + (1 - .5 * al) * fama[i - 1]
/Users/jackcuster/Documents/fx-data/code/l2lib.py:1856: RuntimeWarning: overflow encountered in scalar add
  fama[i] = .5 * al * mama[i] + (1 - .5 * al) * fama[i - 1]
  [C trend] chunk 22137    25 combos  7725.8 s  hit 91.9%  crossed   9  |  2,022/554,422 done, 152.8 engine-h spent, ~41753 engine-h left
  [C trend] chunk 22136    25 combos  6215.1 s  hit 92.4%  crossed   2  |  2,047/554,422 done, 154.6 engine-h spent, ~41707 engine-h left
/Users/jackcuster/Documents/fx-data/code/l2pine.py:164: RuntimeWarning: invalid value encountered in divide
  return (W * w).sum(axis=1) / w.sum()
  [C trend] chunk 22135    25 combos  5874.3 s  hit 91.3%  crossed   3  |  2,072/554,422 done, 156.2 engine-h spent, ~41637 engine-h left
/Users/jackcuster/Documents/fx-data/code/l2lib.py:1884: RuntimeWarning: overflow encountered in scalar multiply
  st = fr if not np.isfinite(st) else index_smooth * fr + (1 - index_smooth) * st
/Users/jackcuster/Documents/fx-data/code/l2lib.py:1881: RuntimeWarning: overflow encountered in scalar multiply
  sm = r if not np.isfinite(sm) else price_smooth * r + (1 - price_smooth) * sm
/Users/jackcuster/Documents/fx-data/code/l2lib.py:1884: RuntimeWarning: overflow encountered in scalar multiply
  st = fr if not np.isfinite(st) else index_smooth * fr + (1 - index_smooth) * st
/Users/jackcuster/Documents/fx-data/code/l2lib.py:1881: RuntimeWarning: overflow encountered in scalar multiply
  sm = r if not np.isfinite(sm) else price_smooth * r + (1 - price_smooth) * sm
/Users/jackcuster/Documents/fx-data/code/l2lib.py:1856: RuntimeWarning: overflow encountered in scalar multiply
  fama[i] = .5 * al * mama[i] + (1 - .5 * al) * fama[i - 1]
/Users/jackcuster/Documents/fx-data/code/l2lib.py:1855: RuntimeWarning: overflow encountered in scalar multiply
  mama[i] = al * src[i] + (1 - al) * mama[i - 1]
/Users/jackcuster/Documents/fx-data/code/l2lib.py:1856: RuntimeWarning: invalid value encountered in scalar add
  fama[i] = .5 * al * mama[i] + (1 - .5 * al) * fama[i - 1]
/Users/jackcuster/Documents/fx-data/code/l2lib.py:1856: RuntimeWarning: overflow encountered in scalar add
  fama[i] = .5 * al * mama[i] + (1 - .5 * al) * fama[i - 1]
  [C trend] chunk 22134    25 combos  6220.4 s  hit 91.3%  crossed   4  |  2,097/554,422 done, 157.9 engine-h spent, ~41594 engine-h left
/Users/jackcuster/Documents/fx-data/code/l2lib.py:1856: RuntimeWarning: overflow encountered in scalar multiply
  fama[i] = .5 * al * mama[i] + (1 - .5 * al) * fama[i - 1]
/Users/jackcuster/Documents/fx-data/code/l2lib.py:1855: RuntimeWarning: overflow encountered in scalar multiply
  mama[i] = al * src[i] + (1 - al) * mama[i - 1]
/Users/jackcuster/Documents/fx-data/code/l2lib.py:1856: RuntimeWarning: invalid value encountered in scalar add
  fama[i] = .5 * al * mama[i] + (1 - .5 * al) * fama[i - 1]
/Users/jackcuster/Documents/fx-data/code/l2lib.py:1856: RuntimeWarning: overflow encountered in scalar add
  fama[i] = .5 * al * mama[i] + (1 - .5 * al) * fama[i - 1]
  [C trend] chunk 22133    25 combos  6336.3 s  hit 91.5%  crossed   0  |  2,122/554,422 done, 159.7 engine-h spent, ~41560 engine-h left
/Users/jackcuster/Documents/fx-data/code/l2lib.py:1884: RuntimeWarning: overflow encountered in scalar multiply
  st = fr if not np.isfinite(st) else index_smooth * fr + (1 - index_smooth) * st
/Users/jackcuster/Documents/fx-data/code/l2lib.py:1881: RuntimeWarning: overflow encountered in scalar multiply
  sm = r if not np.isfinite(sm) else price_smooth * r + (1 - price_smooth) * sm
  [C trend] chunk 22132    25 combos  6618.9 s  hit 91.4%  crossed   3  |  2,147/554,422 done, 161.5 engine-h spent, ~41547 engine-h left
/Users/jackcuster/Documents/fx-data/code/l2pine.py:164: RuntimeWarning: invalid value encountered in divide
  return (W * w).sum(axis=1) / w.sum()
/Users/jackcuster/Documents/fx-data/code/l2lib.py:1884: RuntimeWarning: overflow encountered in scalar multiply
  st = fr if not np.isfinite(st) else index_smooth * fr + (1 - index_smooth) * st
/Users/jackcuster/Documents/fx-data/code/l2lib.py:1881: RuntimeWarning: overflow encountered in scalar multiply
  sm = r if not np.isfinite(sm) else price_smooth * r + (1 - price_smooth) * sm
/Users/jackcuster/Documents/fx-data/code/l2lib.py:1856: RuntimeWarning: overflow encountered in scalar multiply
  fama[i] = .5 * al * mama[i] + (1 - .5 * al) * fama[i - 1]
/Users/jackcuster/Documents/fx-data/code/l2lib.py:1855: RuntimeWarning: overflow encountered in scalar multiply
  mama[i] = al * src[i] + (1 - al) * mama[i - 1]
/Users/jackcuster/Documents/fx-data/code/l2lib.py:1856: RuntimeWarning: invalid value encountered in scalar add
  fama[i] = .5 * al * mama[i] + (1 - .5 * al) * fama[i - 1]
/Users/jackcuster/Documents/fx-data/code/l2lib.py:1856: RuntimeWarning: overflow encountered in scalar add
  fama[i] = .5 * al * mama[i] + (1 - .5 * al) * fama[i - 1]
/Users/jackcuster/Documents/fx-data/code/l2lib.py:1884: RuntimeWarning: overflow encountered in scalar multiply
  st = fr if not np.isfinite(st) else index_smooth * fr + (1 - index_smooth) * st
/Users/jackcuster/Documents/fx-data/code/l2lib.py:1881: RuntimeWarning: overflow encountered in scalar multiply
  sm = r if not np.isfinite(sm) else price_smooth * r + (1 - price_smooth) * sm
/Users/jackcuster/Documents/fx-data/code/l2lib.py:1856: RuntimeWarning: overflow encountered in scalar multiply
  fama[i] = .5 * al * mama[i] + (1 - .5 * al) * fama[i - 1]
/Users/jackcuster/Documents/fx-data/code/l2lib.py:1855: RuntimeWarning: overflow encountered in scalar multiply
  mama[i] = al * src[i] + (1 - al) * mama[i - 1]
/Users/jackcuster/Documents/fx-data/code/l2lib.py:1856: RuntimeWarning: invalid value encountered in scalar add
  fama[i] = .5 * al * mama[i] + (1 - .5 * al) * fama[i - 1]
/Users/jackcuster/Documents/fx-data/code/l2lib.py:1856: RuntimeWarning: overflow encountered in scalar add
  fama[i] = .5 * al * mama[i] + (1 - .5 * al) * fama[i - 1]
  [C trend] chunk 22130    25 combos  5924.1 s  hit 91.8%  crossed   1  |  2,172/554,422 done, 163.2 engine-h spent, ~41486 engine-h left
/Users/jackcuster/Documents/fx-data/code/l2pine.py:164: RuntimeWarning: invalid value encountered in divide
  return (W * w).sum(axis=1) / w.sum()
  [C trend] chunk 22131    25 combos  6926.4 s  hit 91.1%  crossed   0  |  2,197/554,422 done, 165.1 engine-h spent, ~41495 engine-h left
/Users/jackcuster/Documents/fx-data/code/l2lib.py:1884: RuntimeWarning: overflow encountered in scalar multiply
  st = fr if not np.isfinite(st) else index_smooth * fr + (1 - index_smooth) * st
/Users/jackcuster/Documents/fx-data/code/l2lib.py:1881: RuntimeWarning: overflow encountered in scalar multiply
  sm = r if not np.isfinite(sm) else price_smooth * r + (1 - price_smooth) * sm
/Users/jackcuster/Documents/fx-data/code/l2lib.py:1856: RuntimeWarning: overflow encountered in scalar multiply
  fama[i] = .5 * al * mama[i] + (1 - .5 * al) * fama[i - 1]
/Users/jackcuster/Documents/fx-data/code/l2lib.py:1855: RuntimeWarning: overflow encountered in scalar multiply
  mama[i] = al * src[i] + (1 - al) * mama[i - 1]
/Users/jackcuster/Documents/fx-data/code/l2lib.py:1856: RuntimeWarning: invalid value encountered in scalar add
  fama[i] = .5 * al * mama[i] + (1 - .5 * al) * fama[i - 1]
/Users/jackcuster/Documents/fx-data/code/l2lib.py:1856: RuntimeWarning: overflow encountered in scalar add
  fama[i] = .5 * al * mama[i] + (1 - .5 * al) * fama[i - 1]
  [C trend] chunk 22129    25 combos  5967.6 s  hit 91.7%  crossed   1  |  2,222/554,422 done, 166.8 engine-h spent, ~41439 engine-h left
/Users/jackcuster/Documents/fx-data/code/l2lib.py:1884: RuntimeWarning: overflow encountered in scalar multiply
  st = fr if not np.isfinite(st) else index_smooth * fr + (1 - index_smooth) * st
/Users/jackcuster/Documents/fx-data/code/l2lib.py:1881: RuntimeWarning: overflow encountered in scalar multiply
  sm = r if not np.isfinite(sm) else price_smooth * r + (1 - price_smooth) * sm
/Users/jackcuster/Documents/fx-data/code/l2lib.py:1856: RuntimeWarning: overflow encountered in scalar multiply
  fama[i] = .5 * al * mama[i] + (1 - .5 * al) * fama[i - 1]
/Users/jackcuster/Documents/fx-data/code/l2lib.py:1855: RuntimeWarning: overflow encountered in scalar multiply
  mama[i] = al * src[i] + (1 - al) * mama[i - 1]
/Users/jackcuster/Documents/fx-data/code/l2lib.py:1856: RuntimeWarning: invalid value encountered in scalar add
  fama[i] = .5 * al * mama[i] + (1 - .5 * al) * fama[i - 1]
/Users/jackcuster/Documents/fx-data/code/l2lib.py:1856: RuntimeWarning: overflow encountered in scalar add
  fama[i] = .5 * al * mama[i] + (1 - .5 * al) * fama[i - 1]
/Users/jackcuster/Documents/fx-data/code/l2pine.py:164: RuntimeWarning: invalid value encountered in divide
  return (W * w).sum(axis=1) / w.sum()
  [C trend] chunk 22128    25 combos  6216.7 s  hit 91.1%  crossed   8  |  2,247/554,422 done, 168.5 engine-h spent, ~41400 engine-h left
/Users/jackcuster/Documents/fx-data/code/l2lib.py:1856: RuntimeWarning: overflow encountered in scalar multiply
  fama[i] = .5 * al * mama[i] + (1 - .5 * al) * fama[i - 1]
/Users/jackcuster/Documents/fx-data/code/l2lib.py:1855: RuntimeWarning: overflow encountered in scalar multiply
  mama[i] = al * src[i] + (1 - al) * mama[i - 1]
/Users/jackcuster/Documents/fx-data/code/l2lib.py:1856: RuntimeWarning: invalid value encountered in scalar add
  fama[i] = .5 * al * mama[i] + (1 - .5 * al) * fama[i - 1]
/Users/jackcuster/Documents/fx-data/code/l2lib.py:1856: RuntimeWarning: overflow encountered in scalar add
  fama[i] = .5 * al * mama[i] + (1 - .5 * al) * fama[i - 1]
  [C trend] chunk 22127    25 combos  6985.9 s  hit 91.4%  crossed   6  |  2,272/554,422 done, 170.4 engine-h spent, ~41414 engine-h left
  [C trend] chunk 22126    25 combos  7192.6 s  hit 91.6%  crossed   6  |  2,297/554,422 done, 172.4 engine-h spent, ~41442 engine-h left
/Users/jackcuster/Documents/fx-data/code/l2lib.py:1884: RuntimeWarning: overflow encountered in scalar multiply
  st = fr if not np.isfinite(st) else index_smooth * fr + (1 - index_smooth) * st
/Users/jackcuster/Documents/fx-data/code/l2lib.py:1881: RuntimeWarning: overflow encountered in scalar multiply
  sm = r if not np.isfinite(sm) else price_smooth * r + (1 - price_smooth) * sm
  [C trend] chunk 22125    25 combos  5562.0 s  hit 91.9%  crossed   0  |  2,322/554,422 done, 174.0 engine-h spent, ~41361 engine-h left
/Users/jackcuster/Documents/fx-data/code/l2lib.py:1884: RuntimeWarning: overflow encountered in scalar multiply
  st = fr if not np.isfinite(st) else index_smooth * fr + (1 - index_smooth) * st
/Users/jackcuster/Documents/fx-data/code/l2lib.py:1881: RuntimeWarning: overflow encountered in scalar multiply
  sm = r if not np.isfinite(sm) else price_smooth * r + (1 - price_smooth) * sm
  [C trend] chunk 22124    25 combos  5448.2 s  hit 91.9%  crossed   5  |  2,347/554,422 done, 175.5 engine-h spent, ~41275 engine-h left
/Users/jackcuster/Documents/fx-data/code/l2lib.py:1884: RuntimeWarning: overflow encountered in scalar multiply
  st = fr if not np.isfinite(st) else index_smooth * fr + (1 - index_smooth) * st
/Users/jackcuster/Documents/fx-data/code/l2lib.py:1881: RuntimeWarning: overflow encountered in scalar multiply
  sm = r if not np.isfinite(sm) else price_smooth * r + (1 - price_smooth) * sm
/Users/jackcuster/Documents/fx-data/code/l2lib.py:1884: RuntimeWarning: overflow encountered in scalar multiply
  st = fr if not np.isfinite(st) else index_smooth * fr + (1 - index_smooth) * st
/Users/jackcuster/Documents/fx-data/code/l2lib.py:1881: RuntimeWarning: overflow encountered in scalar multiply
  sm = r if not np.isfinite(sm) else price_smooth * r + (1 - price_smooth) * sm
/Users/jackcuster/Documents/fx-data/code/l2lib.py:1856: RuntimeWarning: overflow encountered in scalar multiply
  fama[i] = .5 * al * mama[i] + (1 - .5 * al) * fama[i - 1]
/Users/jackcuster/Documents/fx-data/code/l2lib.py:1855: RuntimeWarning: overflow encountered in scalar multiply
  mama[i] = al * src[i] + (1 - al) * mama[i - 1]
/Users/jackcuster/Documents/fx-data/code/l2lib.py:1856: RuntimeWarning: invalid value encountered in scalar add
  fama[i] = .5 * al * mama[i] + (1 - .5 * al) * fama[i - 1]
/Users/jackcuster/Documents/fx-data/code/l2lib.py:1856: RuntimeWarning: overflow encountered in scalar add
  fama[i] = .5 * al * mama[i] + (1 - .5 * al) * fama[i - 1]
/Users/jackcuster/Documents/fx-data/code/l2lib.py:1884: RuntimeWarning: overflow encountered in scalar multiply
  st = fr if not np.isfinite(st) else index_smooth * fr + (1 - index_smooth) * st
/Users/jackcuster/Documents/fx-data/code/l2lib.py:1881: RuntimeWarning: overflow encountered in scalar multiply
  sm = r if not np.isfinite(sm) else price_smooth * r + (1 - price_smooth) * sm
/Users/jackcuster/Documents/fx-data/code/l2lib.py:1856: RuntimeWarning: overflow encountered in scalar multiply
  fama[i] = .5 * al * mama[i] + (1 - .5 * al) * fama[i - 1]
/Users/jackcuster/Documents/fx-data/code/l2lib.py:1855: RuntimeWarning: overflow encountered in scalar multiply
  mama[i] = al * src[i] + (1 - al) * mama[i - 1]
/Users/jackcuster/Documents/fx-data/code/l2lib.py:1856: RuntimeWarning: invalid value encountered in scalar add
  fama[i] = .5 * al * mama[i] + (1 - .5 * al) * fama[i - 1]
/Users/jackcuster/Documents/fx-data/code/l2lib.py:1856: RuntimeWarning: overflow encountered in scalar add
  fama[i] = .5 * al * mama[i] + (1 - .5 * al) * fama[i - 1]
  [C trend] chunk 22123    25 combos  5331.4 s  hit 92.0%  crossed   0  |  2,372/554,422 done, 176.9 engine-h spent, ~41183 engine-h left
  [C trend] chunk 22122    25 combos  5870.1 s  hit 91.9%  crossed   1  |  2,397/554,422 done, 178.6 engine-h spent, ~41127 engine-h left
/Users/jackcuster/Documents/fx-data/code/l2lib.py:1884: RuntimeWarning: overflow encountered in scalar multiply
  st = fr if not np.isfinite(st) else index_smooth * fr + (1 - index_smooth) * st
/Users/jackcuster/Documents/fx-data/code/l2lib.py:1881: RuntimeWarning: overflow encountered in scalar multiply
  sm = r if not np.isfinite(sm) else price_smooth * r + (1 - price_smooth) * sm
  [C trend] chunk 22121    25 combos  6237.7 s  hit 91.8%  crossed   2  |  2,422/554,422 done, 180.3 engine-h spent, ~41095 engine-h left
/Users/jackcuster/Documents/fx-data/code/l2lib.py:1884: RuntimeWarning: overflow encountered in scalar multiply
  st = fr if not np.isfinite(st) else index_smooth * fr + (1 - index_smooth) * st
/Users/jackcuster/Documents/fx-data/code/l2lib.py:1881: RuntimeWarning: overflow encountered in scalar multiply
  sm = r if not np.isfinite(sm) else price_smooth * r + (1 - price_smooth) * sm
/Users/jackcuster/Documents/fx-data/code/l2lib.py:1856: RuntimeWarning: overflow encountered in scalar multiply
  fama[i] = .5 * al * mama[i] + (1 - .5 * al) * fama[i - 1]
/Users/jackcuster/Documents/fx-data/code/l2lib.py:1855: RuntimeWarning: overflow encountered in scalar multiply
  mama[i] = al * src[i] + (1 - al) * mama[i - 1]
/Users/jackcuster/Documents/fx-data/code/l2lib.py:1856: RuntimeWarning: invalid value encountered in scalar add
  fama[i] = .5 * al * mama[i] + (1 - .5 * al) * fama[i - 1]
/Users/jackcuster/Documents/fx-data/code/l2lib.py:1856: RuntimeWarning: overflow encountered in scalar add
  fama[i] = .5 * al * mama[i] + (1 - .5 * al) * fama[i - 1]
/Users/jackcuster/Documents/fx-data/code/l2lib.py:1856: RuntimeWarning: overflow encountered in scalar multiply
  fama[i] = .5 * al * mama[i] + (1 - .5 * al) * fama[i - 1]
/Users/jackcuster/Documents/fx-data/code/l2lib.py:1855: RuntimeWarning: overflow encountered in scalar multiply
  mama[i] = al * src[i] + (1 - al) * mama[i - 1]
/Users/jackcuster/Documents/fx-data/code/l2lib.py:1856: RuntimeWarning: invalid value encountered in scalar add
  fama[i] = .5 * al * mama[i] + (1 - .5 * al) * fama[i - 1]
/Users/jackcuster/Documents/fx-data/code/l2lib.py:1856: RuntimeWarning: overflow encountered in scalar add
  fama[i] = .5 * al * mama[i] + (1 - .5 * al) * fama[i - 1]
  [C trend] chunk 22120    25 combos  5401.4 s  hit 92.5%  crossed   6  |  2,447/554,422 done, 181.8 engine-h spent, ~41012 engine-h left
  [C trend] chunk 22119    25 combos  6533.1 s  hit 91.7%  crossed   1  |  2,472/554,422 done, 183.6 engine-h spent, ~41001 engine-h left
  [C trend] chunk 22118    25 combos  6487.2 s  hit 91.7%  crossed   2  |  2,497/554,422 done, 185.4 engine-h spent, ~40987 engine-h left
/Users/jackcuster/Documents/fx-data/code/l2lib.py:1884: RuntimeWarning: overflow encountered in scalar multiply
  st = fr if not np.isfinite(st) else index_smooth * fr + (1 - index_smooth) * st
/Users/jackcuster/Documents/fx-data/code/l2lib.py:1881: RuntimeWarning: overflow encountered in scalar multiply
  sm = r if not np.isfinite(sm) else price_smooth * r + (1 - price_smooth) * sm
/Users/jackcuster/Documents/fx-data/code/l2lib.py:1884: RuntimeWarning: overflow encountered in scalar multiply
  st = fr if not np.isfinite(st) else index_smooth * fr + (1 - index_smooth) * st
/Users/jackcuster/Documents/fx-data/code/l2lib.py:1881: RuntimeWarning: overflow encountered in scalar multiply
  sm = r if not np.isfinite(sm) else price_smooth * r + (1 - price_smooth) * sm
/Users/jackcuster/Documents/fx-data/code/l2lib.py:1856: RuntimeWarning: overflow encountered in scalar multiply
  fama[i] = .5 * al * mama[i] + (1 - .5 * al) * fama[i - 1]
/Users/jackcuster/Documents/fx-data/code/l2lib.py:1855: RuntimeWarning: overflow encountered in scalar multiply
  mama[i] = al * src[i] + (1 - al) * mama[i - 1]
/Users/jackcuster/Documents/fx-data/code/l2lib.py:1856: RuntimeWarning: invalid value encountered in scalar add
  fama[i] = .5 * al * mama[i] + (1 - .5 * al) * fama[i - 1]
/Users/jackcuster/Documents/fx-data/code/l2lib.py:1856: RuntimeWarning: overflow encountered in scalar add
  fama[i] = .5 * al * mama[i] + (1 - .5 * al) * fama[i - 1]
/Users/jackcuster/Documents/fx-data/code/l2lib.py:1856: RuntimeWarning: overflow encountered in scalar multiply
  fama[i] = .5 * al * mama[i] + (1 - .5 * al) * fama[i - 1]
/Users/jackcuster/Documents/fx-data/code/l2lib.py:1855: RuntimeWarning: overflow encountered in scalar multiply
  mama[i] = al * src[i] + (1 - al) * mama[i - 1]
/Users/jackcuster/Documents/fx-data/code/l2lib.py:1856: RuntimeWarning: invalid value encountered in scalar add
  fama[i] = .5 * al * mama[i] + (1 - .5 * al) * fama[i - 1]
/Users/jackcuster/Documents/fx-data/code/l2lib.py:1856: RuntimeWarning: overflow encountered in scalar add
  fama[i] = .5 * al * mama[i] + (1 - .5 * al) * fama[i - 1]
  [C trend] chunk 22117    25 combos  5785.5 s  hit 91.8%  crossed   3  |  2,522/554,422 done, 187.0 engine-h spent, ~40930 engine-h left
/Users/jackcuster/Documents/fx-data/code/l2lib.py:1884: RuntimeWarning: overflow encountered in scalar multiply
  st = fr if not np.isfinite(st) else index_smooth * fr + (1 - index_smooth) * st
/Users/jackcuster/Documents/fx-data/code/l2lib.py:1881: RuntimeWarning: overflow encountered in scalar multiply
  sm = r if not np.isfinite(sm) else price_smooth * r + (1 - price_smooth) * sm
/Users/jackcuster/Documents/fx-data/code/l2lib.py:1856: RuntimeWarning: overflow encountered in scalar multiply
  fama[i] = .5 * al * mama[i] + (1 - .5 * al) * fama[i - 1]
/Users/jackcuster/Documents/fx-data/code/l2lib.py:1855: RuntimeWarning: overflow encountered in scalar multiply
  mama[i] = al * src[i] + (1 - al) * mama[i - 1]
/Users/jackcuster/Documents/fx-data/code/l2lib.py:1856: RuntimeWarning: invalid value encountered in scalar add
  fama[i] = .5 * al * mama[i] + (1 - .5 * al) * fama[i - 1]
/Users/jackcuster/Documents/fx-data/code/l2lib.py:1856: RuntimeWarning: overflow encountered in scalar add
  fama[i] = .5 * al * mama[i] + (1 - .5 * al) * fama[i - 1]
  [C trend] chunk 22116    25 combos  5873.8 s  hit 91.7%  crossed   0  |  2,547/554,422 done, 188.7 engine-h spent, ~40880 engine-h left
  [C trend] chunk 22115    25 combos  6012.0 s  hit 91.4%  crossed   1  |  2,572/554,422 done, 190.3 engine-h spent, ~40839 engine-h left
/Users/jackcuster/Documents/fx-data/code/l2lib.py:1856: RuntimeWarning: overflow encountered in scalar multiply
  fama[i] = .5 * al * mama[i] + (1 - .5 * al) * fama[i - 1]
/Users/jackcuster/Documents/fx-data/code/l2lib.py:1855: RuntimeWarning: overflow encountered in scalar multiply
  mama[i] = al * src[i] + (1 - al) * mama[i - 1]
/Users/jackcuster/Documents/fx-data/code/l2lib.py:1856: RuntimeWarning: invalid value encountered in scalar add
  fama[i] = .5 * al * mama[i] + (1 - .5 * al) * fama[i - 1]
/Users/jackcuster/Documents/fx-data/code/l2lib.py:1856: RuntimeWarning: overflow encountered in scalar add
  fama[i] = .5 * al * mama[i] + (1 - .5 * al) * fama[i - 1]
  [C trend] chunk 22114    25 combos  6415.6 s  hit 91.7%  crossed   1  |  2,597/554,422 done, 192.1 engine-h spent, ~40823 engine-h left
/Users/jackcuster/Documents/fx-data/code/l2lib.py:1884: RuntimeWarning: overflow encountered in scalar multiply
  st = fr if not np.isfinite(st) else index_smooth * fr + (1 - index_smooth) * st
/Users/jackcuster/Documents/fx-data/code/l2lib.py:1881: RuntimeWarning: overflow encountered in scalar multiply
  sm = r if not np.isfinite(sm) else price_smooth * r + (1 - price_smooth) * sm
/Users/jackcuster/Documents/fx-data/code/l2lib.py:1856: RuntimeWarning: overflow encountered in scalar multiply
  fama[i] = .5 * al * mama[i] + (1 - .5 * al) * fama[i - 1]
/Users/jackcuster/Documents/fx-data/code/l2lib.py:1855: RuntimeWarning: overflow encountered in scalar multiply
  mama[i] = al * src[i] + (1 - al) * mama[i - 1]
/Users/jackcuster/Documents/fx-data/code/l2lib.py:1856: RuntimeWarning: invalid value encountered in scalar add
  fama[i] = .5 * al * mama[i] + (1 - .5 * al) * fama[i - 1]
/Users/jackcuster/Documents/fx-data/code/l2lib.py:1856: RuntimeWarning: overflow encountered in scalar add
  fama[i] = .5 * al * mama[i] + (1 - .5 * al) * fama[i - 1]
/Users/jackcuster/Documents/fx-data/code/l2lib.py:1884: RuntimeWarning: overflow encountered in scalar multiply
  st = fr if not np.isfinite(st) else index_smooth * fr + (1 - index_smooth) * st
/Users/jackcuster/Documents/fx-data/code/l2lib.py:1881: RuntimeWarning: overflow encountered in scalar multiply
  sm = r if not np.isfinite(sm) else price_smooth * r + (1 - price_smooth) * sm
  [C trend] chunk 22113    25 combos  7602.6 s  hit 91.3%  crossed   5  |  2,622/554,422 done, 194.2 engine-h spent, ~40876 engine-h left
/Users/jackcuster/Documents/fx-data/code/l2lib.py:1856: RuntimeWarning: overflow encountered in scalar multiply
  fama[i] = .5 * al * mama[i] + (1 - .5 * al) * fama[i - 1]
/Users/jackcuster/Documents/fx-data/code/l2lib.py:1855: RuntimeWarning: overflow encountered in scalar multiply
  mama[i] = al * src[i] + (1 - al) * mama[i - 1]
/Users/jackcuster/Documents/fx-data/code/l2lib.py:1856: RuntimeWarning: invalid value encountered in scalar add
  fama[i] = .5 * al * mama[i] + (1 - .5 * al) * fama[i - 1]
/Users/jackcuster/Documents/fx-data/code/l2lib.py:1856: RuntimeWarning: overflow encountered in scalar add
  fama[i] = .5 * al * mama[i] + (1 - .5 * al) * fama[i - 1]
  [C trend] chunk 22112    25 combos  6622.2 s  hit 91.7%  crossed   0  |  2,647/554,422 done, 196.1 engine-h spent, ~40872 engine-h left
/Users/jackcuster/Documents/fx-data/code/l2lib.py:1884: RuntimeWarning: overflow encountered in scalar multiply
  st = fr if not np.isfinite(st) else index_smooth * fr + (1 - index_smooth) * st
/Users/jackcuster/Documents/fx-data/code/l2lib.py:1881: RuntimeWarning: overflow encountered in scalar multiply
  sm = r if not np.isfinite(sm) else price_smooth * r + (1 - price_smooth) * sm
  [C trend] chunk 22111    25 combos  7224.6 s  hit 91.6%  crossed   0  |  2,672/554,422 done, 198.1 engine-h spent, ~40902 engine-h left
/Users/jackcuster/Documents/fx-data/code/l2lib.py:1884: RuntimeWarning: overflow encountered in scalar multiply
  st = fr if not np.isfinite(st) else index_smooth * fr + (1 - index_smooth) * st
/Users/jackcuster/Documents/fx-data/code/l2lib.py:1881: RuntimeWarning: overflow encountered in scalar multiply
  sm = r if not np.isfinite(sm) else price_smooth * r + (1 - price_smooth) * sm
/Users/jackcuster/Documents/fx-data/code/l2lib.py:1884: RuntimeWarning: overflow encountered in scalar multiply
  st = fr if not np.isfinite(st) else index_smooth * fr + (1 - index_smooth) * st
/Users/jackcuster/Documents/fx-data/code/l2lib.py:1881: RuntimeWarning: overflow encountered in scalar multiply
  sm = r if not np.isfinite(sm) else price_smooth * r + (1 - price_smooth) * sm
  [C trend] chunk 22110    25 combos  7652.7 s  hit 91.4%  crossed   0  |  2,697/554,422 done, 200.2 engine-h spent, ~40956 engine-h left
  [C trend] chunk 22109    25 combos  7600.1 s  hit 90.3%  crossed   1  |  2,722/554,422 done, 202.3 engine-h spent, ~41006 engine-h left
/Users/jackcuster/Documents/fx-data/code/l2lib.py:1884: RuntimeWarning: overflow encountered in scalar multiply
  st = fr if not np.isfinite(st) else index_smooth * fr + (1 - index_smooth) * st
/Users/jackcuster/Documents/fx-data/code/l2lib.py:1881: RuntimeWarning: overflow encountered in scalar multiply
  sm = r if not np.isfinite(sm) else price_smooth * r + (1 - price_smooth) * sm
/Users/jackcuster/Documents/fx-data/code/l2lib.py:1884: RuntimeWarning: overflow encountered in scalar multiply
  st = fr if not np.isfinite(st) else index_smooth * fr + (1 - index_smooth) * st
/Users/jackcuster/Documents/fx-data/code/l2lib.py:1881: RuntimeWarning: overflow encountered in scalar multiply
  sm = r if not np.isfinite(sm) else price_smooth * r + (1 - price_smooth) * sm
/Users/jackcuster/Documents/fx-data/code/l2lib.py:1856: RuntimeWarning: overflow encountered in scalar multiply
  fama[i] = .5 * al * mama[i] + (1 - .5 * al) * fama[i - 1]
/Users/jackcuster/Documents/fx-data/code/l2lib.py:1855: RuntimeWarning: overflow encountered in scalar multiply
  mama[i] = al * src[i] + (1 - al) * mama[i - 1]
/Users/jackcuster/Documents/fx-data/code/l2lib.py:1856: RuntimeWarning: invalid value encountered in scalar add
  fama[i] = .5 * al * mama[i] + (1 - .5 * al) * fama[i - 1]
/Users/jackcuster/Documents/fx-data/code/l2lib.py:1856: RuntimeWarning: overflow encountered in scalar add
  fama[i] = .5 * al * mama[i] + (1 - .5 * al) * fama[i - 1]
/Users/jackcuster/Documents/fx-data/code/l2lib.py:1856: RuntimeWarning: overflow encountered in scalar multiply
  fama[i] = .5 * al * mama[i] + (1 - .5 * al) * fama[i - 1]
/Users/jackcuster/Documents/fx-data/code/l2lib.py:1855: RuntimeWarning: overflow encountered in scalar multiply
  mama[i] = al * src[i] + (1 - al) * mama[i - 1]
/Users/jackcuster/Documents/fx-data/code/l2lib.py:1856: RuntimeWarning: invalid value encountered in scalar add
  fama[i] = .5 * al * mama[i] + (1 - .5 * al) * fama[i - 1]
/Users/jackcuster/Documents/fx-data/code/l2lib.py:1856: RuntimeWarning: overflow encountered in scalar add
  fama[i] = .5 * al * mama[i] + (1 - .5 * al) * fama[i - 1]
  [C trend] chunk 22108    25 combos  7772.8 s  hit 90.3%  crossed   1  |  2,747/554,422 done, 204.5 engine-h spent, ~41064 engine-h left
/Users/jackcuster/Documents/fx-data/code/l2lib.py:1856: RuntimeWarning: overflow encountered in scalar multiply
  fama[i] = .5 * al * mama[i] + (1 - .5 * al) * fama[i - 1]
/Users/jackcuster/Documents/fx-data/code/l2lib.py:1855: RuntimeWarning: overflow encountered in scalar multiply
  mama[i] = al * src[i] + (1 - al) * mama[i - 1]
/Users/jackcuster/Documents/fx-data/code/l2lib.py:1856: RuntimeWarning: invalid value encountered in scalar add
  fama[i] = .5 * al * mama[i] + (1 - .5 * al) * fama[i - 1]
/Users/jackcuster/Documents/fx-data/code/l2lib.py:1856: RuntimeWarning: overflow encountered in scalar add
  fama[i] = .5 * al * mama[i] + (1 - .5 * al) * fama[i - 1]
/Users/jackcuster/Documents/fx-data/code/l2lib.py:1884: RuntimeWarning: overflow encountered in scalar multiply
  st = fr if not np.isfinite(st) else index_smooth * fr + (1 - index_smooth) * st
/Users/jackcuster/Documents/fx-data/code/l2lib.py:1881: RuntimeWarning: overflow encountered in scalar multiply
  sm = r if not np.isfinite(sm) else price_smooth * r + (1 - price_smooth) * sm
/Users/jackcuster/Documents/fx-data/code/l2lib.py:1856: RuntimeWarning: overflow encountered in scalar multiply
  fama[i] = .5 * al * mama[i] + (1 - .5 * al) * fama[i - 1]
/Users/jackcuster/Documents/fx-data/code/l2lib.py:1855: RuntimeWarning: overflow encountered in scalar multiply
  mama[i] = al * src[i] + (1 - al) * mama[i - 1]
/Users/jackcuster/Documents/fx-data/code/l2lib.py:1856: RuntimeWarning: invalid value encountered in scalar add
  fama[i] = .5 * al * mama[i] + (1 - .5 * al) * fama[i - 1]
/Users/jackcuster/Documents/fx-data/code/l2lib.py:1856: RuntimeWarning: overflow encountered in scalar add
  fama[i] = .5 * al * mama[i] + (1 - .5 * al) * fama[i - 1]
  [C trend] chunk 22107    25 combos  7823.6 s  hit 90.2%  crossed   6  |  2,772/554,422 done, 206.7 engine-h spent, ~41125 engine-h left
  [C trend] chunk 22106    25 combos  7672.7 s  hit 90.2%  crossed   1  |  2,797/554,422 done, 208.8 engine-h spent, ~41176 engine-h left
/Users/jackcuster/Documents/fx-data/code/l2lib.py:1856: RuntimeWarning: overflow encountered in scalar multiply
  fama[i] = .5 * al * mama[i] + (1 - .5 * al) * fama[i - 1]
/Users/jackcuster/Documents/fx-data/code/l2lib.py:1855: RuntimeWarning: overflow encountered in scalar multiply
  mama[i] = al * src[i] + (1 - al) * mama[i - 1]
/Users/jackcuster/Documents/fx-data/code/l2lib.py:1856: RuntimeWarning: invalid value encountered in scalar add
  fama[i] = .5 * al * mama[i] + (1 - .5 * al) * fama[i - 1]
/Users/jackcuster/Documents/fx-data/code/l2lib.py:1856: RuntimeWarning: overflow encountered in scalar add
  fama[i] = .5 * al * mama[i] + (1 - .5 * al) * fama[i - 1]
/Users/jackcuster/Documents/fx-data/code/l2lib.py:1884: RuntimeWarning: overflow encountered in scalar multiply
  st = fr if not np.isfinite(st) else index_smooth * fr + (1 - index_smooth) * st
/Users/jackcuster/Documents/fx-data/code/l2lib.py:1881: RuntimeWarning: overflow encountered in scalar multiply
  sm = r if not np.isfinite(sm) else price_smooth * r + (1 - price_smooth) * sm
/Users/jackcuster/Documents/fx-data/code/l2lib.py:1856: RuntimeWarning: overflow encountered in scalar multiply
  fama[i] = .5 * al * mama[i] + (1 - .5 * al) * fama[i - 1]
/Users/jackcuster/Documents/fx-data/code/l2lib.py:1855: RuntimeWarning: overflow encountered in scalar multiply
  mama[i] = al * src[i] + (1 - al) * mama[i - 1]
/Users/jackcuster/Documents/fx-data/code/l2lib.py:1856: RuntimeWarning: invalid value encountered in scalar add
  fama[i] = .5 * al * mama[i] + (1 - .5 * al) * fama[i - 1]
/Users/jackcuster/Documents/fx-data/code/l2lib.py:1856: RuntimeWarning: overflow encountered in scalar add
  fama[i] = .5 * al * mama[i] + (1 - .5 * al) * fama[i - 1]
  [C trend] chunk 22105    25 combos  7972.1 s  hit 90.2%  crossed   0  |  2,822/554,422 done, 211.0 engine-h spent, ~41242 engine-h left
/Users/jackcuster/Documents/fx-data/code/l2lib.py:1884: RuntimeWarning: overflow encountered in scalar multiply
  st = fr if not np.isfinite(st) else index_smooth * fr + (1 - index_smooth) * st
/Users/jackcuster/Documents/fx-data/code/l2lib.py:1881: RuntimeWarning: overflow encountered in scalar multiply
  sm = r if not np.isfinite(sm) else price_smooth * r + (1 - price_smooth) * sm
/Users/jackcuster/Documents/fx-data/code/l2lib.py:1884: RuntimeWarning: overflow encountered in scalar multiply
  st = fr if not np.isfinite(st) else index_smooth * fr + (1 - index_smooth) * st
/Users/jackcuster/Documents/fx-data/code/l2lib.py:1881: RuntimeWarning: overflow encountered in scalar multiply
  sm = r if not np.isfinite(sm) else price_smooth * r + (1 - price_smooth) * sm
  [C trend] chunk 22104    25 combos  8045.2 s  hit 90.2%  crossed   2  |  2,847/554,422 done, 213.2 engine-h spent, ~41311 engine-h left
/Users/jackcuster/Documents/fx-data/code/l2lib.py:1884: RuntimeWarning: overflow encountered in scalar multiply
  st = fr if not np.isfinite(st) else index_smooth * fr + (1 - index_smooth) * st
/Users/jackcuster/Documents/fx-data/code/l2lib.py:1881: RuntimeWarning: overflow encountered in scalar multiply
  sm = r if not np.isfinite(sm) else price_smooth * r + (1 - price_smooth) * sm
  [C trend] chunk 22103    25 combos  8504.3 s  hit 90.6%  crossed   2  |  2,872/554,422 done, 215.6 engine-h spent, ~41403 engine-h left
/Users/jackcuster/Documents/fx-data/code/l2lib.py:1856: RuntimeWarning: overflow encountered in scalar multiply
  fama[i] = .5 * al * mama[i] + (1 - .5 * al) * fama[i - 1]
/Users/jackcuster/Documents/fx-data/code/l2lib.py:1855: RuntimeWarning: overflow encountered in scalar multiply
  mama[i] = al * src[i] + (1 - al) * mama[i - 1]
/Users/jackcuster/Documents/fx-data/code/l2lib.py:1856: RuntimeWarning: invalid value encountered in scalar add
  fama[i] = .5 * al * mama[i] + (1 - .5 * al) * fama[i - 1]
/Users/jackcuster/Documents/fx-data/code/l2lib.py:1856: RuntimeWarning: overflow encountered in scalar add
  fama[i] = .5 * al * mama[i] + (1 - .5 * al) * fama[i - 1]
  [C trend] chunk 22102    25 combos  9657.1 s  hit 90.4%  crossed   0  |  2,897/554,422 done, 218.3 engine-h spent, ~41554 engine-h left
  [C trend] chunk 22101    25 combos  8134.0 s  hit 90.1%  crossed   1  |  2,922/554,422 done, 220.5 engine-h spent, ~41624 engine-h left
  [C trend] chunk 22100    25 combos  7905.6 s  hit 90.1%  crossed   1  |  2,947/554,422 done, 222.7 engine-h spent, ~41680 engine-h left
/Users/jackcuster/Documents/fx-data/code/l2lib.py:1884: RuntimeWarning: overflow encountered in scalar multiply
  st = fr if not np.isfinite(st) else index_smooth * fr + (1 - index_smooth) * st
/Users/jackcuster/Documents/fx-data/code/l2lib.py:1881: RuntimeWarning: overflow encountered in scalar multiply
  sm = r if not np.isfinite(sm) else price_smooth * r + (1 - price_smooth) * sm
/Users/jackcuster/Documents/fx-data/code/l2lib.py:1856: RuntimeWarning: overflow encountered in scalar multiply
  fama[i] = .5 * al * mama[i] + (1 - .5 * al) * fama[i - 1]
/Users/jackcuster/Documents/fx-data/code/l2lib.py:1855: RuntimeWarning: overflow encountered in scalar multiply
  mama[i] = al * src[i] + (1 - al) * mama[i - 1]
/Users/jackcuster/Documents/fx-data/code/l2lib.py:1856: RuntimeWarning: invalid value encountered in scalar add
  fama[i] = .5 * al * mama[i] + (1 - .5 * al) * fama[i - 1]
/Users/jackcuster/Documents/fx-data/code/l2lib.py:1856: RuntimeWarning: overflow encountered in scalar add
  fama[i] = .5 * al * mama[i] + (1 - .5 * al) * fama[i - 1]
/Users/jackcuster/Documents/fx-data/code/l2lib.py:1884: RuntimeWarning: overflow encountered in scalar multiply
  st = fr if not np.isfinite(st) else index_smooth * fr + (1 - index_smooth) * st
/Users/jackcuster/Documents/fx-data/code/l2lib.py:1881: RuntimeWarning: overflow encountered in scalar multiply
  sm = r if not np.isfinite(sm) else price_smooth * r + (1 - price_smooth) * sm
  [C trend] chunk 22099    25 combos  8026.3 s  hit 90.1%  crossed   2  |  2,972/554,422 done, 225.0 engine-h spent, ~41741 engine-h left
/Users/jackcuster/Documents/fx-data/code/l2lib.py:1884: RuntimeWarning: overflow encountered in scalar multiply
  st = fr if not np.isfinite(st) else index_smooth * fr + (1 - index_smooth) * st
/Users/jackcuster/Documents/fx-data/code/l2lib.py:1881: RuntimeWarning: overflow encountered in scalar multiply
  sm = r if not np.isfinite(sm) else price_smooth * r + (1 - price_smooth) * sm
/Users/jackcuster/Documents/fx-data/code/l2lib.py:1856: RuntimeWarning: overflow encountered in scalar multiply
  fama[i] = .5 * al * mama[i] + (1 - .5 * al) * fama[i - 1]
/Users/jackcuster/Documents/fx-data/code/l2lib.py:1855: RuntimeWarning: overflow encountered in scalar multiply
  mama[i] = al * src[i] + (1 - al) * mama[i - 1]
/Users/jackcuster/Documents/fx-data/code/l2lib.py:1856: RuntimeWarning: invalid value encountered in scalar add
  fama[i] = .5 * al * mama[i] + (1 - .5 * al) * fama[i - 1]
/Users/jackcuster/Documents/fx-data/code/l2lib.py:1856: RuntimeWarning: overflow encountered in scalar add
  fama[i] = .5 * al * mama[i] + (1 - .5 * al) * fama[i - 1]
/Users/jackcuster/Documents/fx-data/code/l2lib.py:1856: RuntimeWarning: overflow encountered in scalar multiply
  fama[i] = .5 * al * mama[i] + (1 - .5 * al) * fama[i - 1]
/Users/jackcuster/Documents/fx-data/code/l2lib.py:1855: RuntimeWarning: overflow encountered in scalar multiply
  mama[i] = al * src[i] + (1 - al) * mama[i - 1]
/Users/jackcuster/Documents/fx-data/code/l2lib.py:1856: RuntimeWarning: invalid value encountered in scalar add
  fama[i] = .5 * al * mama[i] + (1 - .5 * al) * fama[i - 1]
/Users/jackcuster/Documents/fx-data/code/l2lib.py:1856: RuntimeWarning: overflow encountered in scalar add
  fama[i] = .5 * al * mama[i] + (1 - .5 * al) * fama[i - 1]
  [C trend] chunk 22097    25 combos  7794.8 s  hit 90.1%  crossed   0  |  2,997/554,422 done, 227.1 engine-h spent, ~41789 engine-h left
  [C trend] chunk 22098    25 combos  8412.9 s  hit 90.0%  crossed   0  |  3,022/554,422 done, 229.5 engine-h spent, ~41868 engine-h left
/Users/jackcuster/Documents/fx-data/code/l2lib.py:1884: RuntimeWarning: overflow encountered in scalar multiply
  st = fr if not np.isfinite(st) else index_smooth * fr + (1 - index_smooth) * st
/Users/jackcuster/Documents/fx-data/code/l2lib.py:1881: RuntimeWarning: overflow encountered in scalar multiply
  sm = r if not np.isfinite(sm) else price_smooth * r + (1 - price_smooth) * sm
/Users/jackcuster/Documents/fx-data/code/l2lib.py:1856: RuntimeWarning: overflow encountered in scalar multiply
  fama[i] = .5 * al * mama[i] + (1 - .5 * al) * fama[i - 1]
/Users/jackcuster/Documents/fx-data/code/l2lib.py:1855: RuntimeWarning: overflow encountered in scalar multiply
  mama[i] = al * src[i] + (1 - al) * mama[i - 1]
/Users/jackcuster/Documents/fx-data/code/l2lib.py:1856: RuntimeWarning: invalid value encountered in scalar add
  fama[i] = .5 * al * mama[i] + (1 - .5 * al) * fama[i - 1]
/Users/jackcuster/Documents/fx-data/code/l2lib.py:1856: RuntimeWarning: overflow encountered in scalar add
  fama[i] = .5 * al * mama[i] + (1 - .5 * al) * fama[i - 1]
/Users/jackcuster/Documents/fx-data/code/l2lib.py:1884: RuntimeWarning: overflow encountered in scalar multiply
  st = fr if not np.isfinite(st) else index_smooth * fr + (1 - index_smooth) * st
/Users/jackcuster/Documents/fx-data/code/l2lib.py:1881: RuntimeWarning: overflow encountered in scalar multiply
  sm = r if not np.isfinite(sm) else price_smooth * r + (1 - price_smooth) * sm
  [C trend] chunk 22096    25 combos  8260.0 s  hit 90.1%  crossed   3  |  3,047/554,422 done, 231.8 engine-h spent, ~41938 engine-h left
/Users/jackcuster/Documents/fx-data/code/l2lib.py:1856: RuntimeWarning: overflow encountered in scalar multiply
  fama[i] = .5 * al * mama[i] + (1 - .5 * al) * fama[i - 1]
/Users/jackcuster/Documents/fx-data/code/l2lib.py:1855: RuntimeWarning: overflow encountered in scalar multiply
  mama[i] = al * src[i] + (1 - al) * mama[i - 1]
/Users/jackcuster/Documents/fx-data/code/l2lib.py:1856: RuntimeWarning: invalid value encountered in scalar add
  fama[i] = .5 * al * mama[i] + (1 - .5 * al) * fama[i - 1]
/Users/jackcuster/Documents/fx-data/code/l2lib.py:1856: RuntimeWarning: overflow encountered in scalar add
  fama[i] = .5 * al * mama[i] + (1 - .5 * al) * fama[i - 1]
/Users/jackcuster/Documents/fx-data/code/l2lib.py:1884: RuntimeWarning: overflow encountered in scalar multiply
  st = fr if not np.isfinite(st) else index_smooth * fr + (1 - index_smooth) * st
/Users/jackcuster/Documents/fx-data/code/l2lib.py:1881: RuntimeWarning: overflow encountered in scalar multiply
  sm = r if not np.isfinite(sm) else price_smooth * r + (1 - price_smooth) * sm
/Users/jackcuster/Documents/fx-data/code/l2lib.py:1856: RuntimeWarning: overflow encountered in scalar multiply
  fama[i] = .5 * al * mama[i] + (1 - .5 * al) * fama[i - 1]
/Users/jackcuster/Documents/fx-data/code/l2lib.py:1855: RuntimeWarning: overflow encountered in scalar multiply
  mama[i] = al * src[i] + (1 - al) * mama[i - 1]
/Users/jackcuster/Documents/fx-data/code/l2lib.py:1856: RuntimeWarning: invalid value encountered in scalar add
  fama[i] = .5 * al * mama[i] + (1 - .5 * al) * fama[i - 1]
/Users/jackcuster/Documents/fx-data/code/l2lib.py:1856: RuntimeWarning: overflow encountered in scalar add
  fama[i] = .5 * al * mama[i] + (1 - .5 * al) * fama[i - 1]
  [C trend] chunk 22094    25 combos  8269.4 s  hit 90.0%  crossed   4  |  3,072/554,422 done, 234.1 engine-h spent, ~42007 engine-h left
  [C trend] chunk 22095    25 combos  8568.7 s  hit 89.7%  crossed   9  |  3,097/554,422 done, 236.4 engine-h spent, ~42090 engine-h left
/Users/jackcuster/Documents/fx-data/code/l2lib.py:1884: RuntimeWarning: overflow encountered in scalar multiply
  st = fr if not np.isfinite(st) else index_smooth * fr + (1 - index_smooth) * st
/Users/jackcuster/Documents/fx-data/code/l2lib.py:1881: RuntimeWarning: overflow encountered in scalar multiply
  sm = r if not np.isfinite(sm) else price_smooth * r + (1 - price_smooth) * sm
/Users/jackcuster/Documents/fx-data/code/l2lib.py:1884: RuntimeWarning: overflow encountered in scalar multiply
  st = fr if not np.isfinite(st) else index_smooth * fr + (1 - index_smooth) * st
/Users/jackcuster/Documents/fx-data/code/l2lib.py:1881: RuntimeWarning: overflow encountered in scalar multiply
  sm = r if not np.isfinite(sm) else price_smooth * r + (1 - price_smooth) * sm
/Users/jackcuster/Documents/fx-data/code/l2lib.py:1856: RuntimeWarning: overflow encountered in scalar multiply
  fama[i] = .5 * al * mama[i] + (1 - .5 * al) * fama[i - 1]
/Users/jackcuster/Documents/fx-data/code/l2lib.py:1855: RuntimeWarning: overflow encountered in scalar multiply
  mama[i] = al * src[i] + (1 - al) * mama[i - 1]
/Users/jackcuster/Documents/fx-data/code/l2lib.py:1856: RuntimeWarning: invalid value encountered in scalar add
  fama[i] = .5 * al * mama[i] + (1 - .5 * al) * fama[i - 1]
/Users/jackcuster/Documents/fx-data/code/l2lib.py:1856: RuntimeWarning: overflow encountered in scalar add
  fama[i] = .5 * al * mama[i] + (1 - .5 * al) * fama[i - 1]
/Users/jackcuster/Documents/fx-data/code/l2lib.py:1856: RuntimeWarning: overflow encountered in scalar multiply
  fama[i] = .5 * al * mama[i] + (1 - .5 * al) * fama[i - 1]
/Users/jackcuster/Documents/fx-data/code/l2lib.py:1855: RuntimeWarning: overflow encountered in scalar multiply
  mama[i] = al * src[i] + (1 - al) * mama[i - 1]
/Users/jackcuster/Documents/fx-data/code/l2lib.py:1856: RuntimeWarning: invalid value encountered in scalar add
  fama[i] = .5 * al * mama[i] + (1 - .5 * al) * fama[i - 1]
/Users/jackcuster/Documents/fx-data/code/l2lib.py:1856: RuntimeWarning: overflow encountered in scalar add
  fama[i] = .5 * al * mama[i] + (1 - .5 * al) * fama[i - 1]
/Users/jackcuster/Documents/fx-data/code/l2lib.py:1884: RuntimeWarning: overflow encountered in scalar multiply
  st = fr if not np.isfinite(st) else index_smooth * fr + (1 - index_smooth) * st
/Users/jackcuster/Documents/fx-data/code/l2lib.py:1881: RuntimeWarning: overflow encountered in scalar multiply
  sm = r if not np.isfinite(sm) else price_smooth * r + (1 - price_smooth) * sm
  [C trend] chunk 22093    25 combos  8166.4 s  hit 90.2%  crossed   1  |  3,122/554,422 done, 238.7 engine-h spent, ~42151 engine-h left
/Users/jackcuster/Documents/fx-data/code/l2lib.py:1856: RuntimeWarning: overflow encountered in scalar multiply
  fama[i] = .5 * al * mama[i] + (1 - .5 * al) * fama[i - 1]
/Users/jackcuster/Documents/fx-data/code/l2lib.py:1855: RuntimeWarning: overflow encountered in scalar multiply
  mama[i] = al * src[i] + (1 - al) * mama[i - 1]
/Users/jackcuster/Documents/fx-data/code/l2lib.py:1856: RuntimeWarning: invalid value encountered in scalar add
  fama[i] = .5 * al * mama[i] + (1 - .5 * al) * fama[i - 1]
/Users/jackcuster/Documents/fx-data/code/l2lib.py:1856: RuntimeWarning: overflow encountered in scalar add
  fama[i] = .5 * al * mama[i] + (1 - .5 * al) * fama[i - 1]
  [C trend] chunk 22091    25 combos  8675.8 s  hit 90.0%  crossed   3  |  3,147/554,422 done, 241.1 engine-h spent, ~42237 engine-h left
  [C trend] chunk 22092    25 combos  10218.8 s  hit 89.7%  crossed   4  |  3,172/554,422 done, 243.9 engine-h spent, ~42395 engine-h left
  [C trend] chunk 22090    25 combos  8117.5 s  hit 89.9%  crossed   1  |  3,197/554,422 done, 246.2 engine-h spent, ~42450 engine-h left
/Users/jackcuster/Documents/fx-data/code/l2lib.py:1856: RuntimeWarning: overflow encountered in scalar multiply
  fama[i] = .5 * al * mama[i] + (1 - .5 * al) * fama[i - 1]
/Users/jackcuster/Documents/fx-data/code/l2lib.py:1855: RuntimeWarning: overflow encountered in scalar multiply
  mama[i] = al * src[i] + (1 - al) * mama[i - 1]
/Users/jackcuster/Documents/fx-data/code/l2lib.py:1856: RuntimeWarning: invalid value encountered in scalar add
  fama[i] = .5 * al * mama[i] + (1 - .5 * al) * fama[i - 1]
/Users/jackcuster/Documents/fx-data/code/l2lib.py:1856: RuntimeWarning: overflow encountered in scalar add
  fama[i] = .5 * al * mama[i] + (1 - .5 * al) * fama[i - 1]
/Users/jackcuster/Documents/fx-data/code/l2lib.py:1884: RuntimeWarning: overflow encountered in scalar multiply
  st = fr if not np.isfinite(st) else index_smooth * fr + (1 - index_smooth) * st
/Users/jackcuster/Documents/fx-data/code/l2lib.py:1881: RuntimeWarning: overflow encountered in scalar multiply
  sm = r if not np.isfinite(sm) else price_smooth * r + (1 - price_smooth) * sm
/Users/jackcuster/Documents/fx-data/code/l2lib.py:1856: RuntimeWarning: overflow encountered in scalar multiply
  fama[i] = .5 * al * mama[i] + (1 - .5 * al) * fama[i - 1]
/Users/jackcuster/Documents/fx-data/code/l2lib.py:1855: RuntimeWarning: overflow encountered in scalar multiply
  mama[i] = al * src[i] + (1 - al) * mama[i - 1]
/Users/jackcuster/Documents/fx-data/code/l2lib.py:1856: RuntimeWarning: invalid value encountered in scalar add
  fama[i] = .5 * al * mama[i] + (1 - .5 * al) * fama[i - 1]
/Users/jackcuster/Documents/fx-data/code/l2lib.py:1856: RuntimeWarning: overflow encountered in scalar add
  fama[i] = .5 * al * mama[i] + (1 - .5 * al) * fama[i - 1]
/Users/jackcuster/Documents/fx-data/code/l2lib.py:1884: RuntimeWarning: overflow encountered in scalar multiply
  st = fr if not np.isfinite(st) else index_smooth * fr + (1 - index_smooth) * st
/Users/jackcuster/Documents/fx-data/code/l2lib.py:1881: RuntimeWarning: overflow encountered in scalar multiply
  sm = r if not np.isfinite(sm) else price_smooth * r + (1 - price_smooth) * sm
  [C trend] chunk 22088    25 combos  39098.3 s  hit 90.4%  crossed   1  |  3,222/554,422 done, 257.1 engine-h spent, ~43977 engine-h left
/Users/jackcuster/Documents/fx-data/code/l2lib.py:1884: RuntimeWarning: overflow encountered in scalar multiply
  st = fr if not np.isfinite(st) else index_smooth * fr + (1 - index_smooth) * st
/Users/jackcuster/Documents/fx-data/code/l2lib.py:1881: RuntimeWarning: overflow encountered in scalar multiply
  sm = r if not np.isfinite(sm) else price_smooth * r + (1 - price_smooth) * sm
  [C trend] chunk 22089    25 combos  40824.4 s  hit 90.0%  crossed   1  |  3,247/554,422 done, 268.4 engine-h spent, ~45562 engine-h left
/Users/jackcuster/Documents/fx-data/code/l2lib.py:1856: RuntimeWarning: overflow encountered in scalar multiply
  fama[i] = .5 * al * mama[i] + (1 - .5 * al) * fama[i - 1]
/Users/jackcuster/Documents/fx-data/code/l2lib.py:1855: RuntimeWarning: overflow encountered in scalar multiply
  mama[i] = al * src[i] + (1 - al) * mama[i - 1]
/Users/jackcuster/Documents/fx-data/code/l2lib.py:1856: RuntimeWarning: invalid value encountered in scalar add
  fama[i] = .5 * al * mama[i] + (1 - .5 * al) * fama[i - 1]
/Users/jackcuster/Documents/fx-data/code/l2lib.py:1856: RuntimeWarning: overflow encountered in scalar add
  fama[i] = .5 * al * mama[i] + (1 - .5 * al) * fama[i - 1]
  [C trend] chunk 22087    25 combos  38170.9 s  hit 90.4%  crossed   7  |  3,272/554,422 done, 279.0 engine-h spent, ~46997 engine-h left
  [C trend] chunk 22086    25 combos  5412.7 s  hit 90.0%  crossed   0  |  3,297/554,422 done, 280.5 engine-h spent, ~46890 engine-h left
  [C trend] chunk 22085    25 combos  5180.3 s  hit 90.1%  crossed   0  |  3,322/554,422 done, 281.9 engine-h spent, ~46774 engine-h left
/Users/jackcuster/Documents/fx-data/code/l2lib.py:1884: RuntimeWarning: overflow encountered in scalar multiply
  st = fr if not np.isfinite(st) else index_smooth * fr + (1 - index_smooth) * st
/Users/jackcuster/Documents/fx-data/code/l2lib.py:1881: RuntimeWarning: overflow encountered in scalar multiply
  sm = r if not np.isfinite(sm) else price_smooth * r + (1 - price_smooth) * sm
/Users/jackcuster/Documents/fx-data/code/l2lib.py:1856: RuntimeWarning: overflow encountered in scalar multiply
  fama[i] = .5 * al * mama[i] + (1 - .5 * al) * fama[i - 1]
/Users/jackcuster/Documents/fx-data/code/l2lib.py:1855: RuntimeWarning: overflow encountered in scalar multiply
  mama[i] = al * src[i] + (1 - al) * mama[i - 1]
/Users/jackcuster/Documents/fx-data/code/l2lib.py:1856: RuntimeWarning: invalid value encountered in scalar add
  fama[i] = .5 * al * mama[i] + (1 - .5 * al) * fama[i - 1]
/Users/jackcuster/Documents/fx-data/code/l2lib.py:1856: RuntimeWarning: overflow encountered in scalar add
  fama[i] = .5 * al * mama[i] + (1 - .5 * al) * fama[i - 1]
  [C trend] chunk 22084    25 combos  5309.7 s  hit 90.2%  crossed   0  |  3,347/554,422 done, 283.4 engine-h spent, ~46665 engine-h left
/Users/jackcuster/Documents/fx-data/code/l2lib.py:1884: RuntimeWarning: overflow encountered in scalar multiply
  st = fr if not np.isfinite(st) else index_smooth * fr + (1 - index_smooth) * st
/Users/jackcuster/Documents/fx-data/code/l2lib.py:1881: RuntimeWarning: overflow encountered in scalar multiply
  sm = r if not np.isfinite(sm) else price_smooth * r + (1 - price_smooth) * sm
/Users/jackcuster/Documents/fx-data/code/l2lib.py:1884: RuntimeWarning: overflow encountered in scalar multiply
  st = fr if not np.isfinite(st) else index_smooth * fr + (1 - index_smooth) * st
/Users/jackcuster/Documents/fx-data/code/l2lib.py:1881: RuntimeWarning: overflow encountered in scalar multiply
  sm = r if not np.isfinite(sm) else price_smooth * r + (1 - price_smooth) * sm
/Users/jackcuster/Documents/fx-data/code/l2lib.py:1856: RuntimeWarning: overflow encountered in scalar multiply
  fama[i] = .5 * al * mama[i] + (1 - .5 * al) * fama[i - 1]
/Users/jackcuster/Documents/fx-data/code/l2lib.py:1855: RuntimeWarning: overflow encountered in scalar multiply
  mama[i] = al * src[i] + (1 - al) * mama[i - 1]
/Users/jackcuster/Documents/fx-data/code/l2lib.py:1856: RuntimeWarning: invalid value encountered in scalar add
  fama[i] = .5 * al * mama[i] + (1 - .5 * al) * fama[i - 1]
/Users/jackcuster/Documents/fx-data/code/l2lib.py:1856: RuntimeWarning: overflow encountered in scalar add
  fama[i] = .5 * al * mama[i] + (1 - .5 * al) * fama[i - 1]
/Users/jackcuster/Documents/fx-data/code/l2lib.py:1856: RuntimeWarning: overflow encountered in scalar multiply
  fama[i] = .5 * al * mama[i] + (1 - .5 * al) * fama[i - 1]
/Users/jackcuster/Documents/fx-data/code/l2lib.py:1855: RuntimeWarning: overflow encountered in scalar multiply
  mama[i] = al * src[i] + (1 - al) * mama[i - 1]
/Users/jackcuster/Documents/fx-data/code/l2lib.py:1856: RuntimeWarning: invalid value encountered in scalar add
  fama[i] = .5 * al * mama[i] + (1 - .5 * al) * fama[i - 1]
/Users/jackcuster/Documents/fx-data/code/l2lib.py:1856: RuntimeWarning: overflow encountered in scalar add
  fama[i] = .5 * al * mama[i] + (1 - .5 * al) * fama[i - 1]
/Users/jackcuster/Documents/fx-data/code/l2lib.py:1884: RuntimeWarning: overflow encountered in scalar multiply
  st = fr if not np.isfinite(st) else index_smooth * fr + (1 - index_smooth) * st
/Users/jackcuster/Documents/fx-data/code/l2lib.py:1881: RuntimeWarning: overflow encountered in scalar multiply
  sm = r if not np.isfinite(sm) else price_smooth * r + (1 - price_smooth) * sm
/Users/jackcuster/Documents/fx-data/code/l2lib.py:1856: RuntimeWarning: overflow encountered in scalar multiply
  fama[i] = .5 * al * mama[i] + (1 - .5 * al) * fama[i - 1]
/Users/jackcuster/Documents/fx-data/code/l2lib.py:1855: RuntimeWarning: overflow encountered in scalar multiply
  mama[i] = al * src[i] + (1 - al) * mama[i - 1]
/Users/jackcuster/Documents/fx-data/code/l2lib.py:1856: RuntimeWarning: invalid value encountered in scalar add
  fama[i] = .5 * al * mama[i] + (1 - .5 * al) * fama[i - 1]
/Users/jackcuster/Documents/fx-data/code/l2lib.py:1856: RuntimeWarning: overflow encountered in scalar add
  fama[i] = .5 * al * mama[i] + (1 - .5 * al) * fama[i - 1]
/Library/Developer/CommandLineTools/Library/Frameworks/Python3.framework/Versions/3.9/lib/python3.9/multiprocessing/resource_tracker.py:216: UserWarning: resource_tracker: There appear to be 6 leaked semaphore objects to clean up at shutdown
  warnings.warn('resource_tracker: There appear to be %d '
