ip1 available for 15 of 15
 rank     src    c_R    h_R  c_dd  h_dd  c_so  h_so  c_ca  h_ca  c_n  h_n
    1       B 100.23  21.06 12.25 16.88 35.31  6.31  8.18  1.25  304  330
    2       B 105.73  50.64  4.39 10.42 36.32 15.82 24.10  4.86  150  161
    3       B  84.69  23.47 13.89 13.89 30.70  5.74  6.10  1.69  146  214
    4       B  67.92  22.40  7.37 11.80 34.44  6.83  9.22  1.90  117  171
    5       B  85.58  68.00  8.13  8.13 34.61 29.81 10.52  8.36  202  186
    6 A-trend  61.04  44.95  7.74  9.19 32.05 17.36  7.88  4.89  192  314
    7       B  73.02  36.65 10.94 15.02 34.29 12.33  6.67  2.44  126  208
    8 A-trend  65.11  37.98  3.34  7.90 49.35 21.78 19.51  4.81  142  220
    9       B  68.17  26.83  6.06  9.78 28.13  8.76 11.24  2.74  222  232
   10       B  74.26  -2.23 15.16 25.53 27.19 -0.49  4.90 -0.09  268  334
   11       B  92.00  51.32  5.59  7.31 25.65 17.91 16.47  7.02  201  164
   12       B  74.26  26.42  5.49  8.40 34.39 14.58 13.53  3.15  172  156
   13       B 119.90  42.42  9.70 15.16 25.58  8.80 12.36  2.80  233  257
   14       B 138.91   9.60  5.93 16.46 62.11  3.00 23.41  0.58  230  236
   15       B 117.98 129.69  8.64 11.84 26.01 13.77 13.65 10.96  464  698

BOOK TOTALS  contaminated 1328.8 R -> honest 589.2 R  (56% lower)
  max DD sum  124.6 -> 187.7
  median Sortino 34.3 -> 12.3
  median Calmar  11.2 -> 2.8
DONE
