ip1 recovery (all): 101 strategies this shard (3/16), 36 already banked
  1/101  96 s each  ~2.7 h left
  2/101  89 s each  ~2.5 h left
  3/101  93 s each  ~2.5 h left
  4/101  110 s each  ~3.0 h left
  5/101  112 s each  ~3.0 h left
  6/101  115 s each  ~3.0 h left
  7/101  125 s each  ~3.3 h left
  8/101  130 s each  ~3.4 h left
  9/101  129 s each  ~3.3 h left
/opt/fx/code/l2lib.py:1881: RuntimeWarning: overflow encountered in scalar multiply
  sm = r if not np.isfinite(sm) else price_smooth * r + (1 - price_smooth) * sm
/opt/fx/code/l2lib.py:1884: RuntimeWarning: overflow encountered in scalar multiply
  st = fr if not np.isfinite(st) else index_smooth * fr + (1 - index_smooth) * st
  10/101  129 s each  ~3.3 h left
  11/101  136 s each  ~3.4 h left
  12/101  143 s each  ~3.5 h left
  13/101  141 s each  ~3.4 h left
  14/101  143 s each  ~3.5 h left
  15/101  138 s each  ~3.3 h left
  16/101  136 s each  ~3.2 h left
  17/101  134 s each  ~3.1 h left
  18/101  135 s each  ~3.1 h left
  19/101  223 s each  ~5.1 h left
  20/101  218 s each  ~4.9 h left
  21/101  216 s each  ~4.8 h left
  22/101  212 s each  ~4.6 h left
  23/101  218 s each  ~4.7 h left
  24/101  216 s each  ~4.6 h left
  25/101  210 s each  ~4.4 h left
  26/101  207 s each  ~4.3 h left
  27/101  205 s each  ~4.2 h left
  28/101  203 s each  ~4.1 h left
  29/101  200 s each  ~4.0 h left
/opt/fx/code/l2lib.py:1856: RuntimeWarning: overflow encountered in scalar multiply
  fama[i] = .5 * al * mama[i] + (1 - .5 * al) * fama[i - 1]
/opt/fx/code/l2lib.py:1855: RuntimeWarning: overflow encountered in scalar multiply
  mama[i] = al * src[i] + (1 - al) * mama[i - 1]
/opt/fx/code/l2lib.py:1856: RuntimeWarning: invalid value encountered in scalar add
  fama[i] = .5 * al * mama[i] + (1 - .5 * al) * fama[i - 1]
/opt/fx/code/l2lib.py:1856: RuntimeWarning: overflow encountered in scalar add
  fama[i] = .5 * al * mama[i] + (1 - .5 * al) * fama[i - 1]
  30/101  199 s each  ~3.9 h left
  31/101  200 s each  ~3.9 h left
  32/101  196 s each  ~3.8 h left
/opt/fx/code/l2pine.py:164: RuntimeWarning: invalid value encountered in divide
  return (W * w).sum(axis=1) / w.sum()
  33/101  194 s each  ~3.7 h left
  34/101  191 s each  ~3.6 h left
  35/101  191 s each  ~3.5 h left
  36/101  190 s each  ~3.4 h left
  37/101  190 s each  ~3.4 h left
  38/101  190 s each  ~3.3 h left
  39/101  187 s each  ~3.2 h left
  40/101  184 s each  ~3.1 h left
  41/101  182 s each  ~3.0 h left
  42/101  180 s each  ~3.0 h left
  43/101  181 s each  ~2.9 h left
  44/101  179 s each  ~2.8 h left
  45/101  179 s each  ~2.8 h left
  46/101  177 s each  ~2.7 h left
  47/101  179 s each  ~2.7 h left
  48/101  178 s each  ~2.6 h left
  49/101  176 s each  ~2.5 h left
  50/101  174 s each  ~2.5 h left
  51/101  174 s each  ~2.4 h left
  52/101  176 s each  ~2.4 h left
  53/101  176 s each  ~2.3 h left
  54/101  174 s each  ~2.3 h left
  55/101  173 s each  ~2.2 h left
  56/101  171 s each  ~2.1 h left
  57/101  170 s each  ~2.1 h left
  58/101  171 s each  ~2.0 h left
  59/101  170 s each  ~2.0 h left
  60/101  170 s each  ~1.9 h left
  61/101  171 s each  ~1.9 h left
  62/101  170 s each  ~1.8 h left
  63/101  170 s each  ~1.8 h left
  64/101  170 s each  ~1.7 h left
  65/101  170 s each  ~1.7 h left
  66/101  171 s each  ~1.7 h left
  67/101  169 s each  ~1.6 h left
  68/101  170 s each  ~1.6 h left
  69/101  170 s each  ~1.5 h left
  70/101  170 s each  ~1.5 h left
  71/101  173 s each  ~1.4 h left
  72/101  171 s each  ~1.4 h left
  73/101  171 s each  ~1.3 h left
  74/101  172 s each  ~1.3 h left
  75/101  172 s each  ~1.2 h left
  76/101  171 s each  ~1.2 h left
  77/101  171 s each  ~1.1 h left
  78/101  170 s each  ~1.1 h left
  79/101  169 s each  ~1.0 h left
  80/101  169 s each  ~1.0 h left
  81/101  170 s each  ~0.9 h left
  82/101  169 s each  ~0.9 h left
  83/101  169 s each  ~0.8 h left
  84/101  168 s each  ~0.8 h left
  85/101  170 s each  ~0.8 h left
  86/101  169 s each  ~0.7 h left
  87/101  171 s each  ~0.7 h left
  88/101  171 s each  ~0.6 h left
  89/101  171 s each  ~0.6 h left
  90/101  172 s each  ~0.5 h left
  91/101  171 s each  ~0.5 h left
  92/101  170 s each  ~0.4 h left
  93/101  188 s each  ~0.4 h left
  94/101  189 s each  ~0.4 h left
  95/101  188 s each  ~0.3 h left
  96/101  188 s each  ~0.3 h left
  97/101  187 s each  ~0.2 h left
  98/101  188 s each  ~0.2 h left
  99/101  188 s each  ~0.1 h left
  100/101  187 s each  ~0.1 h left
  101/101  187 s each  ~0.0 h left
DONE in 314.0 min
