ip1 recovery (all): 101 strategies this shard (6/16), 36 already banked
  1/101  123 s each  ~3.4 h left
  2/101  203 s each  ~5.6 h left
  3/101  156 s each  ~4.2 h left
  4/101  151 s each  ~4.1 h left
  5/101  143 s each  ~3.8 h left
  6/101  143 s each  ~3.8 h left
  7/101  141 s each  ~3.7 h left
  8/101  145 s each  ~3.7 h left
  9/101  138 s each  ~3.5 h left
  10/101  131 s each  ~3.3 h left
  11/101  131 s each  ~3.3 h left
  12/101  130 s each  ~3.2 h left
/opt/fx/code/l2lib.py:1881: RuntimeWarning: overflow encountered in scalar multiply
  sm = r if not np.isfinite(sm) else price_smooth * r + (1 - price_smooth) * sm
/opt/fx/code/l2lib.py:1884: RuntimeWarning: overflow encountered in scalar multiply
  st = fr if not np.isfinite(st) else index_smooth * fr + (1 - index_smooth) * st
  13/101  138 s each  ~3.4 h left
  14/101  137 s each  ~3.3 h left
  15/101  133 s each  ~3.2 h left
  16/101  136 s each  ~3.2 h left
  17/101  133 s each  ~3.1 h left
  18/101  134 s each  ~3.1 h left
  19/101  132 s each  ~3.0 h left
  20/101  133 s each  ~3.0 h left
  21/101  130 s each  ~2.9 h left
  22/101  133 s each  ~2.9 h left
  23/101  133 s each  ~2.9 h left
  24/101  139 s each  ~3.0 h left
  25/101  138 s each  ~2.9 h left
  26/101  211 s each  ~4.4 h left
  27/101  206 s each  ~4.2 h left
  28/101  204 s each  ~4.1 h left
  29/101  201 s each  ~4.0 h left
  30/101  197 s each  ~3.9 h left
  31/101  195 s each  ~3.8 h left
  32/101  303 s each  ~5.8 h left
  33/101  298 s each  ~5.6 h left
  34/101  295 s each  ~5.5 h left
  35/101  290 s each  ~5.3 h left
  36/101  289 s each  ~5.2 h left
  37/101  288 s each  ~5.1 h left
  38/101  283 s each  ~5.0 h left
  39/101  325 s each  ~5.6 h left
  40/101  318 s each  ~5.4 h left
  41/101  314 s each  ~5.2 h left
  42/101  313 s each  ~5.1 h left
  43/101  310 s each  ~5.0 h left
  44/101  305 s each  ~4.8 h left
  45/101  301 s each  ~4.7 h left
  46/101  299 s each  ~4.6 h left
  47/101  331 s each  ~5.0 h left
  48/101  328 s each  ~4.8 h left
  49/101  324 s each  ~4.7 h left
  50/101  320 s each  ~4.5 h left
  51/101  316 s each  ~4.4 h left
  52/101  312 s each  ~4.3 h left
  53/101  309 s each  ~4.1 h left
  54/101  305 s each  ~4.0 h left
  55/101  304 s each  ~3.9 h left
  56/101  300 s each  ~3.8 h left
  57/101  297 s each  ~3.6 h left
  58/101  297 s each  ~3.5 h left
  59/101  293 s each  ~3.4 h left
  60/101  291 s each  ~3.3 h left
  61/101  288 s each  ~3.2 h left
  62/101  288 s each  ~3.1 h left
  63/101  285 s each  ~3.0 h left
  64/101  284 s each  ~2.9 h left
  65/101  284 s each  ~2.8 h left
  66/101  281 s each  ~2.7 h left
  67/101  278 s each  ~2.6 h left
  68/101  276 s each  ~2.5 h left
  69/101  275 s each  ~2.4 h left
  70/101  275 s each  ~2.4 h left
  71/101  271 s each  ~2.3 h left
  72/101  271 s each  ~2.2 h left
  73/101  269 s each  ~2.1 h left
  74/101  268 s each  ~2.0 h left
  75/101  266 s each  ~1.9 h left
  76/101  265 s each  ~1.8 h left
  77/101  263 s each  ~1.8 h left
  78/101  262 s each  ~1.7 h left
/opt/fx/code/l2pine.py:164: RuntimeWarning: invalid value encountered in divide
  return (W * w).sum(axis=1) / w.sum()
  79/101  260 s each  ~1.6 h left
  80/101  258 s each  ~1.5 h left
  81/101  257 s each  ~1.4 h left
  82/101  255 s each  ~1.3 h left
  83/101  253 s each  ~1.3 h left
  84/101  253 s each  ~1.2 h left
  85/101  252 s each  ~1.1 h left
/opt/fx/code/l2lib.py:1856: RuntimeWarning: overflow encountered in scalar multiply
  fama[i] = .5 * al * mama[i] + (1 - .5 * al) * fama[i - 1]
/opt/fx/code/l2lib.py:1855: RuntimeWarning: overflow encountered in scalar multiply
  mama[i] = al * src[i] + (1 - al) * mama[i - 1]
/opt/fx/code/l2lib.py:1856: RuntimeWarning: invalid value encountered in scalar add
  fama[i] = .5 * al * mama[i] + (1 - .5 * al) * fama[i - 1]
/opt/fx/code/l2lib.py:1856: RuntimeWarning: overflow encountered in scalar add
  fama[i] = .5 * al * mama[i] + (1 - .5 * al) * fama[i - 1]
  86/101  252 s each  ~1.0 h left
  87/101  250 s each  ~1.0 h left
  88/101  249 s each  ~0.9 h left
  89/101  247 s each  ~0.8 h left
  90/101  247 s each  ~0.8 h left
  91/101  247 s each  ~0.7 h left
  92/101  245 s each  ~0.6 h left
  93/101  244 s each  ~0.5 h left
  94/101  243 s each  ~0.5 h left
  95/101  242 s each  ~0.4 h left
  96/101  241 s each  ~0.3 h left
  97/101  240 s each  ~0.3 h left
  98/101  238 s each  ~0.2 h left
  99/101  238 s each  ~0.1 h left
  100/101  237 s each  ~0.1 h left
  101/101  235 s each  ~0.0 h left
DONE in 395.7 min
