ip1 recovery (all): 100 strategies this shard (14/16), 36 already banked
  1/100  103 s each  ~2.8 h left
  2/100  104 s each  ~2.8 h left
  3/100  108 s each  ~2.9 h left
  4/100  128 s each  ~3.4 h left
  5/100  131 s each  ~3.4 h left
  6/100  127 s each  ~3.3 h left
  7/100  140 s each  ~3.6 h left
  8/100  139 s each  ~3.5 h left
  9/100  144 s each  ~3.6 h left
  10/100  152 s each  ~3.8 h left
  11/100  150 s each  ~3.7 h left
/opt/fx/code/l2lib.py:1881: RuntimeWarning: overflow encountered in scalar multiply
  sm = r if not np.isfinite(sm) else price_smooth * r + (1 - price_smooth) * sm
/opt/fx/code/l2lib.py:1884: RuntimeWarning: overflow encountered in scalar multiply
  st = fr if not np.isfinite(st) else index_smooth * fr + (1 - index_smooth) * st
  12/100  157 s each  ~3.8 h left
  13/100  158 s each  ~3.8 h left
  14/100  160 s each  ~3.8 h left
  15/100  172 s each  ~4.1 h left
  16/100  168 s each  ~3.9 h left
  17/100  165 s each  ~3.8 h left
  18/100  166 s each  ~3.8 h left
  19/100  164 s each  ~3.7 h left
  20/100  161 s each  ~3.6 h left
  21/100  160 s each  ~3.5 h left
  22/100  162 s each  ~3.5 h left
  23/100  160 s each  ~3.4 h left
  24/100  240 s each  ~5.1 h left
  25/100  238 s each  ~5.0 h left
  26/100  238 s each  ~4.9 h left
  27/100  233 s each  ~4.7 h left
  28/100  229 s each  ~4.6 h left
  29/100  228 s each  ~4.5 h left
  30/100  223 s each  ~4.3 h left
  31/100  221 s each  ~4.2 h left
  32/100  216 s each  ~4.1 h left
  33/100  214 s each  ~4.0 h left
  34/100  213 s each  ~3.9 h left
  35/100  214 s each  ~3.9 h left
  36/100  217 s each  ~3.9 h left
  37/100  216 s each  ~3.8 h left
  38/100  214 s each  ~3.7 h left
  39/100  211 s each  ~3.6 h left
  40/100  210 s each  ~3.5 h left
  41/100  215 s each  ~3.5 h left
  42/100  215 s each  ~3.5 h left
  43/100  213 s each  ~3.4 h left
  44/100  210 s each  ~3.3 h left
  45/100  212 s each  ~3.2 h left
  46/100  209 s each  ~3.1 h left
  47/100  207 s each  ~3.0 h left
  48/100  204 s each  ~3.0 h left
  49/100  203 s each  ~2.9 h left
  50/100  201 s each  ~2.8 h left
  51/100  201 s each  ~2.7 h left
  52/100  202 s each  ~2.7 h left
/opt/fx/code/l2lib.py:1856: RuntimeWarning: overflow encountered in scalar multiply
  fama[i] = .5 * al * mama[i] + (1 - .5 * al) * fama[i - 1]
/opt/fx/code/l2lib.py:1855: RuntimeWarning: overflow encountered in scalar multiply
  mama[i] = al * src[i] + (1 - al) * mama[i - 1]
/opt/fx/code/l2lib.py:1856: RuntimeWarning: invalid value encountered in scalar add
  fama[i] = .5 * al * mama[i] + (1 - .5 * al) * fama[i - 1]
/opt/fx/code/l2lib.py:1856: RuntimeWarning: overflow encountered in scalar add
  fama[i] = .5 * al * mama[i] + (1 - .5 * al) * fama[i - 1]
  53/100  202 s each  ~2.6 h left
  54/100  202 s each  ~2.6 h left
  55/100  199 s each  ~2.5 h left
  56/100  198 s each  ~2.4 h left
  57/100  198 s each  ~2.4 h left
  58/100  199 s each  ~2.3 h left
  59/100  197 s each  ~2.2 h left
  60/100  195 s each  ~2.2 h left
  61/100  195 s each  ~2.1 h left
  62/100  194 s each  ~2.1 h left
  63/100  192 s each  ~2.0 h left
  64/100  191 s each  ~1.9 h left
  65/100  191 s each  ~1.9 h left
  66/100  192 s each  ~1.8 h left
  67/100  192 s each  ~1.8 h left
  68/100  218 s each  ~1.9 h left
  69/100  242 s each  ~2.1 h left
  70/100  242 s each  ~2.0 h left
  71/100  242 s each  ~2.0 h left
  72/100  240 s each  ~1.9 h left
  73/100  241 s each  ~1.8 h left
  74/100  239 s each  ~1.7 h left
  75/100  237 s each  ~1.6 h left
  76/100  235 s each  ~1.6 h left
  77/100  234 s each  ~1.5 h left
  78/100  233 s each  ~1.4 h left
  79/100  231 s each  ~1.4 h left
  80/100  229 s each  ~1.3 h left
  81/100  228 s each  ~1.2 h left
  82/100  226 s each  ~1.1 h left
  83/100  226 s each  ~1.1 h left
  84/100  224 s each  ~1.0 h left
  85/100  224 s each  ~0.9 h left
  86/100  222 s each  ~0.9 h left
  87/100  221 s each  ~0.8 h left
  88/100  220 s each  ~0.7 h left
  89/100  220 s each  ~0.7 h left
  90/100  220 s each  ~0.6 h left
  91/100  220 s each  ~0.6 h left
  92/100  220 s each  ~0.5 h left
  93/100  218 s each  ~0.4 h left
  94/100  217 s each  ~0.4 h left
  95/100  216 s each  ~0.3 h left
  96/100  214 s each  ~0.2 h left
  97/100  214 s each  ~0.2 h left
  98/100  213 s each  ~0.1 h left
  99/100  213 s each  ~0.1 h left
  100/100  212 s each  ~0.0 h left
DONE in 353.2 min
