ip1 recovery (all): 101 strategies this shard (13/16), 36 already banked
  1/101  249 s each  ~6.9 h left
  2/101  164 s each  ~4.5 h left
  3/101  149 s each  ~4.1 h left
  4/101  153 s each  ~4.1 h left
  5/101  135 s each  ~3.6 h left
  6/101  432 s each  ~11.4 h left
  7/101  408 s each  ~10.7 h left
  8/101  366 s each  ~9.5 h left
  9/101  535 s each  ~13.7 h left
  10/101  514 s each  ~13.0 h left
  11/101  485 s each  ~12.1 h left
  12/101  450 s each  ~11.1 h left
  13/101  431 s each  ~10.5 h left
  14/101  406 s each  ~9.8 h left
  15/101  388 s each  ~9.3 h left
  16/101  376 s each  ~8.9 h left
/opt/fx/code/l2pine.py:164: RuntimeWarning: invalid value encountered in divide
  return (W * w).sum(axis=1) / w.sum()
  17/101  370 s each  ~8.6 h left
  18/101  356 s each  ~8.2 h left
  19/101  348 s each  ~7.9 h left
  20/101  337 s each  ~7.6 h left
  21/101  326 s each  ~7.2 h left
  22/101  320 s each  ~7.0 h left
  23/101  311 s each  ~6.7 h left
  24/101  307 s each  ~6.6 h left
  25/101  298 s each  ~6.3 h left
/opt/fx/code/l2lib.py:1881: RuntimeWarning: overflow encountered in scalar multiply
  sm = r if not np.isfinite(sm) else price_smooth * r + (1 - price_smooth) * sm
/opt/fx/code/l2lib.py:1884: RuntimeWarning: overflow encountered in scalar multiply
  st = fr if not np.isfinite(st) else index_smooth * fr + (1 - index_smooth) * st
  26/101  297 s each  ~6.2 h left
  27/101  291 s each  ~6.0 h left
  28/101  283 s each  ~5.7 h left
  29/101  277 s each  ~5.5 h left
  30/101  273 s each  ~5.4 h left
  31/101  266 s each  ~5.2 h left
  32/101  261 s each  ~5.0 h left
  33/101  259 s each  ~4.9 h left
  34/101  254 s each  ~4.7 h left
  35/101  251 s each  ~4.6 h left
  36/101  247 s each  ~4.5 h left
  37/101  245 s each  ~4.4 h left
  38/101  242 s each  ~4.2 h left
  39/101  237 s each  ~4.1 h left
  40/101  235 s each  ~4.0 h left
  41/101  231 s each  ~3.9 h left
  42/101  229 s each  ~3.8 h left
  43/101  230 s each  ~3.7 h left
  44/101  226 s each  ~3.6 h left
  45/101  224 s each  ~3.5 h left
  46/101  221 s each  ~3.4 h left
  47/101  219 s each  ~3.3 h left
  48/101  219 s each  ~3.2 h left
  49/101  217 s each  ~3.1 h left
  50/101  215 s each  ~3.0 h left
  51/101  215 s each  ~3.0 h left
/opt/fx/code/l2lib.py:1856: RuntimeWarning: overflow encountered in scalar multiply
  fama[i] = .5 * al * mama[i] + (1 - .5 * al) * fama[i - 1]
/opt/fx/code/l2lib.py:1855: RuntimeWarning: overflow encountered in scalar multiply
  mama[i] = al * src[i] + (1 - al) * mama[i - 1]
/opt/fx/code/l2lib.py:1856: RuntimeWarning: invalid value encountered in scalar add
  fama[i] = .5 * al * mama[i] + (1 - .5 * al) * fama[i - 1]
/opt/fx/code/l2lib.py:1856: RuntimeWarning: overflow encountered in scalar add
  fama[i] = .5 * al * mama[i] + (1 - .5 * al) * fama[i - 1]
  52/101  214 s each  ~2.9 h left
  53/101  213 s each  ~2.8 h left
  54/101  210 s each  ~2.7 h left
  55/101  211 s each  ~2.7 h left
  56/101  239 s each  ~3.0 h left
  57/101  236 s each  ~2.9 h left
  58/101  235 s each  ~2.8 h left
  59/101  233 s each  ~2.7 h left
  60/101  233 s each  ~2.7 h left
  61/101  231 s each  ~2.6 h left
  62/101  230 s each  ~2.5 h left
  63/101  229 s each  ~2.4 h left
  64/101  228 s each  ~2.3 h left
  65/101  227 s each  ~2.3 h left
  66/101  226 s each  ~2.2 h left
  67/101  227 s each  ~2.1 h left
  68/101  226 s each  ~2.1 h left
  69/101  250 s each  ~2.2 h left
  70/101  249 s each  ~2.1 h left
  71/101  249 s each  ~2.1 h left
  72/101  247 s each  ~2.0 h left
  73/101  244 s each  ~1.9 h left
  74/101  244 s each  ~1.8 h left
  75/101  266 s each  ~1.9 h left
  76/101  265 s each  ~1.8 h left
  77/101  263 s each  ~1.8 h left
  78/101  262 s each  ~1.7 h left
  79/101  261 s each  ~1.6 h left
  80/101  259 s each  ~1.5 h left
  81/101  261 s each  ~1.5 h left
  82/101  261 s each  ~1.4 h left
  83/101  259 s each  ~1.3 h left
  84/101  258 s each  ~1.2 h left
  85/101  256 s each  ~1.1 h left
  86/101  254 s each  ~1.1 h left
  87/101  252 s each  ~1.0 h left
  88/101  251 s each  ~0.9 h left
  89/101  249 s each  ~0.8 h left
  90/101  248 s each  ~0.8 h left
  91/101  247 s each  ~0.7 h left
  92/101  245 s each  ~0.6 h left
  93/101  244 s each  ~0.5 h left
  94/101  242 s each  ~0.5 h left
  95/101  243 s each  ~0.4 h left
  96/101  241 s each  ~0.3 h left
  97/101  240 s each  ~0.3 h left
  98/101  238 s each  ~0.2 h left
  99/101  237 s each  ~0.1 h left
  100/101  238 s each  ~0.1 h left
  101/101  236 s each  ~0.0 h left
DONE in 397.8 min
