roster: graft15, 15 members
trades: 3171
scale so DIP95 = 3.6%: 2.3544
Traceback (most recent call last):
  File "/Users/jackcuster/Library/Python/3.9/lib/python/site-packages/pandas/compat/_optional.py", line 135, in import_optional_dependency
    module = importlib.import_module(name)
  File "/Library/Developer/CommandLineTools/Library/Frameworks/Python3.framework/Versions/3.9/lib/python3.9/importlib/__init__.py", line 127, in import_module
    return _bootstrap._gcd_import(name[level:], package, level)
  File "<frozen importlib._bootstrap>", line 1030, in _gcd_import
  File "<frozen importlib._bootstrap>", line 1007, in _find_and_load
  File "<frozen importlib._bootstrap>", line 984, in _find_and_load_unlocked
ModuleNotFoundError: No module named 'tabulate'

During handling of the above exception, another exception occurred:

Traceback (most recent call last):
  File "/Users/jackcuster/Documents/fx-data/code/l2tripwire.py", line 185, in <module>
    main()
  File "/Users/jackcuster/Documents/fx-data/code/l2tripwire.py", line 169, in main
    O.to_markdown(index=False) if hasattr(O, 'to_markdown') else O.to_string(index=False)]
  File "/Users/jackcuster/Library/Python/3.9/lib/python/site-packages/pandas/util/_decorators.py", line 333, in wrapper
    return func(*args, **kwargs)
  File "/Users/jackcuster/Library/Python/3.9/lib/python/site-packages/pandas/core/frame.py", line 2994, in to_markdown
    tabulate = import_optional_dependency("tabulate")
  File "/Users/jackcuster/Library/Python/3.9/lib/python/site-packages/pandas/compat/_optional.py", line 138, in import_optional_dependency
    raise ImportError(msg)
ImportError: Missing optional dependency 'tabulate'.  Use pip or conda to install tabulate.
