ip1 recovery (all, ALL CANDIDATES): 279 strategies this shard (box 1/3, shard 1/16), 1650 already banked
  1/279  181 s each  ~14.0 h left
  2/279  145 s each  ~11.2 h left
  3/279  165 s each  ~12.6 h left
/opt/fx/code/l2lib.py:1881: RuntimeWarning: overflow encountered in scalar multiply
  sm = r if not np.isfinite(sm) else price_smooth * r + (1 - price_smooth) * sm
/opt/fx/code/l2lib.py:1884: RuntimeWarning: overflow encountered in scalar multiply
  st = fr if not np.isfinite(st) else index_smooth * fr + (1 - index_smooth) * st
  4/279  204 s each  ~15.6 h left
  5/279  192 s each  ~14.6 h left
  6/279  187 s each  ~14.2 h left
/opt/fx/code/l2lib.py:1856: RuntimeWarning: overflow encountered in scalar multiply
  fama[i] = .5 * al * mama[i] + (1 - .5 * al) * fama[i - 1]
/opt/fx/code/l2lib.py:1855: RuntimeWarning: overflow encountered in scalar multiply
  mama[i] = al * src[i] + (1 - al) * mama[i - 1]
/opt/fx/code/l2lib.py:1856: RuntimeWarning: invalid value encountered in scalar add
  fama[i] = .5 * al * mama[i] + (1 - .5 * al) * fama[i - 1]
/opt/fx/code/l2lib.py:1856: RuntimeWarning: overflow encountered in scalar add
  fama[i] = .5 * al * mama[i] + (1 - .5 * al) * fama[i - 1]
  7/279  182 s each  ~13.7 h left
  8/279  173 s each  ~13.0 h left
  9/279  175 s each  ~13.1 h left
  10/279  166 s each  ~12.4 h left
  11/279  155 s each  ~11.5 h left
  12/279  145 s each  ~10.8 h left
  13/279  147 s each  ~10.9 h left
  14/279  147 s each  ~10.8 h left
  15/279  144 s each  ~10.6 h left
  16/279  149 s each  ~10.9 h left
  17/279  148 s each  ~10.8 h left
  18/279  241 s each  ~17.5 h left
  19/279  244 s each  ~17.6 h left
  20/279  242 s each  ~17.4 h left
  21/279  239 s each  ~17.1 h left
  22/279  233 s each  ~16.6 h left
  23/279  300 s each  ~21.4 h left
  24/279  293 s each  ~20.7 h left
  25/279  285 s each  ~20.1 h left
  26/279  277 s each  ~19.4 h left
  27/279  272 s each  ~19.0 h left
  28/279  275 s each  ~19.1 h left
  29/279  268 s each  ~18.6 h left
  30/279  266 s each  ~18.4 h left
  31/279  265 s each  ~18.2 h left
  32/279  261 s each  ~17.9 h left
  33/279  256 s each  ~17.5 h left
  34/279  252 s each  ~17.2 h left
  35/279  249 s each  ~16.9 h left
  36/279  246 s each  ~16.6 h left
  37/279  244 s each  ~16.4 h left
  38/279  242 s each  ~16.2 h left
  39/279  239 s each  ~15.9 h left
  40/279  238 s each  ~15.8 h left
  41/279  234 s each  ~15.5 h left
  42/279  231 s each  ~15.2 h left
  43/279  230 s each  ~15.1 h left
  44/279  228 s each  ~14.9 h left
  45/279  228 s each  ~14.8 h left
  46/279  227 s each  ~14.7 h left
  47/279  227 s each  ~14.7 h left
  48/279  224 s each  ~14.4 h left
  49/279  221 s each  ~14.1 h left
  50/279  219 s each  ~13.9 h left
  51/279  220 s each  ~13.9 h left
  52/279  249 s each  ~15.7 h left
  53/279  246 s each  ~15.4 h left
  54/279  243 s each  ~15.2 h left
  55/279  241 s each  ~15.0 h left
  56/279  239 s each  ~14.8 h left
  57/279  236 s each  ~14.6 h left
  58/279  236 s each  ~14.5 h left
  59/279  233 s each  ~14.2 h left
  60/279  231 s each  ~14.0 h left
  61/279  229 s each  ~13.8 h left
  62/279  227 s each  ~13.7 h left
  63/279  227 s each  ~13.6 h left
  64/279  226 s each  ~13.5 h left
  65/279  226 s each  ~13.4 h left
  66/279  226 s each  ~13.4 h left
  67/279  224 s each  ~13.2 h left
  68/279  222 s each  ~13.0 h left
  69/279  219 s each  ~12.8 h left
  70/279  220 s each  ~12.8 h left
  71/279  219 s each  ~12.7 h left
  72/279  220 s each  ~12.6 h left
  73/279  219 s each  ~12.5 h left
  74/279  217 s each  ~12.3 h left
  75/279  215 s each  ~12.2 h left
  76/279  214 s each  ~12.1 h left
  77/279  213 s each  ~12.0 h left
  78/279  212 s each  ~11.8 h left
  79/279  212 s each  ~11.8 h left
  80/279  210 s each  ~11.6 h left
  81/279  209 s each  ~11.5 h left
  82/279  208 s each  ~11.4 h left
  83/279  206 s each  ~11.2 h left
  84/279  205 s each  ~11.1 h left
  85/279  224 s each  ~12.1 h left
  86/279  223 s each  ~12.0 h left
  87/279  223 s each  ~11.9 h left
  88/279  221 s each  ~11.7 h left
  89/279  220 s each  ~11.6 h left
  90/279  219 s each  ~11.5 h left
  91/279  218 s each  ~11.4 h left
  92/279  217 s each  ~11.3 h left
  93/279  216 s each  ~11.1 h left
  94/279  215 s each  ~11.0 h left
  95/279  214 s each  ~10.9 h left
  96/279  213 s each  ~10.8 h left
  97/279  212 s each  ~10.7 h left
  98/279  211 s each  ~10.6 h left
  99/279  210 s each  ~10.5 h left
  100/279  209 s each  ~10.4 h left
  101/279  207 s each  ~10.3 h left
  102/279  207 s each  ~10.2 h left
  103/279  223 s each  ~10.9 h left
  104/279  221 s each  ~10.7 h left
  105/279  221 s each  ~10.7 h left
  106/279  219 s each  ~10.5 h left
  107/279  218 s each  ~10.4 h left
  108/279  218 s each  ~10.3 h left
  109/279  216 s each  ~10.2 h left
  110/279  215 s each  ~10.1 h left
  111/279  213 s each  ~10.0 h left
  112/279  213 s each  ~9.9 h left
  113/279  212 s each  ~9.8 h left
  114/279  211 s each  ~9.7 h left
  115/279  212 s each  ~9.7 h left
  116/279  211 s each  ~9.5 h left
  117/279  210 s each  ~9.5 h left
  118/279  209 s each  ~9.4 h left
  119/279  208 s each  ~9.2 h left
  120/279  208 s each  ~9.2 h left
  121/279  220 s each  ~9.7 h left
  122/279  219 s each  ~9.6 h left
  123/279  218 s each  ~9.5 h left
  124/279  217 s each  ~9.4 h left
  125/279  217 s each  ~9.3 h left
  126/279  217 s each  ~9.2 h left
  127/279  217 s each  ~9.2 h left
  128/279  216 s each  ~9.1 h left
  129/279  216 s each  ~9.0 h left
  130/279  215 s each  ~8.9 h left
  131/279  215 s each  ~8.8 h left
  132/279  214 s each  ~8.7 h left
  133/279  214 s each  ~8.7 h left
  134/279  212 s each  ~8.6 h left
  135/279  212 s each  ~8.5 h left
  136/279  211 s each  ~8.4 h left
  137/279  210 s each  ~8.3 h left
  138/279  209 s each  ~8.2 h left
  139/279  209 s each  ~8.1 h left
  140/279  208 s each  ~8.0 h left
  141/279  208 s each  ~8.0 h left
  142/279  207 s each  ~7.9 h left
  143/279  206 s each  ~7.8 h left
  144/279  206 s each  ~7.7 h left
  145/279  205 s each  ~7.6 h left
  146/279  216 s each  ~8.0 h left
  147/279  216 s each  ~7.9 h left
  148/279  216 s each  ~7.9 h left
  149/279  215 s each  ~7.8 h left
  150/279  214 s each  ~7.7 h left
  151/279  214 s each  ~7.6 h left
  152/279  214 s each  ~7.5 h left
  153/279  213 s each  ~7.5 h left
  154/279  212 s each  ~7.4 h left
  155/279  211 s each  ~7.3 h left
  156/279  211 s each  ~7.2 h left
  157/279  210 s each  ~7.1 h left
  158/279  210 s each  ~7.0 h left
  159/279  209 s each  ~7.0 h left
  160/279  209 s each  ~6.9 h left
  161/279  210 s each  ~6.9 h left
  162/279  209 s each  ~6.8 h left
  163/279  208 s each  ~6.7 h left
  164/279  208 s each  ~6.7 h left
  165/279  208 s each  ~6.6 h left
  166/279  208 s each  ~6.5 h left
  167/279  207 s each  ~6.5 h left
  168/279  207 s each  ~6.4 h left
  169/279  206 s each  ~6.3 h left
  170/279  206 s each  ~6.2 h left
  171/279  206 s each  ~6.2 h left
  172/279  205 s each  ~6.1 h left
  173/279  205 s each  ~6.0 h left
  174/279  205 s each  ~6.0 h left
  175/279  204 s each  ~5.9 h left
  176/279  204 s each  ~5.8 h left
  177/279  204 s each  ~5.8 h left
  178/279  203 s each  ~5.7 h left
  179/279  203 s each  ~5.6 h left
  180/279  202 s each  ~5.6 h left
  181/279  202 s each  ~5.5 h left
  182/279  202 s each  ~5.4 h left
  183/279  202 s each  ~5.4 h left
  184/279  201 s each  ~5.3 h left
  185/279  201 s each  ~5.2 h left
  186/279  200 s each  ~5.2 h left
  187/279  200 s each  ~5.1 h left
  188/279  200 s each  ~5.1 h left
  189/279  200 s each  ~5.0 h left
  190/279  200 s each  ~4.9 h left
  191/279  199 s each  ~4.9 h left
  192/279  199 s each  ~4.8 h left
  193/279  199 s each  ~4.8 h left
  194/279  199 s each  ~4.7 h left
  195/279  199 s each  ~4.6 h left
  196/279  199 s each  ~4.6 h left
  197/279  199 s each  ~4.5 h left
  198/279  199 s each  ~4.5 h left
  199/279  207 s each  ~4.6 h left
  200/279  207 s each  ~4.5 h left
  201/279  207 s each  ~4.5 h left
  202/279  206 s each  ~4.4 h left
  203/279  206 s each  ~4.3 h left
  204/279  206 s each  ~4.3 h left
  205/279  205 s each  ~4.2 h left
  206/279  205 s each  ~4.1 h left
  207/279  204 s each  ~4.1 h left
  208/279  204 s each  ~4.0 h left
  209/279  204 s each  ~4.0 h left
  210/279  204 s each  ~3.9 h left
  211/279  203 s each  ~3.8 h left
  212/279  203 s each  ~3.8 h left
  213/279  203 s each  ~3.7 h left
  214/279  202 s each  ~3.7 h left
  215/279  202 s each  ~3.6 h left
  216/279  203 s each  ~3.5 h left
  217/279  203 s each  ~3.5 h left
  218/279  202 s each  ~3.4 h left
  219/279  202 s each  ~3.4 h left
  220/279  201 s each  ~3.3 h left
  221/279  201 s each  ~3.2 h left
  222/279  201 s each  ~3.2 h left
  223/279  201 s each  ~3.1 h left
  224/279  201 s each  ~3.1 h left
  225/279  208 s each  ~3.1 h left
  226/279  207 s each  ~3.1 h left
  227/279  207 s each  ~3.0 h left
  228/279  206 s each  ~2.9 h left
  229/279  206 s each  ~2.9 h left
  230/279  206 s each  ~2.8 h left
  231/279  206 s each  ~2.7 h left
  232/279  205 s each  ~2.7 h left
  233/279  205 s each  ~2.6 h left
  234/279  211 s each  ~2.6 h left
  235/279  211 s each  ~2.6 h left
  236/279  210 s each  ~2.5 h left
  237/279  210 s each  ~2.5 h left
  238/279  210 s each  ~2.4 h left
  239/279  210 s each  ~2.3 h left
  240/279  209 s each  ~2.3 h left
  241/279  208 s each  ~2.2 h left
  242/279  208 s each  ~2.1 h left
  243/279  208 s each  ~2.1 h left
  244/279  208 s each  ~2.0 h left
  245/279  208 s each  ~2.0 h left
  246/279  207 s each  ~1.9 h left
  247/279  207 s each  ~1.8 h left
  248/279  207 s each  ~1.8 h left
  249/279  206 s each  ~1.7 h left
  250/279  206 s each  ~1.7 h left
/opt/fx/code/l2pine.py:164: RuntimeWarning: invalid value encountered in divide
  return (W * w).sum(axis=1) / w.sum()
  251/279  205 s each  ~1.6 h left
  252/279  205 s each  ~1.5 h left
  253/279  205 s each  ~1.5 h left
  254/279  205 s each  ~1.4 h left
  255/279  205 s each  ~1.4 h left
  256/279  205 s each  ~1.3 h left
  257/279  204 s each  ~1.2 h left
  258/279  204 s each  ~1.2 h left
  259/279  203 s each  ~1.1 h left
  260/279  203 s each  ~1.1 h left
  261/279  203 s each  ~1.0 h left
  262/279  209 s each  ~1.0 h left
  263/279  209 s each  ~0.9 h left
  264/279  208 s each  ~0.9 h left
  265/279  208 s each  ~0.8 h left
  266/279  208 s each  ~0.7 h left
  267/279  214 s each  ~0.7 h left
  268/279  213 s each  ~0.7 h left
  269/279  213 s each  ~0.6 h left
  270/279  212 s each  ~0.5 h left
  271/279  212 s each  ~0.5 h left
  272/279  211 s each  ~0.4 h left
  273/279  211 s each  ~0.4 h left
  274/279  211 s each  ~0.3 h left
  275/279  211 s each  ~0.2 h left
  276/279  211 s each  ~0.2 h left
  277/279  211 s each  ~0.1 h left
  278/279  211 s each  ~0.1 h left
  279/279  211 s each  ~0.0 h left
DONE in 980.7 min
