ip1 recovery (all, ALL CANDIDATES): 271 strategies this shard (box 2/3, shard 10/16), 1650 already banked
  1/271  148 s each  ~11.1 h left
  2/271  148 s each  ~11.1 h left
  3/271  164 s each  ~12.2 h left
  4/271  150 s each  ~11.1 h left
  5/271  170 s each  ~12.6 h left
  6/271  161 s each  ~11.9 h left
  7/271  156 s each  ~11.4 h left
  8/271  163 s each  ~11.9 h left
  9/271  164 s each  ~12.0 h left
  10/271  160 s each  ~11.6 h left
  11/271  164 s each  ~11.9 h left
  12/271  157 s each  ~11.3 h left
  13/271  151 s each  ~10.8 h left
/opt/fx/code/l2lib.py:1881: RuntimeWarning: overflow encountered in scalar multiply
  sm = r if not np.isfinite(sm) else price_smooth * r + (1 - price_smooth) * sm
/opt/fx/code/l2lib.py:1884: RuntimeWarning: overflow encountered in scalar multiply
  st = fr if not np.isfinite(st) else index_smooth * fr + (1 - index_smooth) * st
  14/271  151 s each  ~10.8 h left
  15/271  154 s each  ~10.9 h left
/opt/fx/code/l2lib.py:1856: RuntimeWarning: overflow encountered in scalar multiply
  fama[i] = .5 * al * mama[i] + (1 - .5 * al) * fama[i - 1]
/opt/fx/code/l2lib.py:1855: RuntimeWarning: overflow encountered in scalar multiply
  mama[i] = al * src[i] + (1 - al) * mama[i - 1]
/opt/fx/code/l2lib.py:1856: RuntimeWarning: invalid value encountered in scalar add
  fama[i] = .5 * al * mama[i] + (1 - .5 * al) * fama[i - 1]
/opt/fx/code/l2lib.py:1856: RuntimeWarning: overflow encountered in scalar add
  fama[i] = .5 * al * mama[i] + (1 - .5 * al) * fama[i - 1]
  16/271  159 s each  ~11.3 h left
  17/271  154 s each  ~10.9 h left
  18/271  149 s each  ~10.5 h left
  19/271  149 s each  ~10.4 h left
  20/271  146 s each  ~10.2 h left
  21/271  142 s each  ~9.9 h left
  22/271  139 s each  ~9.6 h left
  23/271  137 s each  ~9.5 h left
  24/271  135 s each  ~9.3 h left
  25/271  136 s each  ~9.3 h left
  26/271  135 s each  ~9.2 h left
  27/271  135 s each  ~9.1 h left
  28/271  133 s each  ~9.0 h left
  29/271  133 s each  ~8.9 h left
  30/271  132 s each  ~8.8 h left
  31/271  134 s each  ~8.9 h left
  32/271  134 s each  ~8.9 h left
  33/271  137 s each  ~9.1 h left
  34/271  135 s each  ~8.9 h left
  35/271  133 s each  ~8.7 h left
  36/271  133 s each  ~8.7 h left
  37/271  131 s each  ~8.5 h left
  38/271  174 s each  ~11.3 h left
  39/271  175 s each  ~11.3 h left
  40/271  174 s each  ~11.1 h left
  41/271  173 s each  ~11.1 h left
  42/271  170 s each  ~10.8 h left
  43/271  171 s each  ~10.8 h left
  44/271  170 s each  ~10.7 h left
  45/271  170 s each  ~10.7 h left
  46/271  169 s each  ~10.5 h left
  47/271  169 s each  ~10.5 h left
  48/271  168 s each  ~10.4 h left
  49/271  166 s each  ~10.3 h left
  50/271  167 s each  ~10.2 h left
  51/271  167 s each  ~10.2 h left
  52/271  166 s each  ~10.1 h left
  53/271  165 s each  ~10.0 h left
  54/271  163 s each  ~9.8 h left
  55/271  162 s each  ~9.7 h left
  56/271  161 s each  ~9.6 h left
  57/271  160 s each  ~9.5 h left
  58/271  158 s each  ~9.3 h left
  59/271  158 s each  ~9.3 h left
  60/271  157 s each  ~9.2 h left
  61/271  157 s each  ~9.2 h left
  62/271  156 s each  ~9.0 h left
  63/271  155 s each  ~9.0 h left
  64/271  182 s each  ~10.5 h left
  65/271  183 s each  ~10.5 h left
  66/271  182 s each  ~10.3 h left
  67/271  181 s each  ~10.2 h left
  68/271  179 s each  ~10.1 h left
  69/271  179 s each  ~10.0 h left
  70/271  178 s each  ~9.9 h left
  71/271  176 s each  ~9.8 h left
  72/271  200 s each  ~11.0 h left
  73/271  198 s each  ~10.9 h left
  74/271  198 s each  ~10.9 h left
  75/271  197 s each  ~10.7 h left
  76/271  196 s each  ~10.6 h left
  77/271  196 s each  ~10.6 h left
  78/271  196 s each  ~10.5 h left
  79/271  195 s each  ~10.4 h left
  80/271  194 s each  ~10.3 h left
  81/271  193 s each  ~10.2 h left
  82/271  192 s each  ~10.1 h left
  83/271  190 s each  ~9.9 h left
  84/271  190 s each  ~9.9 h left
  85/271  189 s each  ~9.8 h left
  86/271  190 s each  ~9.8 h left
  87/271  189 s each  ~9.7 h left
  88/271  188 s each  ~9.6 h left
  89/271  187 s each  ~9.5 h left
  90/271  186 s each  ~9.3 h left
  91/271  186 s each  ~9.3 h left
  92/271  186 s each  ~9.3 h left
  93/271  187 s each  ~9.2 h left
  94/271  187 s each  ~9.2 h left
  95/271  187 s each  ~9.1 h left
  96/271  187 s each  ~9.1 h left
  97/271  187 s each  ~9.0 h left
  98/271  203 s each  ~9.7 h left
  99/271  202 s each  ~9.6 h left
  100/271  200 s each  ~9.5 h left
  101/271  199 s each  ~9.4 h left
  102/271  198 s each  ~9.3 h left
  103/271  197 s each  ~9.2 h left
  104/271  196 s each  ~9.1 h left
  105/271  196 s each  ~9.0 h left
  106/271  196 s each  ~9.0 h left
  107/271  194 s each  ~8.9 h left
  108/271  194 s each  ~8.8 h left
  109/271  194 s each  ~8.7 h left
  110/271  193 s each  ~8.6 h left
  111/271  192 s each  ~8.5 h left
  112/271  192 s each  ~8.5 h left
  113/271  191 s each  ~8.4 h left
/opt/fx/code/l2pine.py:164: RuntimeWarning: invalid value encountered in divide
  return (W * w).sum(axis=1) / w.sum()
  114/271  191 s each  ~8.3 h left
  115/271  190 s each  ~8.3 h left
  116/271  190 s each  ~8.2 h left
  117/271  190 s each  ~8.1 h left
  118/271  189 s each  ~8.0 h left
  119/271  190 s each  ~8.0 h left
  120/271  189 s each  ~7.9 h left
  121/271  189 s each  ~7.9 h left
  122/271  189 s each  ~7.8 h left
  123/271  189 s each  ~7.8 h left
  124/271  189 s each  ~7.7 h left
  125/271  189 s each  ~7.7 h left
  126/271  188 s each  ~7.6 h left
  127/271  188 s each  ~7.5 h left
  128/271  188 s each  ~7.5 h left
  129/271  188 s each  ~7.4 h left
  130/271  188 s each  ~7.4 h left
  131/271  187 s each  ~7.3 h left
  132/271  187 s each  ~7.2 h left
  133/271  186 s each  ~7.1 h left
  134/271  186 s each  ~7.1 h left
  135/271  186 s each  ~7.0 h left
  136/271  186 s each  ~7.0 h left
  137/271  186 s each  ~6.9 h left
  138/271  186 s each  ~6.9 h left
  139/271  185 s each  ~6.8 h left
  140/271  185 s each  ~6.7 h left
  141/271  185 s each  ~6.7 h left
  142/271  184 s each  ~6.6 h left
  143/271  184 s each  ~6.5 h left
  144/271  184 s each  ~6.5 h left
  145/271  184 s each  ~6.4 h left
  146/271  184 s each  ~6.4 h left
  147/271  183 s each  ~6.3 h left
  148/271  183 s each  ~6.2 h left
  149/271  205 s each  ~7.0 h left
  150/271  204 s each  ~6.9 h left
  151/271  204 s each  ~6.8 h left
  152/271  203 s each  ~6.7 h left
  153/271  203 s each  ~6.7 h left
  154/271  202 s each  ~6.6 h left
  155/271  201 s each  ~6.5 h left
  156/271  201 s each  ~6.4 h left
  157/271  200 s each  ~6.3 h left
  158/271  200 s each  ~6.3 h left
  159/271  199 s each  ~6.2 h left
  160/271  199 s each  ~6.1 h left
  161/271  199 s each  ~6.1 h left
  162/271  198 s each  ~6.0 h left
  163/271  198 s each  ~5.9 h left
  164/271  197 s each  ~5.9 h left
  165/271  197 s each  ~5.8 h left
  166/271  196 s each  ~5.7 h left
  167/271  195 s each  ~5.6 h left
  168/271  195 s each  ~5.6 h left
  169/271  195 s each  ~5.5 h left
  170/271  196 s each  ~5.5 h left
  171/271  195 s each  ~5.4 h left
  172/271  195 s each  ~5.4 h left
  173/271  195 s each  ~5.3 h left
  174/271  204 s each  ~5.5 h left
  175/271  204 s each  ~5.4 h left
  176/271  203 s each  ~5.4 h left
  177/271  203 s each  ~5.3 h left
  178/271  203 s each  ~5.2 h left
  179/271  203 s each  ~5.2 h left
  180/271  202 s each  ~5.1 h left
  181/271  202 s each  ~5.0 h left
  182/271  201 s each  ~5.0 h left
  183/271  200 s each  ~4.9 h left
  184/271  209 s each  ~5.1 h left
  185/271  209 s each  ~5.0 h left
  186/271  209 s each  ~4.9 h left
  187/271  209 s each  ~4.9 h left
  188/271  208 s each  ~4.8 h left
  189/271  208 s each  ~4.7 h left
  190/271  208 s each  ~4.7 h left
  191/271  207 s each  ~4.6 h left
  192/271  207 s each  ~4.5 h left
  193/271  207 s each  ~4.5 h left
  194/271  206 s each  ~4.4 h left
  195/271  206 s each  ~4.3 h left
  196/271  206 s each  ~4.3 h left
  197/271  205 s each  ~4.2 h left
  198/271  205 s each  ~4.2 h left
  199/271  205 s each  ~4.1 h left
  200/271  205 s each  ~4.0 h left
  201/271  204 s each  ~4.0 h left
  202/271  204 s each  ~3.9 h left
  203/271  205 s each  ~3.9 h left
  204/271  205 s each  ~3.8 h left
  205/271  206 s each  ~3.8 h left
  206/271  205 s each  ~3.7 h left
  207/271  205 s each  ~3.6 h left
  208/271  204 s each  ~3.6 h left
  209/271  204 s each  ~3.5 h left
  210/271  204 s each  ~3.4 h left
  211/271  203 s each  ~3.4 h left
  212/271  202 s each  ~3.3 h left
  213/271  202 s each  ~3.3 h left
  214/271  201 s each  ~3.2 h left
  215/271  202 s each  ~3.1 h left
  216/271  202 s each  ~3.1 h left
  217/271  201 s each  ~3.0 h left
  218/271  209 s each  ~3.1 h left
  219/271  209 s each  ~3.0 h left
  220/271  209 s each  ~3.0 h left
  221/271  208 s each  ~2.9 h left
  222/271  208 s each  ~2.8 h left
  223/271  207 s each  ~2.8 h left
  224/271  207 s each  ~2.7 h left
  225/271  207 s each  ~2.6 h left
  226/271  206 s each  ~2.6 h left
  227/271  206 s each  ~2.5 h left
  228/271  206 s each  ~2.5 h left
  229/271  206 s each  ~2.4 h left
  230/271  206 s each  ~2.3 h left
  231/271  206 s each  ~2.3 h left
  232/271  206 s each  ~2.2 h left
  233/271  206 s each  ~2.2 h left
  234/271  205 s each  ~2.1 h left
  235/271  206 s each  ~2.1 h left
  236/271  206 s each  ~2.0 h left
  237/271  205 s each  ~1.9 h left
  238/271  205 s each  ~1.9 h left
  239/271  204 s each  ~1.8 h left
  240/271  204 s each  ~1.8 h left
  241/271  211 s each  ~1.8 h left
  242/271  210 s each  ~1.7 h left
  243/271  210 s each  ~1.6 h left
  244/271  210 s each  ~1.6 h left
  245/271  210 s each  ~1.5 h left
  246/271  209 s each  ~1.5 h left
  247/271  210 s each  ~1.4 h left
  248/271  209 s each  ~1.3 h left
  249/271  209 s each  ~1.3 h left
  250/271  208 s each  ~1.2 h left
  251/271  208 s each  ~1.2 h left
  252/271  207 s each  ~1.1 h left
  253/271  207 s each  ~1.0 h left
  254/271  207 s each  ~1.0 h left
  255/271  207 s each  ~0.9 h left
  256/271  207 s each  ~0.9 h left
  257/271  206 s each  ~0.8 h left
  258/271  206 s each  ~0.7 h left
  259/271  212 s each  ~0.7 h left
  260/271  212 s each  ~0.6 h left
  261/271  211 s each  ~0.6 h left
  262/271  211 s each  ~0.5 h left
  263/271  211 s each  ~0.5 h left
  264/271  211 s each  ~0.4 h left
  265/271  211 s each  ~0.4 h left
  266/271  210 s each  ~0.3 h left
  267/271  210 s each  ~0.2 h left
  268/271  210 s each  ~0.2 h left
  269/271  210 s each  ~0.1 h left
  270/271  209 s each  ~0.1 h left
  271/271  209 s each  ~0.0 h left
DONE in 942.1 min
