ip1 recovery (all, ALL CANDIDATES): 272 strategies this shard (box 2/3, shard 0/16), 1650 already banked
  1/272  117 s each  ~8.8 h left
/opt/fx/code/l2lib.py:1856: RuntimeWarning: overflow encountered in scalar multiply
  fama[i] = .5 * al * mama[i] + (1 - .5 * al) * fama[i - 1]
/opt/fx/code/l2lib.py:1855: RuntimeWarning: overflow encountered in scalar multiply
  mama[i] = al * src[i] + (1 - al) * mama[i - 1]
/opt/fx/code/l2lib.py:1856: RuntimeWarning: invalid value encountered in scalar add
  fama[i] = .5 * al * mama[i] + (1 - .5 * al) * fama[i - 1]
/opt/fx/code/l2lib.py:1856: RuntimeWarning: overflow encountered in scalar add
  fama[i] = .5 * al * mama[i] + (1 - .5 * al) * fama[i - 1]
  2/272  127 s each  ~9.5 h left
/opt/fx/code/l2lib.py:1881: RuntimeWarning: overflow encountered in scalar multiply
  sm = r if not np.isfinite(sm) else price_smooth * r + (1 - price_smooth) * sm
/opt/fx/code/l2lib.py:1884: RuntimeWarning: overflow encountered in scalar multiply
  st = fr if not np.isfinite(st) else index_smooth * fr + (1 - index_smooth) * st
  3/272  120 s each  ~9.0 h left
  4/272  109 s each  ~8.1 h left
  5/272  105 s each  ~7.8 h left
  6/272  114 s each  ~8.4 h left
  7/272  107 s each  ~7.9 h left
  8/272  112 s each  ~8.2 h left
  9/272  113 s each  ~8.3 h left
  10/272  126 s each  ~9.2 h left
  11/272  124 s each  ~9.0 h left
  12/272  125 s each  ~9.1 h left
  13/272  135 s each  ~9.7 h left
  14/272  259 s each  ~18.6 h left
  15/272  258 s each  ~18.4 h left
  16/272  251 s each  ~17.9 h left
  17/272  247 s each  ~17.5 h left
  18/272  242 s each  ~17.1 h left
  19/272  236 s each  ~16.6 h left
  20/272  228 s each  ~15.9 h left
  21/272  221 s each  ~15.4 h left
  22/272  288 s each  ~20.0 h left
  23/272  282 s each  ~19.5 h left
  24/272  273 s each  ~18.8 h left
  25/272  270 s each  ~18.5 h left
  26/272  267 s each  ~18.3 h left
  27/272  261 s each  ~17.7 h left
  28/272  261 s each  ~17.7 h left
  29/272  256 s each  ~17.3 h left
  30/272  250 s each  ~16.8 h left
  31/272  246 s each  ~16.5 h left
  32/272  244 s each  ~16.3 h left
  33/272  240 s each  ~16.0 h left
  34/272  235 s each  ~15.6 h left
  35/272  232 s each  ~15.3 h left
  36/272  229 s each  ~15.0 h left
  37/272  226 s each  ~14.8 h left
  38/272  225 s each  ~14.6 h left
  39/272  222 s each  ~14.4 h left
  40/272  219 s each  ~14.1 h left
  41/272  216 s each  ~13.8 h left
  42/272  214 s each  ~13.7 h left
  43/272  213 s each  ~13.5 h left
  44/272  210 s each  ~13.3 h left
  45/272  208 s each  ~13.1 h left
  46/272  205 s each  ~12.9 h left
  47/272  205 s each  ~12.8 h left
  48/272  202 s each  ~12.6 h left
  49/272  201 s each  ~12.4 h left
  50/272  199 s each  ~12.3 h left
  51/272  196 s each  ~12.1 h left
  52/272  196 s each  ~12.0 h left
  53/272  193 s each  ~11.7 h left
  54/272  192 s each  ~11.6 h left
  55/272  190 s each  ~11.4 h left
  56/272  220 s each  ~13.2 h left
  57/272  217 s each  ~13.0 h left
  58/272  216 s each  ~12.9 h left
  59/272  214 s each  ~12.6 h left
  60/272  213 s each  ~12.5 h left
  61/272  211 s each  ~12.4 h left
  62/272  208 s each  ~12.2 h left
  63/272  207 s each  ~12.0 h left
  64/272  205 s each  ~11.8 h left
  65/272  230 s each  ~13.2 h left
  66/272  229 s each  ~13.1 h left
  67/272  229 s each  ~13.0 h left
  68/272  228 s each  ~12.9 h left
  69/272  228 s each  ~12.9 h left
  70/272  227 s each  ~12.8 h left
  71/272  226 s each  ~12.6 h left
  72/272  225 s each  ~12.5 h left
  73/272  223 s each  ~12.3 h left
  74/272  221 s each  ~12.2 h left
  75/272  221 s each  ~12.1 h left
  76/272  219 s each  ~11.9 h left
  77/272  218 s each  ~11.8 h left
  78/272  217 s each  ~11.7 h left
  79/272  216 s each  ~11.6 h left
  80/272  214 s each  ~11.4 h left
  81/272  213 s each  ~11.3 h left
  82/272  212 s each  ~11.2 h left
  83/272  213 s each  ~11.2 h left
  84/272  213 s each  ~11.1 h left
  85/272  212 s each  ~11.0 h left
  86/272  212 s each  ~10.9 h left
  87/272  211 s each  ~10.9 h left
  88/272  209 s each  ~10.7 h left
  89/272  209 s each  ~10.6 h left
  90/272  207 s each  ~10.5 h left
  91/272  225 s each  ~11.3 h left
  92/272  223 s each  ~11.2 h left
  93/272  222 s each  ~11.0 h left
  94/272  221 s each  ~10.9 h left
  95/272  220 s each  ~10.8 h left
  96/272  220 s each  ~10.7 h left
  97/272  218 s each  ~10.6 h left
  98/272  217 s each  ~10.5 h left
  99/272  218 s each  ~10.5 h left
  100/272  218 s each  ~10.4 h left
  101/272  218 s each  ~10.4 h left
  102/272  218 s each  ~10.3 h left
  103/272  217 s each  ~10.2 h left
  104/272  216 s each  ~10.1 h left
  105/272  215 s each  ~10.0 h left
  106/272  214 s each  ~9.9 h left
  107/272  212 s each  ~9.7 h left
  108/272  211 s each  ~9.6 h left
  109/272  210 s each  ~9.5 h left
/opt/fx/code/l2pine.py:164: RuntimeWarning: invalid value encountered in divide
  return (W * w).sum(axis=1) / w.sum()
  110/272  210 s each  ~9.4 h left
  111/272  209 s each  ~9.4 h left
  112/272  209 s each  ~9.3 h left
  113/272  209 s each  ~9.2 h left
  114/272  207 s each  ~9.1 h left
  115/272  206 s each  ~9.0 h left
  116/272  206 s each  ~8.9 h left
  117/272  205 s each  ~8.8 h left
  118/272  205 s each  ~8.8 h left
  119/272  206 s each  ~8.8 h left
  120/272  206 s each  ~8.7 h left
  121/272  206 s each  ~8.6 h left
  122/272  205 s each  ~8.6 h left
  123/272  205 s each  ~8.5 h left
  124/272  218 s each  ~8.9 h left
  125/272  244 s each  ~9.9 h left
  126/272  242 s each  ~9.8 h left
  127/272  242 s each  ~9.7 h left
  128/272  241 s each  ~9.6 h left
  129/272  241 s each  ~9.6 h left
  130/272  239 s each  ~9.4 h left
  131/272  239 s each  ~9.3 h left
  132/272  238 s each  ~9.3 h left
  133/272  238 s each  ~9.2 h left
  134/272  237 s each  ~9.1 h left
  135/272  236 s each  ~9.0 h left
  136/272  236 s each  ~8.9 h left
  137/272  235 s each  ~8.8 h left
  138/272  234 s each  ~8.7 h left
  139/272  233 s each  ~8.6 h left
  140/272  233 s each  ~8.5 h left
  141/272  232 s each  ~8.4 h left
  142/272  231 s each  ~8.4 h left
  143/272  230 s each  ~8.3 h left
  144/272  229 s each  ~8.1 h left
  145/272  228 s each  ~8.0 h left
  146/272  227 s each  ~8.0 h left
  147/272  226 s each  ~7.9 h left
  148/272  226 s each  ~7.8 h left
  149/272  225 s each  ~7.7 h left
  150/272  224 s each  ~7.6 h left
  151/272  223 s each  ~7.5 h left
  152/272  223 s each  ~7.4 h left
  153/272  222 s each  ~7.3 h left
  154/272  222 s each  ~7.3 h left
  155/272  222 s each  ~7.2 h left
  156/272  221 s each  ~7.1 h left
  157/272  220 s each  ~7.0 h left
  158/272  230 s each  ~7.3 h left
  159/272  229 s each  ~7.2 h left
  160/272  229 s each  ~7.1 h left
  161/272  228 s each  ~7.0 h left
  162/272  228 s each  ~7.0 h left
  163/272  227 s each  ~6.9 h left
  164/272  226 s each  ~6.8 h left
  165/272  225 s each  ~6.7 h left
  166/272  225 s each  ~6.6 h left
  167/272  224 s each  ~6.5 h left
  168/272  224 s each  ~6.5 h left
  169/272  223 s each  ~6.4 h left
  170/272  222 s each  ~6.3 h left
  171/272  221 s each  ~6.2 h left
  172/272  221 s each  ~6.1 h left
  173/272  220 s each  ~6.0 h left
  174/272  219 s each  ~6.0 h left
  175/272  219 s each  ~5.9 h left
  176/272  218 s each  ~5.8 h left
  177/272  217 s each  ~5.7 h left
  178/272  217 s each  ~5.7 h left
  179/272  217 s each  ~5.6 h left
  180/272  216 s each  ~5.5 h left
  181/272  215 s each  ~5.4 h left
  182/272  214 s each  ~5.4 h left
  183/272  214 s each  ~5.3 h left
  184/272  214 s each  ~5.2 h left
  185/272  214 s each  ~5.2 h left
  186/272  213 s each  ~5.1 h left
  187/272  212 s each  ~5.0 h left
  188/272  212 s each  ~5.0 h left
  189/272  212 s each  ~4.9 h left
  190/272  211 s each  ~4.8 h left
  191/272  211 s each  ~4.7 h left
  192/272  210 s each  ~4.7 h left
  193/272  218 s each  ~4.8 h left
  194/272  218 s each  ~4.7 h left
  195/272  217 s each  ~4.6 h left
  196/272  217 s each  ~4.6 h left
  197/272  216 s each  ~4.5 h left
  198/272  216 s each  ~4.4 h left
  199/272  217 s each  ~4.4 h left
  200/272  216 s each  ~4.3 h left
  201/272  216 s each  ~4.3 h left
  202/272  216 s each  ~4.2 h left
  203/272  216 s each  ~4.1 h left
  204/272  216 s each  ~4.1 h left
  205/272  216 s each  ~4.0 h left
  206/272  216 s each  ~4.0 h left
  207/272  215 s each  ~3.9 h left
  208/272  214 s each  ~3.8 h left
  209/272  222 s each  ~3.9 h left
  210/272  223 s each  ~3.8 h left
  211/272  222 s each  ~3.8 h left
  212/272  222 s each  ~3.7 h left
  213/272  223 s each  ~3.6 h left
  214/272  222 s each  ~3.6 h left
  215/272  222 s each  ~3.5 h left
  216/272  221 s each  ~3.4 h left
  217/272  220 s each  ~3.4 h left
  218/272  220 s each  ~3.3 h left
  219/272  220 s each  ~3.2 h left
  220/272  220 s each  ~3.2 h left
  221/272  219 s each  ~3.1 h left
  222/272  218 s each  ~3.0 h left
  223/272  218 s each  ~3.0 h left
  224/272  217 s each  ~2.9 h left
  225/272  225 s each  ~2.9 h left
  226/272  224 s each  ~2.9 h left
  227/272  224 s each  ~2.8 h left
  228/272  223 s each  ~2.7 h left
  229/272  223 s each  ~2.7 h left
  230/272  222 s each  ~2.6 h left
  231/272  222 s each  ~2.5 h left
  232/272  222 s each  ~2.5 h left
  233/272  221 s each  ~2.4 h left
  234/272  221 s each  ~2.3 h left
  235/272  221 s each  ~2.3 h left
  236/272  221 s each  ~2.2 h left
  237/272  221 s each  ~2.2 h left
  238/272  221 s each  ~2.1 h left
  239/272  220 s each  ~2.0 h left
  240/272  220 s each  ~2.0 h left
  241/272  220 s each  ~1.9 h left
  242/272  219 s each  ~1.8 h left
  243/272  219 s each  ~1.8 h left
  244/272  218 s each  ~1.7 h left
  245/272  218 s each  ~1.6 h left
  246/272  218 s each  ~1.6 h left
  247/272  218 s each  ~1.5 h left
  248/272  217 s each  ~1.4 h left
  249/272  217 s each  ~1.4 h left
  250/272  216 s each  ~1.3 h left
  251/272  216 s each  ~1.3 h left
  252/272  215 s each  ~1.2 h left
  253/272  215 s each  ~1.1 h left
  254/272  214 s each  ~1.1 h left
  255/272  214 s each  ~1.0 h left
  256/272  214 s each  ~0.9 h left
  257/272  213 s each  ~0.9 h left
  258/272  213 s each  ~0.8 h left
  259/272  213 s each  ~0.8 h left
  260/272  212 s each  ~0.7 h left
  261/272  212 s each  ~0.6 h left
  262/272  212 s each  ~0.6 h left
  263/272  212 s each  ~0.5 h left
  264/272  212 s each  ~0.5 h left
  265/272  212 s each  ~0.4 h left
  266/272  212 s each  ~0.4 h left
  267/272  211 s each  ~0.3 h left
  268/272  217 s each  ~0.2 h left
  269/272  217 s each  ~0.2 h left
  270/272  217 s each  ~0.1 h left
  271/272  218 s each  ~0.1 h left
  272/272  217 s each  ~0.0 h left
DONE in 984.0 min
