H1 fetch: 56 (pair,price) files to get
  AUDCAD bid: 137500 bars 2004-05-31..2026-09-07 | 1/56, 0.3 min elapsed, ~16 min left
  AUDCAD ask: 137500 bars 2004-05-31..2026-09-07 | 2/56, 0.5 min elapsed, ~15 min left
  AUDCHF bid: 137727 bars 2004-05-31..2026-09-07 | 3/56, 0.9 min elapsed, ~15 min left
  AUDCHF ask: 137727 bars 2004-05-31..2026-09-07 | 4/56, 1.2 min elapsed, ~15 min left
  AUDJPY bid: 137590 bars 2004-05-31..2026-09-07 | 5/56, 1.4 min elapsed, ~14 min left
  AUDJPY ask: 137590 bars 2004-05-31..2026-09-07 | 6/56, 1.6 min elapsed, ~14 min left
  AUDNZD bid: 137506 bars 2004-05-03..2026-09-07 | 7/56, 1.9 min elapsed, ~13 min left
  AUDNZD ask: 137506 bars 2004-05-03..2026-09-07 | 8/56, 2.1 min elapsed, ~12 min left
  AUDUSD bid: 138220 bars 2002-05-06..2026-09-07 | 9/56, 2.3 min elapsed, ~12 min left
  AUDUSD ask: 138220 bars 2002-05-06..2026-09-07 | 10/56, 2.5 min elapsed, ~11 min left
  CADCHF bid: 137639 bars 2004-05-31..2026-09-07 | 11/56, 2.7 min elapsed, ~11 min left
  CADCHF ask: 137639 bars 2004-05-31..2026-09-07 | 12/56, 2.9 min elapsed, ~11 min left
  CADJPY bid: 137650 bars 2004-05-31..2026-09-07 | 13/56, 3.1 min elapsed, ~10 min left
  CADJPY ask: 137650 bars 2004-05-31..2026-09-07 | 14/56, 3.3 min elapsed, ~10 min left
  CHFJPY bid: 137553 bars 2004-05-31..2026-09-07 | 15/56, 3.5 min elapsed, ~10 min left
  CHFJPY ask: 137553 bars 2004-05-31..2026-09-07 | 16/56, 3.8 min elapsed, ~9 min left
  EURAUD bid: 137548 bars 2004-05-31..2026-09-07 | 17/56, 4.0 min elapsed, ~9 min left
  EURAUD ask: 137548 bars 2004-05-31..2026-09-07 | 18/56, 4.2 min elapsed, ~9 min left
  EURCAD bid: 137663 bars 2004-05-31..2026-09-07 | 19/56, 4.5 min elapsed, ~9 min left
  EURCAD ask: 137663 bars 2004-05-31..2026-09-07 | 20/56, 4.7 min elapsed, ~8 min left
  EURCHF bid: 138188 bars 2002-05-06..2026-09-07 | 21/56, 4.9 min elapsed, ~8 min left
  EURCHF ask: 138188 bars 2002-05-06..2026-09-07 | 22/56, 5.1 min elapsed, ~8 min left
  EURGBP bid: 138251 bars 2002-05-07..2026-09-07 | 23/56, 5.3 min elapsed, ~8 min left
  EURGBP ask: 138251 bars 2002-05-07..2026-09-07 | 24/56, 5.6 min elapsed, ~7 min left
  EURJPY bid: 138310 bars 2002-05-06..2026-09-07 | 25/56, 5.8 min elapsed, ~7 min left
  EURJPY ask: 138310 bars 2002-05-06..2026-09-07 | 26/56, 6.0 min elapsed, ~7 min left
  EURNZD bid: 137586 bars 2004-05-31..2026-09-07 | 27/56, 6.3 min elapsed, ~7 min left
  EURNZD ask: 137586 bars 2004-05-31..2026-09-07 | 28/56, 6.5 min elapsed, ~6 min left
  EURUSD bid: 138405 bars 2002-05-06..2026-09-07 | 29/56, 6.7 min elapsed, ~6 min left
  EURUSD ask: 138405 bars 2002-05-06..2026-09-07 | 30/56, 6.9 min elapsed, ~6 min left
  GBPAUD bid: 137741 bars 2004-05-31..2026-09-07 | 31/56, 7.1 min elapsed, ~6 min left
  GBPAUD ask: 137741 bars 2004-05-31..2026-09-07 | 32/56, 7.3 min elapsed, ~6 min left
  GBPCAD bid: 137513 bars 2004-05-31..2026-09-07 | 33/56, 7.6 min elapsed, ~5 min left
  GBPCAD ask: 137513 bars 2004-05-31..2026-09-07 | 34/56, 7.8 min elapsed, ~5 min left
  GBPCHF bid: 138213 bars 2002-05-07..2026-09-07 | 35/56, 8.0 min elapsed, ~5 min left
  GBPCHF ask: 138213 bars 2002-05-07..2026-09-07 | 36/56, 8.2 min elapsed, ~5 min left
  GBPJPY bid: 138265 bars 2002-05-07..2026-09-07 | 37/56, 8.5 min elapsed, ~4 min left
  GBPJPY ask: 138265 bars 2002-05-07..2026-09-07 | 38/56, 8.7 min elapsed, ~4 min left
  GBPNZD bid: 137638 bars 2004-05-31..2026-09-07 | 39/56, 8.9 min elapsed, ~4 min left
  GBPNZD ask: 137638 bars 2004-05-31..2026-09-07 | 40/56, 9.1 min elapsed, ~4 min left
  GBPUSD bid: 138193 bars 2002-05-06..2026-09-07 | 41/56, 9.3 min elapsed, ~3 min left
  GBPUSD ask: 138193 bars 2002-05-06..2026-09-07 | 42/56, 9.5 min elapsed, ~3 min left
  NZDCAD bid: 137452 bars 2004-05-31..2026-09-07 | 43/56, 9.7 min elapsed, ~3 min left
  NZDCAD ask: 137452 bars 2004-05-31..2026-09-07 | 44/56, 9.9 min elapsed, ~3 min left
  NZDCHF bid: 137640 bars 2004-05-31..2026-09-07 | 45/56, 10.1 min elapsed, ~2 min left
  NZDCHF ask: 137640 bars 2004-05-31..2026-09-07 | 46/56, 10.3 min elapsed, ~2 min left
  NZDJPY bid: 137577 bars 2004-05-31..2026-09-07 | 47/56, 10.6 min elapsed, ~2 min left
  NZDJPY ask: 137577 bars 2004-05-31..2026-09-07 | 48/56, 11.1 min elapsed, ~2 min left
  NZDUSD bid: 137958 bars 2002-09-23..2026-09-07 | 49/56, 11.4 min elapsed, ~2 min left
  NZDUSD ask: 137958 bars 2002-09-23..2026-09-07 | 50/56, 11.7 min elapsed, ~1 min left
  USDCAD bid: 138105 bars 2002-05-07..2026-09-07 | 51/56, 12.0 min elapsed, ~1 min left
  USDCAD ask: 138105 bars 2002-05-07..2026-09-07 | 52/56, 12.2 min elapsed, ~1 min left
  USDCHF bid: 138209 bars 2002-05-06..2026-09-07 | 53/56, 12.5 min elapsed, ~1 min left
  USDCHF ask: 138209 bars 2002-05-06..2026-09-07 | 54/56, 12.7 min elapsed, ~0 min left
  USDJPY bid: 138305 bars 2002-05-06..2026-09-07 | 55/56, 13.0 min elapsed, ~0 min left
  USDJPY ask: 138305 bars 2002-05-06..2026-09-07 | 56/56, 13.2 min elapsed, ~0 min left
DONE in 13.2 min
