ip1 recovery (all): 101 strategies this shard (10/16), 36 already banked
  1/101  236 s each  ~6.6 h left
  2/101  199 s each  ~5.5 h left
  3/101  160 s each  ~4.4 h left
  4/101  152 s each  ~4.1 h left
  5/101  143 s each  ~3.8 h left
  6/101  163 s each  ~4.3 h left
  7/101  165 s each  ~4.3 h left
  8/101  161 s each  ~4.2 h left
  9/101  163 s each  ~4.2 h left
  10/101  156 s each  ~3.9 h left
  11/101  158 s each  ~4.0 h left
  12/101  309 s each  ~7.6 h left
  13/101  290 s each  ~7.1 h left
  14/101  278 s each  ~6.7 h left
  15/101  263 s each  ~6.3 h left
  16/101  252 s each  ~6.0 h left
  17/101  249 s each  ~5.8 h left
  18/101  239 s each  ~5.5 h left
  19/101  232 s each  ~5.3 h left
  20/101  231 s each  ~5.2 h left
  21/101  229 s each  ~5.1 h left
  22/101  226 s each  ~5.0 h left
  23/101  222 s each  ~4.8 h left
  24/101  220 s each  ~4.7 h left
  25/101  214 s each  ~4.5 h left
  26/101  277 s each  ~5.8 h left
  27/101  271 s each  ~5.6 h left
  28/101  267 s each  ~5.4 h left
  29/101  261 s each  ~5.2 h left
  30/101  256 s each  ~5.1 h left
  31/101  251 s each  ~4.9 h left
  32/101  250 s each  ~4.8 h left
  33/101  244 s each  ~4.6 h left
  34/101  241 s each  ~4.5 h left
  35/101  241 s each  ~4.4 h left
  36/101  237 s each  ~4.3 h left
  37/101  236 s each  ~4.2 h left
  38/101  232 s each  ~4.1 h left
/opt/fx/code/l2lib.py:1881: RuntimeWarning: overflow encountered in scalar multiply
  sm = r if not np.isfinite(sm) else price_smooth * r + (1 - price_smooth) * sm
/opt/fx/code/l2lib.py:1884: RuntimeWarning: overflow encountered in scalar multiply
  st = fr if not np.isfinite(st) else index_smooth * fr + (1 - index_smooth) * st
  39/101  229 s each  ~3.9 h left
  40/101  230 s each  ~3.9 h left
/opt/fx/code/l2pine.py:164: RuntimeWarning: invalid value encountered in divide
  return (W * w).sum(axis=1) / w.sum()
  41/101  225 s each  ~3.8 h left
  42/101  222 s each  ~3.6 h left
  43/101  220 s each  ~3.6 h left
  44/101  218 s each  ~3.5 h left
  45/101  218 s each  ~3.4 h left
  46/101  215 s each  ~3.3 h left
  47/101  213 s each  ~3.2 h left
  48/101  211 s each  ~3.1 h left
  49/101  212 s each  ~3.1 h left
  50/101  211 s each  ~3.0 h left
  51/101  209 s each  ~2.9 h left
  52/101  206 s each  ~2.8 h left
  53/101  209 s each  ~2.8 h left
/opt/fx/code/l2lib.py:1856: RuntimeWarning: overflow encountered in scalar multiply
  fama[i] = .5 * al * mama[i] + (1 - .5 * al) * fama[i - 1]
/opt/fx/code/l2lib.py:1855: RuntimeWarning: overflow encountered in scalar multiply
  mama[i] = al * src[i] + (1 - al) * mama[i - 1]
/opt/fx/code/l2lib.py:1856: RuntimeWarning: invalid value encountered in scalar add
  fama[i] = .5 * al * mama[i] + (1 - .5 * al) * fama[i - 1]
/opt/fx/code/l2lib.py:1856: RuntimeWarning: overflow encountered in scalar add
  fama[i] = .5 * al * mama[i] + (1 - .5 * al) * fama[i - 1]
  54/101  210 s each  ~2.7 h left
  55/101  208 s each  ~2.7 h left
  56/101  206 s each  ~2.6 h left
  57/101  205 s each  ~2.5 h left
  58/101  204 s each  ~2.4 h left
  59/101  203 s each  ~2.4 h left
  60/101  202 s each  ~2.3 h left
  61/101  201 s each  ~2.2 h left
  62/101  199 s each  ~2.2 h left
  63/101  199 s each  ~2.1 h left
  64/101  198 s each  ~2.0 h left
  65/101  196 s each  ~2.0 h left
  66/101  195 s each  ~1.9 h left
  67/101  194 s each  ~1.8 h left
  68/101  193 s each  ~1.8 h left
  69/101  194 s each  ~1.7 h left
  70/101  192 s each  ~1.7 h left
  71/101  191 s each  ~1.6 h left
  72/101  190 s each  ~1.5 h left
  73/101  190 s each  ~1.5 h left
  74/101  189 s each  ~1.4 h left
  75/101  190 s each  ~1.4 h left
  76/101  190 s each  ~1.3 h left
  77/101  188 s each  ~1.3 h left
  78/101  187 s each  ~1.2 h left
  79/101  188 s each  ~1.1 h left
  80/101  187 s each  ~1.1 h left
  81/101  187 s each  ~1.0 h left
  82/101  186 s each  ~1.0 h left
  83/101  186 s each  ~0.9 h left
  84/101  186 s each  ~0.9 h left
  85/101  185 s each  ~0.8 h left
  86/101  185 s each  ~0.8 h left
  87/101  183 s each  ~0.7 h left
  88/101  182 s each  ~0.7 h left
  89/101  182 s each  ~0.6 h left
  90/101  180 s each  ~0.6 h left
  91/101  179 s each  ~0.5 h left
  92/101  199 s each  ~0.5 h left
  93/101  198 s each  ~0.4 h left
  94/101  197 s each  ~0.4 h left
  95/101  196 s each  ~0.3 h left
  96/101  213 s each  ~0.3 h left
  97/101  212 s each  ~0.2 h left
  98/101  212 s each  ~0.2 h left
  99/101  211 s each  ~0.1 h left
  100/101  228 s each  ~0.1 h left
  101/101  226 s each  ~0.0 h left
DONE in 381.0 min
