2026-09-01 21:48:45 armed; waiting for mode A chop to complete
2026-09-01 23:40:37 armed; waiting for mode A chop to complete
2026-09-02 12:34:47 chopfinish reported REDO DONE
2026-09-02 12:34:47 recording mode A and projecting mode C

## MODE A FINAL, AND MODE C PROJECTED FROM IT

A ran `--sorted --cap 6 --seed-from B`, no disk cache. Rates are MEASURED, total seconds over total combinations.

| slice | combinations | s/combination | engine-hours | crossing rate |
|---|---|---|---|---|
| trend | 12,263 | **161.4** | 550 | **14.79%** |
| chop | 7,318 | **148.6** | 302 | **11.93%** |

**A-chop leaderboard headline** — 678 crossers ranked, crisis-excluded co-equal rule. Rank 1: `dspo x dpo x variance x mcginley_dynamic_index`, 202 blind trades, **93.66 R**, expectancy 0.464, Sortino 22.67, Sharpe 4.23, maxDD 13.11, Calmar 7.14, net-of-structure 0.439.


### MODE C PROJECTED — from A's measured rates, cumulative average

**The estimator is total seconds over total combinations.** A recent-chunks average is biased FAST -- fast chunks finish first, so the completed set always over-represents them. That bias produced a run of optimistic ETAs earlier in this project and is not used here.

| slice | combinations | s/combination (from A) | engine-hours | days at 9 workers |
|---|---|---|---|---|
| trend | 554,422 | 161.4 | 24,849 | **115.0** |
| chop | 162,481 | 148.6 | 6,708 | **31.1** |
| **total** | **716,903** | | **31,558** | **146.1** |

**That is 146.1 days — roughly 4.8 months — at full power on this machine.** Mode C's population is 40x mode A's, and the per-combination cost is A's own, so the number is not a modelling artefact: it is what this hardware does.

The declared staged cheap/deep pass (`--staged`, +0.02R threshold) is enabled and will cut this, but **by an unmeasured amount** -- neither A nor B ever ran staged, so there is no observed cheap-pass saving to quote. Any figure below the table would be invented. The first few hundred staged C combinations will measure it, and this section gets amended with the real number rather than a guess.


wrote results/modeC_projection.json and appended to GAUNTLET.md
2026-09-02 12:34:48 launching mode C main pool (6 workers)
2026-09-02 12:35:09 main pool pid 68319
2026-09-02 12:35:09 launching mode C additive --reverse pool (3 workers)
2026-09-02 12:35:29 reverse pool pid 68418
2026-09-02 12:35:29 swap guard armed: main=68319 protected, additive=68418 sacrificed first
2026-09-02 12:35:31 MODE C LAUNCHED
