== team1_W3ONLY_GATE2
    2016    21.33%
    2017    19.90%
    2018    29.36%
    2019    19.12%
    2020    15.72%
    worst 15.72% in 2020 | median 19.90%

== team2_W3ONLY_GATE2
    2016    32.00%
    2017    29.85%
    2018    44.04%
    2019    28.69%
    2020    23.59%
    worst 23.59% in 2020 | median 29.85%

== team1_W3ONLY_GATE2_FIXED
    2016    22.59%
    2017    11.53%
    2018    25.65%
    2019    10.19%
    2020    22.62%
    worst 10.19% in 2019 | median 22.59%

== team2_W3ONLY_GATE2_FIXED
    2016    33.88%
    2017    17.29%
    2018    38.47%
    2019    15.29%
    2020    33.93%
    worst 15.29% in 2019 | median 33.88%

wrote results/team_per_year.csv
