    team1_W3ONLY_ADOPTED_pick round: 504 trials, best 8.818%, members 0
    team1_W3ONLY_ADOPTED_pick round: 502 trials, best 12.865%, members 1
    team1_W3ONLY_ADOPTED_pick round: 500 trials, best 17.557%, members 2
    team1_W3ONLY_ADOPTED_pick round: 498 trials, best 21.217%, members 3
    team1_W3ONLY_ADOPTED_pick round: 496 trials, best 23.740%, members 4
    team1_W3ONLY_ADOPTED_pick round: 494 trials, best 26.942%, members 5
    team1_W3ONLY_ADOPTED_pick round: 492 trials, best 29.510%, members 6
    team1_W3ONLY_ADOPTED_pick round: 490 trials, best 31.769%, members 7
    team1_W3ONLY_ADOPTED_pick round: 488 trials, best 33.404%, members 8
    team1_W3ONLY_ADOPTED_pick round: 486 trials, best 34.906%, members 9
    team1_W3ONLY_ADOPTED_pick round: 484 trials, best 36.498%, members 10
    team1_W3ONLY_ADOPTED_pick round: 482 trials, best 37.466%, members 11
    team1_W3ONLY_ADOPTED_pick round: 480 trials, best 38.424%, members 12
    team1_W3ONLY_ADOPTED_pick round: 478 trials, best 39.319%, members 13
    team1_W3ONLY_ADOPTED_pick round: 476 trials, best 40.084%, members 14
    team1_W3ONLY_ADOPTED_pick round: 474 trials, best 40.932%, members 15
    team1_W3ONLY_ADOPTED_pick round: 472 trials, best 41.130%, members 16
    team1_W3ONLY_ADOPTED_pick round: 470 trials, best 41.341%, members 17
    team1_W3ONLY_ADOPTED_pick round: 468 trials, best 42.032%, members 18
    team1_W3ONLY_ADOPTED_pick round: 466 trials, best 42.229%, members 19
    team1_W3ONLY_ADOPTED_pick round: 464 trials, best 42.652%, members 20
    team1_W3ONLY_ADOPTED_pick round: 462 trials, best 42.652%, members 21
    null round: 504 trials, best 4.169%, members 0
    null round: 502 trials, best 6.103%, members 1
    null round: 500 trials, best 7.597%, members 2
    null round: 498 trials, best 9.271%, members 3
    null round: 496 trials, best 10.701%, members 4
    null round: 494 trials, best 12.649%, members 5
    null round: 492 trials, best 13.666%, members 6
    null round: 490 trials, best 14.648%, members 7
    null round: 488 trials, best 15.874%, members 8
    null round: 486 trials, best 16.517%, members 9
    null round: 484 trials, best 17.169%, members 10
    null round: 482 trials, best 17.863%, members 11
    null round: 480 trials, best 18.523%, members 12
    null round: 478 trials, best 19.084%, members 13
    null round: 476 trials, best 19.560%, members 14
    null round: 474 trials, best 19.957%, members 15
    null round: 472 trials, best 20.664%, members 16
    null round: 470 trials, best 21.066%, members 17
    null round: 468 trials, best 21.252%, members 18
    null round: 466 trials, best 21.519%, members 19
    null round: 464 trials, best 21.797%, members 20
    null round: 462 trials, best 21.998%, members 21
    null round: 460 trials, best 22.465%, members 22
    null round: 458 trials, best 23.514%, members 23
    null round: 456 trials, best 23.965%, members 24
    null round: 454 trials, best 23.965%, members 25
    null round: 504 trials, best 4.154%, members 0
    null round: 502 trials, best 6.134%, members 1
    null round: 500 trials, best 7.741%, members 2
    null round: 498 trials, best 9.336%, members 3
    null round: 496 trials, best 10.665%, members 4
    null round: 494 trials, best 12.789%, members 5
    null round: 492 trials, best 13.665%, members 6
    null round: 490 trials, best 14.434%, members 7
    null round: 488 trials, best 15.382%, members 8
    null round: 486 trials, best 16.555%, members 9
    null round: 484 trials, best 17.004%, members 10
    null round: 482 trials, best 18.221%, members 11
    null round: 480 trials, best 18.652%, members 12
    null round: 478 trials, best 19.505%, members 13
    null round: 476 trials, best 19.822%, members 14
    null round: 474 trials, best 20.606%, members 15
    null round: 472 trials, best 20.821%, members 16
    null round: 470 trials, best 21.094%, members 17
    null round: 468 trials, best 21.644%, members 18
    null round: 466 trials, best 21.739%, members 19
    null round: 464 trials, best 22.016%, members 20
    null round: 462 trials, best 22.239%, members 21
    null round: 460 trials, best 22.263%, members 22
    null round: 458 trials, best 23.196%, members 23
    null round: 456 trials, best 23.425%, members 24
    null round: 454 trials, best 23.641%, members 25
    null round: 452 trials, best 23.735%, members 26
    null round: 450 trials, best 23.735%, members 27
    null round: 504 trials, best 4.180%, members 0
    null round: 502 trials, best 6.020%, members 1
    null round: 500 trials, best 7.601%, members 2
    null round: 498 trials, best 9.344%, members 3
    null round: 496 trials, best 10.449%, members 4
    null round: 494 trials, best 11.656%, members 5
    null round: 492 trials, best 12.650%, members 6
    null round: 490 trials, best 13.619%, members 7
    null round: 488 trials, best 14.670%, members 8
    null round: 486 trials, best 15.543%, members 9
    null round: 484 trials, best 16.151%, members 10
    null round: 482 trials, best 16.847%, members 11
    null round: 480 trials, best 17.416%, members 12
    null round: 478 trials, best 17.784%, members 13
    null round: 476 trials, best 18.664%, members 14
    null round: 474 trials, best 19.010%, members 15
    null round: 472 trials, best 19.862%, members 16
    null round: 470 trials, best 20.891%, members 17
    null round: 468 trials, best 21.150%, members 18
    null round: 466 trials, best 21.328%, members 19
    null round: 464 trials, best 21.331%, members 20
    null round: 462 trials, best 22.272%, members 21
    null round: 460 trials, best 23.515%, members 22
    null round: 458 trials, best 23.572%, members 23
    null round: 456 trials, best 23.882%, members 24
    null round: 454 trials, best 23.956%, members 25
    null round: 452 trials, best 23.956%, members 26
    null round: 504 trials, best 4.167%, members 0
    null round: 502 trials, best 6.069%, members 1
    null round: 500 trials, best 7.710%, members 2
    null round: 498 trials, best 9.116%, members 3
    null round: 496 trials, best 10.354%, members 4
    null round: 494 trials, best 11.652%, members 5
    null round: 492 trials, best 13.268%, members 6
    null round: 490 trials, best 14.832%, members 7
    null round: 488 trials, best 15.412%, members 8
    null round: 486 trials, best 16.142%, members 9
    null round: 484 trials, best 16.857%, members 10
    null round: 482 trials, best 17.280%, members 11
    null round: 480 trials, best 18.055%, members 12
    null round: 478 trials, best 18.421%, members 13
    null round: 476 trials, best 18.733%, members 14
    null round: 474 trials, best 19.378%, members 15
    null round: 472 trials, best 19.792%, members 16
    null round: 470 trials, best 20.472%, members 17
    null round: 468 trials, best 20.647%, members 18
    null round: 466 trials, best 21.004%, members 19
    null round: 464 trials, best 21.143%, members 20
    null round: 462 trials, best 21.386%, members 21
    null round: 460 trials, best 21.963%, members 22
    null round: 458 trials, best 22.151%, members 23
    null round: 456 trials, best 22.464%, members 24
    null round: 454 trials, best 23.315%, members 25
    null round: 452 trials, best 23.517%, members 26
    null round: 450 trials, best 23.517%, members 27
    null round: 504 trials, best 4.146%, members 0
    null round: 502 trials, best 6.047%, members 1
    null round: 500 trials, best 7.672%, members 2
    null round: 498 trials, best 8.921%, members 3
    null round: 496 trials, best 10.151%, members 4
    null round: 494 trials, best 11.407%, members 5
    null round: 492 trials, best 13.664%, members 6
    null round: 490 trials, best 15.221%, members 7
    null round: 488 trials, best 16.363%, members 8
    null round: 486 trials, best 17.220%, members 9
    null round: 484 trials, best 17.738%, members 10
    null round: 482 trials, best 18.144%, members 11
    null round: 480 trials, best 18.743%, members 12
    null round: 478 trials, best 19.945%, members 13
    null round: 476 trials, best 20.262%, members 14
    null round: 474 trials, best 20.860%, members 15
    null round: 472 trials, best 21.399%, members 16
    null round: 470 trials, best 21.847%, members 17
    null round: 468 trials, best 22.105%, members 18
    null round: 466 trials, best 22.300%, members 19
    null round: 464 trials, best 22.563%, members 20
    null round: 462 trials, best 22.644%, members 21
    null round: 460 trials, best 22.857%, members 22
    null round: 458 trials, best 22.857%, members 23
    null round: 504 trials, best 4.146%, members 0
    null round: 502 trials, best 6.047%, members 1
    null round: 500 trials, best 7.672%, members 2
    null round: 498 trials, best 8.921%, members 3
    null round: 496 trials, best 10.151%, members 4
    null round: 494 trials, best 11.407%, members 5
    null round: 492 trials, best 13.664%, members 6
    null round: 490 trials, best 15.221%, members 7
    null round: 488 trials, best 16.363%, members 8
    null round: 486 trials, best 17.220%, members 9
    null round: 484 trials, best 17.738%, members 10
    null round: 482 trials, best 18.144%, members 11
    null round: 480 trials, best 18.743%, members 12
    null round: 478 trials, best 19.945%, members 13
    null round: 476 trials, best 20.262%, members 14
    null round: 474 trials, best 20.860%, members 15
    null round: 472 trials, best 21.399%, members 16
    null round: 470 trials, best 21.847%, members 17
    null round: 468 trials, best 22.105%, members 18
    null round: 466 trials, best 22.300%, members 19
    null round: 464 trials, best 22.563%, members 20
    null round: 462 trials, best 22.644%, members 21
    null round: 460 trials, best 22.857%, members 22
    null round: 458 trials, best 22.857%, members 23
    null round: 504 trials, best 4.198%, members 0
    null round: 502 trials, best 6.087%, members 1
    null round: 500 trials, best 7.617%, members 2
    null round: 498 trials, best 9.288%, members 3
    null round: 496 trials, best 10.500%, members 4
    null round: 494 trials, best 11.678%, members 5
    null round: 492 trials, best 12.756%, members 6
    null round: 490 trials, best 13.673%, members 7
    null round: 488 trials, best 14.383%, members 8
    null round: 486 trials, best 15.331%, members 9
    null round: 484 trials, best 16.282%, members 10
    null round: 482 trials, best 18.017%, members 11
    null round: 480 trials, best 18.724%, members 12
    null round: 478 trials, best 19.488%, members 13
    null round: 476 trials, best 19.912%, members 14
    null round: 474 trials, best 20.217%, members 15
    null round: 472 trials, best 20.481%, members 16
    null round: 470 trials, best 20.610%, members 17
    null round: 468 trials, best 21.066%, members 18
    null round: 466 trials, best 21.238%, members 19
    null round: 464 trials, best 21.238%, members 20
    null round: 504 trials, best 4.191%, members 0
    null round: 502 trials, best 5.982%, members 1
    null round: 500 trials, best 7.763%, members 2
    null round: 498 trials, best 9.212%, members 3
    null round: 496 trials, best 10.310%, members 4
    null round: 494 trials, best 12.593%, members 5
    null round: 492 trials, best 13.602%, members 6
    null round: 490 trials, best 14.465%, members 7
    null round: 488 trials, best 15.268%, members 8
    null round: 486 trials, best 16.333%, members 9
    null round: 484 trials, best 17.018%, members 10
    null round: 482 trials, best 17.571%, members 11
    null round: 480 trials, best 18.441%, members 12
    null round: 478 trials, best 18.999%, members 13
    null round: 476 trials, best 19.715%, members 14
    null round: 474 trials, best 20.276%, members 15
    null round: 472 trials, best 20.602%, members 16
    null round: 470 trials, best 20.844%, members 17
    null round: 468 trials, best 21.015%, members 18
    null round: 466 trials, best 21.255%, members 19
    null round: 464 trials, best 21.335%, members 20
    null round: 462 trials, best 21.391%, members 21
    null round: 460 trials, best 22.049%, members 22
    null round: 458 trials, best 22.146%, members 23
    null round: 456 trials, best 22.784%, members 24
    null round: 454 trials, best 23.283%, members 25
    null round: 452 trials, best 23.413%, members 26
    null round: 450 trials, best 23.511%, members 27
    null round: 448 trials, best 23.511%, members 28
    null round: 504 trials, best 4.180%, members 0
    null round: 502 trials, best 6.049%, members 1
    null round: 500 trials, best 7.777%, members 2
    null round: 498 trials, best 9.124%, members 3
    null round: 496 trials, best 10.388%, members 4
    null round: 494 trials, best 11.594%, members 5
    null round: 492 trials, best 13.718%, members 6
    null round: 490 trials, best 15.092%, members 7
    null round: 488 trials, best 15.939%, members 8
    null round: 486 trials, best 17.001%, members 9
    null round: 484 trials, best 17.545%, members 10
    null round: 482 trials, best 18.140%, members 11
    null round: 480 trials, best 18.832%, members 12
    null round: 478 trials, best 19.615%, members 13
    null round: 476 trials, best 20.555%, members 14
    null round: 474 trials, best 20.908%, members 15
    null round: 472 trials, best 21.224%, members 16
    null round: 470 trials, best 21.473%, members 17
    null round: 468 trials, best 21.711%, members 18
    null round: 466 trials, best 21.860%, members 19
    null round: 464 trials, best 21.929%, members 20
    null round: 462 trials, best 22.158%, members 21
    null round: 460 trials, best 22.847%, members 22
    null round: 458 trials, best 22.993%, members 23
    null round: 456 trials, best 22.993%, members 24
    null round: 504 trials, best 4.178%, members 0
    null round: 502 trials, best 6.057%, members 1
    null round: 500 trials, best 7.761%, members 2
    null round: 498 trials, best 9.115%, members 3
    null round: 496 trials, best 10.418%, members 4
    null round: 494 trials, best 11.560%, members 5
    null round: 492 trials, best 13.745%, members 6
    null round: 490 trials, best 15.102%, members 7
    null round: 488 trials, best 15.932%, members 8
    null round: 486 trials, best 16.861%, members 9
    null round: 484 trials, best 17.733%, members 10
    null round: 482 trials, best 18.353%, members 11
    null round: 480 trials, best 18.955%, members 12
    null round: 478 trials, best 19.371%, members 13
    null round: 476 trials, best 19.939%, members 14
    null round: 474 trials, best 20.298%, members 15
    null round: 472 trials, best 20.584%, members 16
    null round: 470 trials, best 21.224%, members 17
    null round: 468 trials, best 21.388%, members 18
    null round: 466 trials, best 21.388%, members 19
    null round: 504 trials, best 4.145%, members 0
    null round: 502 trials, best 6.043%, members 1
    null round: 500 trials, best 7.843%, members 2
    null round: 498 trials, best 9.142%, members 3
    null round: 496 trials, best 10.172%, members 4
    null round: 494 trials, best 11.780%, members 5
    null round: 492 trials, best 13.460%, members 6
    null round: 490 trials, best 14.283%, members 7
    null round: 488 trials, best 14.945%, members 8
    null round: 486 trials, best 15.864%, members 9
    null round: 484 trials, best 16.572%, members 10
    null round: 482 trials, best 17.080%, members 11
    null round: 480 trials, best 17.632%, members 12
    null round: 478 trials, best 17.997%, members 13
    null round: 476 trials, best 18.330%, members 14
    null round: 474 trials, best 19.047%, members 15
    null round: 472 trials, best 19.900%, members 16
    null round: 470 trials, best 20.265%, members 17
    null round: 468 trials, best 20.379%, members 18
    null round: 466 trials, best 20.647%, members 19
    null round: 464 trials, best 21.174%, members 20
    null round: 462 trials, best 21.733%, members 21
    null round: 460 trials, best 21.795%, members 22
    null round: 458 trials, best 21.877%, members 23
    null round: 456 trials, best 22.590%, members 24
    null round: 454 trials, best 22.765%, members 25
    null round: 452 trials, best 23.122%, members 26
    null round: 450 trials, best 23.331%, members 27
    null round: 448 trials, best 23.331%, members 28
    null round: 504 trials, best 4.208%, members 0
    null round: 502 trials, best 6.046%, members 1
    null round: 500 trials, best 7.790%, members 2
    null round: 498 trials, best 9.106%, members 3
    null round: 496 trials, best 10.435%, members 4
    null round: 494 trials, best 11.566%, members 5
    null round: 492 trials, best 13.793%, members 6
    null round: 490 trials, best 15.201%, members 7
    null round: 488 trials, best 16.126%, members 8
    null round: 486 trials, best 16.867%, members 9
    null round: 484 trials, best 17.607%, members 10
    null round: 482 trials, best 18.213%, members 11
    null round: 480 trials, best 19.190%, members 12
    null round: 478 trials, best 19.565%, members 13
    null round: 476 trials, best 19.902%, members 14
    null round: 474 trials, best 20.128%, members 15
    null round: 472 trials, best 20.779%, members 16
    null round: 470 trials, best 21.404%, members 17
    null round: 468 trials, best 21.616%, members 18
    null round: 466 trials, best 22.449%, members 19
    null round: 464 trials, best 22.703%, members 20
    null round: 462 trials, best 22.847%, members 21
    null round: 460 trials, best 22.920%, members 22
    null round: 458 trials, best 23.009%, members 23
    null round: 456 trials, best 23.125%, members 24
    null round: 454 trials, best 23.591%, members 25
    null round: 452 trials, best 23.591%, members 26
    null round: 504 trials, best 4.152%, members 0
    null round: 502 trials, best 6.016%, members 1
    null round: 500 trials, best 7.642%, members 2
    null round: 498 trials, best 9.450%, members 3
    null round: 496 trials, best 10.593%, members 4
    null round: 494 trials, best 11.908%, members 5
    null round: 492 trials, best 13.767%, members 6
    null round: 490 trials, best 15.110%, members 7
    null round: 488 trials, best 15.832%, members 8
    null round: 486 trials, best 16.543%, members 9
    null round: 484 trials, best 17.611%, members 10
    null round: 482 trials, best 18.572%, members 11
    null round: 480 trials, best 18.904%, members 12
    null round: 478 trials, best 19.923%, members 13
    null round: 476 trials, best 20.742%, members 14
    null round: 474 trials, best 20.939%, members 15
    null round: 472 trials, best 21.791%, members 16
    null round: 470 trials, best 21.791%, members 17
    null round: 504 trials, best 4.169%, members 0
    null round: 502 trials, best 5.979%, members 1
    null round: 500 trials, best 7.683%, members 2
    null round: 498 trials, best 9.303%, members 3
    null round: 496 trials, best 10.589%, members 4
    null round: 494 trials, best 12.735%, members 5
    null round: 492 trials, best 13.849%, members 6
    null round: 490 trials, best 15.189%, members 7
    null round: 488 trials, best 16.362%, members 8
    null round: 486 trials, best 16.840%, members 9
    null round: 484 trials, best 17.444%, members 10
    null round: 482 trials, best 18.183%, members 11
    null round: 480 trials, best 18.862%, members 12
    null round: 478 trials, best 19.150%, members 13
    null round: 476 trials, best 19.494%, members 14
    null round: 474 trials, best 20.047%, members 15
    null round: 472 trials, best 20.572%, members 16
    null round: 470 trials, best 21.054%, members 17
    null round: 468 trials, best 21.598%, members 18
    null round: 466 trials, best 21.598%, members 19
    null round: 504 trials, best 4.143%, members 0
    null round: 502 trials, best 6.080%, members 1
    null round: 500 trials, best 7.660%, members 2
    null round: 498 trials, best 9.329%, members 3
    null round: 496 trials, best 10.668%, members 4
    null round: 494 trials, best 12.675%, members 5
    null round: 492 trials, best 13.837%, members 6
    null round: 490 trials, best 15.162%, members 7
    null round: 488 trials, best 16.340%, members 8
    null round: 486 trials, best 16.834%, members 9
    null round: 484 trials, best 17.356%, members 10
    null round: 482 trials, best 17.845%, members 11
    null round: 480 trials, best 18.254%, members 12
    null round: 478 trials, best 18.470%, members 13
    null round: 476 trials, best 19.205%, members 14
    null round: 474 trials, best 19.812%, members 15
    null round: 472 trials, best 20.952%, members 16
    null round: 470 trials, best 21.092%, members 17
    null round: 468 trials, best 21.584%, members 18
    null round: 466 trials, best 21.584%, members 19
    null round: 504 trials, best 4.167%, members 0
    null round: 502 trials, best 5.966%, members 1
    null round: 500 trials, best 7.676%, members 2
    null round: 498 trials, best 9.311%, members 3
    null round: 496 trials, best 10.611%, members 4
    null round: 494 trials, best 11.827%, members 5
    null round: 492 trials, best 12.768%, members 6
    null round: 490 trials, best 13.473%, members 7
    null round: 488 trials, best 14.136%, members 8
    null round: 486 trials, best 14.752%, members 9
    null round: 484 trials, best 15.404%, members 10
    null round: 482 trials, best 15.904%, members 11
    null round: 480 trials, best 16.625%, members 12
    null round: 478 trials, best 17.375%, members 13
    null round: 476 trials, best 18.198%, members 14
    null round: 474 trials, best 18.786%, members 15
    null round: 472 trials, best 18.950%, members 16
    null round: 470 trials, best 19.363%, members 17
    null round: 468 trials, best 20.782%, members 18
    null round: 466 trials, best 21.216%, members 19
    null round: 464 trials, best 21.289%, members 20
    null round: 462 trials, best 21.289%, members 21
    null round: 504 trials, best 4.189%, members 0
    null round: 502 trials, best 5.989%, members 1
    null round: 500 trials, best 7.572%, members 2
    null round: 498 trials, best 9.259%, members 3
    null round: 496 trials, best 10.565%, members 4
    null round: 494 trials, best 11.813%, members 5
    null round: 492 trials, best 12.700%, members 6
    null round: 490 trials, best 13.645%, members 7
    null round: 488 trials, best 14.388%, members 8
    null round: 486 trials, best 14.986%, members 9
    null round: 484 trials, best 15.957%, members 10
    null round: 482 trials, best 16.657%, members 11
    null round: 480 trials, best 18.126%, members 12
    null round: 478 trials, best 18.989%, members 13
    null round: 476 trials, best 20.236%, members 14
    null round: 474 trials, best 21.334%, members 15
    null round: 472 trials, best 21.629%, members 16
    null round: 470 trials, best 22.076%, members 17
    null round: 468 trials, best 22.676%, members 18
    null round: 466 trials, best 23.016%, members 19
    null round: 464 trials, best 23.016%, members 20
    null round: 504 trials, best 4.141%, members 0
    null round: 502 trials, best 6.028%, members 1
    null round: 500 trials, best 7.669%, members 2
    null round: 498 trials, best 8.849%, members 3
    null round: 496 trials, best 10.365%, members 4
    null round: 494 trials, best 12.453%, members 5
    null round: 492 trials, best 13.672%, members 6
    null round: 490 trials, best 14.626%, members 7
    null round: 488 trials, best 15.326%, members 8
    null round: 486 trials, best 16.019%, members 9
    null round: 484 trials, best 17.056%, members 10
    null round: 482 trials, best 17.829%, members 11
    null round: 480 trials, best 18.345%, members 12
    null round: 478 trials, best 18.704%, members 13
    null round: 476 trials, best 19.137%, members 14
    null round: 474 trials, best 19.368%, members 15
    null round: 472 trials, best 20.079%, members 16
    null round: 470 trials, best 20.217%, members 17
    null round: 468 trials, best 20.982%, members 18
    null round: 466 trials, best 21.258%, members 19
    null round: 464 trials, best 21.496%, members 20
    null round: 462 trials, best 22.092%, members 21
    null round: 460 trials, best 22.092%, members 22
    null round: 504 trials, best 4.218%, members 0
    null round: 502 trials, best 6.066%, members 1
    null round: 500 trials, best 7.828%, members 2
    null round: 498 trials, best 9.066%, members 3
    null round: 496 trials, best 10.384%, members 4
    null round: 494 trials, best 11.503%, members 5
    null round: 492 trials, best 12.549%, members 6
    null round: 490 trials, best 14.664%, members 7
    null round: 488 trials, best 15.455%, members 8
    null round: 486 trials, best 16.317%, members 9
    null round: 484 trials, best 17.038%, members 10
    null round: 482 trials, best 17.967%, members 11
    null round: 480 trials, best 18.963%, members 12
    null round: 478 trials, best 19.680%, members 13
    null round: 476 trials, best 20.223%, members 14
    null round: 474 trials, best 20.681%, members 15
    null round: 472 trials, best 21.290%, members 16
    null round: 470 trials, best 21.290%, members 17
    null round: 504 trials, best 4.168%, members 0
    null round: 502 trials, best 5.978%, members 1
    null round: 500 trials, best 7.591%, members 2
    null round: 498 trials, best 9.377%, members 3
    null round: 496 trials, best 10.605%, members 4
    null round: 494 trials, best 12.017%, members 5
    null round: 492 trials, best 13.960%, members 6
    null round: 490 trials, best 14.793%, members 7
    null round: 488 trials, best 15.588%, members 8
    null round: 486 trials, best 16.501%, members 9
    null round: 484 trials, best 17.349%, members 10
    null round: 482 trials, best 17.668%, members 11
    null round: 480 trials, best 18.641%, members 12
    null round: 478 trials, best 19.243%, members 13
    null round: 476 trials, best 19.678%, members 14
    null round: 474 trials, best 20.476%, members 15
    null round: 472 trials, best 20.971%, members 16
    null round: 470 trials, best 21.156%, members 17
    null round: 468 trials, best 21.428%, members 18
    null round: 466 trials, best 22.605%, members 19
    null round: 464 trials, best 23.348%, members 20
    null round: 462 trials, best 23.554%, members 21
    null round: 460 trials, best 23.554%, members 22
    null round: 504 trials, best 4.179%, members 0
    null round: 502 trials, best 5.977%, members 1
    null round: 500 trials, best 7.641%, members 2
    null round: 498 trials, best 9.472%, members 3
    null round: 496 trials, best 10.668%, members 4
    null round: 494 trials, best 11.991%, members 5
    null round: 492 trials, best 13.855%, members 6
    null round: 490 trials, best 14.720%, members 7
    null round: 488 trials, best 15.669%, members 8
    null round: 486 trials, best 16.672%, members 9
    null round: 484 trials, best 18.085%, members 10
    null round: 482 trials, best 18.802%, members 11
    null round: 480 trials, best 19.492%, members 12
    null round: 478 trials, best 20.071%, members 13
    null round: 476 trials, best 20.859%, members 14
    null round: 474 trials, best 21.539%, members 15
    null round: 472 trials, best 21.629%, members 16
    null round: 470 trials, best 21.697%, members 17
    null round: 468 trials, best 22.280%, members 18
    null round: 466 trials, best 22.280%, members 19
    null round: 464 trials, best 22.406%, members 20
    null round: 462 trials, best 22.406%, members 21
    null round: 504 trials, best 4.169%, members 0
    null round: 502 trials, best 6.103%, members 1
    null round: 500 trials, best 7.597%, members 2
    null round: 498 trials, best 9.271%, members 3
    null round: 496 trials, best 10.701%, members 4
    null round: 494 trials, best 12.649%, members 5
    null round: 492 trials, best 13.666%, members 6
    null round: 490 trials, best 14.648%, members 7
    null round: 488 trials, best 15.874%, members 8
    null round: 486 trials, best 16.517%, members 9
    null round: 484 trials, best 17.169%, members 10
    null round: 482 trials, best 17.863%, members 11
    null round: 480 trials, best 18.523%, members 12
    null round: 478 trials, best 19.084%, members 13
    null round: 476 trials, best 19.560%, members 14
    null round: 474 trials, best 19.957%, members 15
    null round: 472 trials, best 20.664%, members 16
    null round: 470 trials, best 21.066%, members 17
    null round: 468 trials, best 21.252%, members 18
    null round: 466 trials, best 21.519%, members 19
    null round: 464 trials, best 21.797%, members 20
    null round: 462 trials, best 21.998%, members 21
    null round: 460 trials, best 22.465%, members 22
    null round: 458 trials, best 23.514%, members 23
    null round: 456 trials, best 23.965%, members 24
    null round: 454 trials, best 23.965%, members 25
    null round: 504 trials, best 4.149%, members 0
    null round: 502 trials, best 6.055%, members 1
    null round: 500 trials, best 7.751%, members 2
    null round: 498 trials, best 9.075%, members 3
    null round: 496 trials, best 10.346%, members 4
    null round: 494 trials, best 11.652%, members 5
    null round: 492 trials, best 13.851%, members 6
    null round: 490 trials, best 15.268%, members 7
    null round: 488 trials, best 16.011%, members 8
    null round: 486 trials, best 16.935%, members 9
    null round: 484 trials, best 17.802%, members 10
    null round: 482 trials, best 18.511%, members 11
    null round: 480 trials, best 19.477%, members 12
    null round: 478 trials, best 19.921%, members 13
    null round: 476 trials, best 20.477%, members 14
    null round: 474 trials, best 20.806%, members 15
    null round: 472 trials, best 21.007%, members 16
    null round: 470 trials, best 21.364%, members 17
    null round: 468 trials, best 21.709%, members 18
    null round: 466 trials, best 21.850%, members 19
    null round: 464 trials, best 22.357%, members 20
    null round: 462 trials, best 22.373%, members 21
    null round: 460 trials, best 22.746%, members 22
    null round: 458 trials, best 23.004%, members 23
    null round: 456 trials, best 23.218%, members 24
    null round: 454 trials, best 23.445%, members 25
    null round: 452 trials, best 23.543%, members 26
    null round: 450 trials, best 23.734%, members 27
    null round: 448 trials, best 23.808%, members 28
    null round: 446 trials, best 24.263%, members 29
    null round: 444 trials, best 24.522%, members 30
    null round: 442 trials, best 24.631%, members 31
    null round: 440 trials, best 24.631%, members 32
    null round: 504 trials, best 4.169%, members 0
    null round: 502 trials, best 5.983%, members 1
    null round: 500 trials, best 7.674%, members 2
    null round: 498 trials, best 9.400%, members 3
    null round: 496 trials, best 10.554%, members 4
    null round: 494 trials, best 11.898%, members 5
    null round: 492 trials, best 12.879%, members 6
    null round: 490 trials, best 13.676%, members 7
    null round: 488 trials, best 14.596%, members 8
    null round: 486 trials, best 15.162%, members 9
    null round: 484 trials, best 15.952%, members 10
    null round: 482 trials, best 16.532%, members 11
    null round: 480 trials, best 17.448%, members 12
    null round: 478 trials, best 18.501%, members 13
    null round: 476 trials, best 19.289%, members 14
    null round: 474 trials, best 20.569%, members 15
    null round: 472 trials, best 21.685%, members 16
    null round: 470 trials, best 22.060%, members 17
    null round: 468 trials, best 22.255%, members 18
    null round: 466 trials, best 22.685%, members 19
    null round: 464 trials, best 22.909%, members 20
    null round: 462 trials, best 22.998%, members 21
    null round: 460 trials, best 23.601%, members 22
    null round: 458 trials, best 23.601%, members 23
    null round: 504 trials, best 4.132%, members 0
    null round: 502 trials, best 5.985%, members 1
    null round: 500 trials, best 7.648%, members 2
    null round: 498 trials, best 9.369%, members 3
    null round: 496 trials, best 10.588%, members 4
    null round: 494 trials, best 12.044%, members 5
    null round: 492 trials, best 13.842%, members 6
    null round: 490 trials, best 14.671%, members 7
    null round: 488 trials, best 15.678%, members 8
    null round: 486 trials, best 16.706%, members 9
    null round: 484 trials, best 18.140%, members 10
    null round: 482 trials, best 18.801%, members 11
    null round: 480 trials, best 19.460%, members 12
    null round: 478 trials, best 20.198%, members 13
    null round: 476 trials, best 20.829%, members 14
    null round: 474 trials, best 21.311%, members 15
    null round: 472 trials, best 21.776%, members 16
    null round: 470 trials, best 21.966%, members 17
    null round: 468 trials, best 22.112%, members 18
    null round: 466 trials, best 22.112%, members 19
team1_W3ONLY_ADOPTED {
 "real_score": 22.815765013429292,
 "holdout_pick_members": 21,
 "holdout_in_sample": 41.83469891943186,
 "holdout_out_sample": 3.331721811206037,
 "full_team_on_holdout": 17.545148753522085,
 "random_n": 1000,
 "random_mean": 7.977522593177307,
 "random_p95": 10.179721814216668,
 "random_max": 12.059737335003902,
 "random_pctile_of_real": 100.0,
 "greedy_null_n": 25,
 "greedy_null_mean": 22.794718526804488,
 "greedy_null_p95": 23.964548805676337,
 "greedy_null_max": 24.631042171651707,
 "greedy_null_p_value": 0.6,
 "greedy_null_p_resolution": 0.04
}
    team2_W3ONLY_ADOPTED_pick round: 504 trials, best 13.227%, members 0
    team2_W3ONLY_ADOPTED_pick round: 502 trials, best 19.297%, members 1
    team2_W3ONLY_ADOPTED_pick round: 500 trials, best 26.336%, members 2
    team2_W3ONLY_ADOPTED_pick round: 498 trials, best 31.825%, members 3
    team2_W3ONLY_ADOPTED_pick round: 496 trials, best 35.609%, members 4
    team2_W3ONLY_ADOPTED_pick round: 494 trials, best 40.413%, members 5
    team2_W3ONLY_ADOPTED_pick round: 492 trials, best 44.266%, members 6
    team2_W3ONLY_ADOPTED_pick round: 490 trials, best 47.653%, members 7
    team2_W3ONLY_ADOPTED_pick round: 488 trials, best 50.106%, members 8
    team2_W3ONLY_ADOPTED_pick round: 486 trials, best 52.359%, members 9
    team2_W3ONLY_ADOPTED_pick round: 484 trials, best 54.747%, members 10
    team2_W3ONLY_ADOPTED_pick round: 482 trials, best 56.199%, members 11
    team2_W3ONLY_ADOPTED_pick round: 480 trials, best 57.636%, members 12
    team2_W3ONLY_ADOPTED_pick round: 478 trials, best 58.979%, members 13
    team2_W3ONLY_ADOPTED_pick round: 476 trials, best 60.126%, members 14
    team2_W3ONLY_ADOPTED_pick round: 474 trials, best 61.397%, members 15
    team2_W3ONLY_ADOPTED_pick round: 472 trials, best 61.696%, members 16
    team2_W3ONLY_ADOPTED_pick round: 470 trials, best 62.011%, members 17
    team2_W3ONLY_ADOPTED_pick round: 468 trials, best 63.048%, members 18
    team2_W3ONLY_ADOPTED_pick round: 466 trials, best 63.343%, members 19
    team2_W3ONLY_ADOPTED_pick round: 464 trials, best 63.978%, members 20
    team2_W3ONLY_ADOPTED_pick round: 462 trials, best 63.978%, members 21
    null round: 504 trials, best 6.211%, members 0
    null round: 502 trials, best 9.186%, members 1
    null round: 500 trials, best 11.474%, members 2
    null round: 498 trials, best 13.878%, members 3
    null round: 496 trials, best 15.894%, members 4
    null round: 494 trials, best 19.018%, members 5
    null round: 492 trials, best 20.486%, members 6
    null round: 490 trials, best 22.836%, members 7
    null round: 488 trials, best 24.357%, members 8
    null round: 486 trials, best 25.858%, members 9
    null round: 484 trials, best 27.109%, members 10
    null round: 482 trials, best 27.794%, members 11
    null round: 480 trials, best 28.317%, members 12
    null round: 478 trials, best 29.730%, members 13
    null round: 476 trials, best 30.842%, members 14
    null round: 474 trials, best 31.424%, members 15
    null round: 472 trials, best 32.115%, members 16
    null round: 470 trials, best 32.195%, members 17
    null round: 468 trials, best 32.846%, members 18
    null round: 466 trials, best 32.873%, members 19
    null round: 464 trials, best 33.130%, members 20
    null round: 462 trials, best 33.516%, members 21
    null round: 460 trials, best 33.537%, members 22
    null round: 458 trials, best 34.314%, members 23
    null round: 456 trials, best 34.314%, members 24
    null round: 504 trials, best 6.252%, members 0
    null round: 502 trials, best 9.113%, members 1
    null round: 500 trials, best 11.508%, members 2
    null round: 498 trials, best 13.763%, members 3
    null round: 496 trials, best 15.765%, members 4
    null round: 494 trials, best 18.158%, members 5
    null round: 492 trials, best 21.297%, members 6
    null round: 490 trials, best 22.418%, members 7
    null round: 488 trials, best 24.059%, members 8
    null round: 486 trials, best 26.150%, members 9
    null round: 484 trials, best 26.890%, members 10
    null round: 482 trials, best 27.592%, members 11
    null round: 480 trials, best 27.919%, members 12
    null round: 478 trials, best 28.006%, members 13
    null round: 476 trials, best 28.747%, members 14
    null round: 474 trials, best 29.203%, members 15
    null round: 472 trials, best 29.736%, members 16
    null round: 470 trials, best 30.103%, members 17
    null round: 468 trials, best 30.799%, members 18
    null round: 466 trials, best 31.375%, members 19
    null round: 464 trials, best 31.914%, members 20
    null round: 462 trials, best 32.134%, members 21
    null round: 460 trials, best 33.155%, members 22
    null round: 458 trials, best 33.424%, members 23
    null round: 456 trials, best 33.566%, members 24
    null round: 454 trials, best 34.079%, members 25
    null round: 452 trials, best 34.079%, members 26
    null round: 504 trials, best 6.249%, members 0
    null round: 502 trials, best 9.074%, members 1
    null round: 500 trials, best 11.510%, members 2
    null round: 498 trials, best 13.337%, members 3
    null round: 496 trials, best 15.122%, members 4
    null round: 494 trials, best 16.829%, members 5
    null round: 492 trials, best 18.438%, members 6
    null round: 490 trials, best 20.445%, members 7
    null round: 488 trials, best 23.766%, members 8
    null round: 486 trials, best 25.642%, members 9
    null round: 484 trials, best 26.774%, members 10
    null round: 482 trials, best 28.065%, members 11
    null round: 480 trials, best 29.120%, members 12
    null round: 478 trials, best 29.707%, members 13
    null round: 476 trials, best 30.370%, members 14
    null round: 474 trials, best 31.263%, members 15
    null round: 472 trials, best 31.536%, members 16
    null round: 470 trials, best 32.887%, members 17
    null round: 468 trials, best 32.944%, members 18
    null round: 466 trials, best 33.637%, members 19
    null round: 464 trials, best 34.003%, members 20
    null round: 462 trials, best 34.608%, members 21
    null round: 460 trials, best 34.608%, members 22
    null round: 504 trials, best 6.237%, members 0
    null round: 502 trials, best 9.035%, members 1
    null round: 500 trials, best 11.558%, members 2
    null round: 498 trials, best 13.901%, members 3
    null round: 496 trials, best 15.793%, members 4
    null round: 494 trials, best 17.000%, members 5
    null round: 492 trials, best 18.876%, members 6
    null round: 490 trials, best 19.755%, members 7
    null round: 488 trials, best 20.961%, members 8
    null round: 486 trials, best 22.602%, members 9
    null round: 484 trials, best 23.722%, members 10
    null round: 482 trials, best 26.866%, members 11
    null round: 480 trials, best 28.901%, members 12
    null round: 478 trials, best 30.092%, members 13
    null round: 476 trials, best 30.516%, members 14
    null round: 474 trials, best 31.965%, members 15
    null round: 472 trials, best 32.567%, members 16
    null round: 470 trials, best 33.245%, members 17
    null round: 468 trials, best 33.325%, members 18
    null round: 466 trials, best 33.508%, members 19
    null round: 464 trials, best 34.706%, members 20
    null round: 462 trials, best 35.380%, members 21
    null round: 460 trials, best 35.656%, members 22
    null round: 458 trials, best 35.656%, members 23
    null round: 504 trials, best 6.270%, members 0
    null round: 502 trials, best 9.050%, members 1
    null round: 500 trials, best 11.551%, members 2
    null round: 498 trials, best 13.610%, members 3
    null round: 496 trials, best 15.491%, members 4
    null round: 494 trials, best 16.961%, members 5
    null round: 492 trials, best 18.885%, members 6
    null round: 490 trials, best 21.830%, members 7
    null round: 488 trials, best 23.270%, members 8
    null round: 486 trials, best 24.716%, members 9
    null round: 484 trials, best 25.512%, members 10
    null round: 482 trials, best 26.929%, members 11
    null round: 480 trials, best 28.280%, members 12
    null round: 478 trials, best 29.342%, members 13
    null round: 476 trials, best 30.380%, members 14
    null round: 474 trials, best 30.690%, members 15
    null round: 472 trials, best 31.102%, members 16
    null round: 470 trials, best 31.428%, members 17
    null round: 468 trials, best 31.962%, members 18
    null round: 466 trials, best 32.093%, members 19
    null round: 464 trials, best 32.234%, members 20
    null round: 462 trials, best 32.737%, members 21
    null round: 460 trials, best 33.405%, members 22
    null round: 458 trials, best 33.712%, members 23
    null round: 456 trials, best 34.466%, members 24
    null round: 454 trials, best 34.466%, members 25
    null round: 504 trials, best 6.299%, members 0
    null round: 502 trials, best 9.072%, members 1
    null round: 500 trials, best 11.460%, members 2
    null round: 498 trials, best 14.088%, members 3
    null round: 496 trials, best 15.946%, members 4
    null round: 494 trials, best 17.825%, members 5
    null round: 492 trials, best 20.725%, members 6
    null round: 490 trials, best 22.801%, members 7
    null round: 488 trials, best 23.744%, members 8
    null round: 486 trials, best 24.238%, members 9
    null round: 484 trials, best 26.105%, members 10
    null round: 482 trials, best 27.489%, members 11
    null round: 480 trials, best 28.501%, members 12
    null round: 478 trials, best 29.340%, members 13
    null round: 476 trials, best 30.131%, members 14
    null round: 474 trials, best 30.411%, members 15
    null round: 472 trials, best 31.420%, members 16
    null round: 470 trials, best 31.818%, members 17
    null round: 468 trials, best 33.027%, members 18
    null round: 466 trials, best 33.769%, members 19
    null round: 464 trials, best 33.933%, members 20
    null round: 462 trials, best 34.185%, members 21
    null round: 460 trials, best 34.352%, members 22
    null round: 458 trials, best 34.352%, members 23
    null round: 504 trials, best 6.245%, members 0
    null round: 502 trials, best 9.006%, members 1
    null round: 500 trials, best 11.435%, members 2
    null round: 498 trials, best 14.014%, members 3
    null round: 496 trials, best 15.836%, members 4
    null round: 494 trials, best 17.898%, members 5
    null round: 492 trials, best 19.338%, members 6
    null round: 490 trials, best 20.751%, members 7
    null round: 488 trials, best 21.620%, members 8
    null round: 486 trials, best 22.676%, members 9
    null round: 484 trials, best 23.696%, members 10
    null round: 482 trials, best 24.338%, members 11
    null round: 480 trials, best 25.728%, members 12
    null round: 478 trials, best 27.539%, members 13
    null round: 476 trials, best 29.292%, members 14
    null round: 474 trials, best 30.417%, members 15
    null round: 472 trials, best 31.062%, members 16
    null round: 470 trials, best 32.269%, members 17
    null round: 468 trials, best 32.409%, members 18
    null round: 466 trials, best 32.409%, members 19
    null round: 504 trials, best 6.285%, members 0
    null round: 502 trials, best 9.119%, members 1
    null round: 500 trials, best 11.703%, members 2
    null round: 498 trials, best 13.563%, members 3
    null round: 496 trials, best 15.370%, members 4
    null round: 494 trials, best 17.678%, members 5
    null round: 492 trials, best 20.028%, members 6
    null round: 490 trials, best 21.367%, members 7
    null round: 488 trials, best 22.564%, members 8
    null round: 486 trials, best 23.989%, members 9
    null round: 484 trials, best 25.343%, members 10
    null round: 482 trials, best 26.315%, members 11
    null round: 480 trials, best 26.606%, members 12
    null round: 478 trials, best 27.068%, members 13
    null round: 476 trials, best 27.654%, members 14
    null round: 474 trials, best 28.622%, members 15
    null round: 472 trials, best 29.672%, members 16
    null round: 470 trials, best 29.856%, members 17
    null round: 468 trials, best 30.526%, members 18
    null round: 466 trials, best 30.935%, members 19
    null round: 464 trials, best 31.572%, members 20
    null round: 462 trials, best 31.896%, members 21
    null round: 460 trials, best 32.672%, members 22
    null round: 458 trials, best 33.471%, members 23
    null round: 456 trials, best 33.996%, members 24
    null round: 454 trials, best 34.440%, members 25
    null round: 452 trials, best 34.440%, members 26
    null round: 504 trials, best 6.252%, members 0
    null round: 502 trials, best 8.966%, members 1
    null round: 500 trials, best 11.387%, members 2
    null round: 498 trials, best 14.065%, members 3
    null round: 496 trials, best 15.908%, members 4
    null round: 494 trials, best 18.025%, members 5
    null round: 492 trials, best 20.940%, members 6
    null round: 490 trials, best 22.190%, members 7
    null round: 488 trials, best 23.382%, members 8
    null round: 486 trials, best 24.752%, members 9
    null round: 484 trials, best 26.023%, members 10
    null round: 482 trials, best 26.503%, members 11
    null round: 480 trials, best 27.962%, members 12
    null round: 478 trials, best 28.864%, members 13
    null round: 476 trials, best 29.517%, members 14
    null round: 474 trials, best 30.714%, members 15
    null round: 472 trials, best 31.456%, members 16
    null round: 470 trials, best 31.733%, members 17
    null round: 468 trials, best 32.142%, members 18
    null round: 466 trials, best 33.908%, members 19
    null round: 464 trials, best 35.023%, members 20
    null round: 462 trials, best 35.332%, members 21
    null round: 460 trials, best 35.332%, members 22
    null round: 504 trials, best 6.237%, members 0
    null round: 502 trials, best 9.044%, members 1
    null round: 500 trials, best 11.542%, members 2
    null round: 498 trials, best 13.355%, members 3
    null round: 496 trials, best 15.375%, members 4
    null round: 494 trials, best 18.753%, members 5
    null round: 492 trials, best 21.395%, members 6
    null round: 490 trials, best 22.609%, members 7
    null round: 488 trials, best 24.288%, members 8
    null round: 486 trials, best 25.573%, members 9
    null round: 484 trials, best 26.416%, members 10
    null round: 482 trials, best 27.432%, members 11
    null round: 480 trials, best 28.532%, members 12
    null round: 478 trials, best 28.979%, members 13
    null round: 476 trials, best 30.070%, members 14
    null round: 474 trials, best 30.943%, members 15
    null round: 472 trials, best 31.288%, members 16
    null round: 470 trials, best 31.806%, members 17
    null round: 468 trials, best 31.854%, members 18
    null round: 466 trials, best 32.425%, members 19
    null round: 464 trials, best 32.584%, members 20
    null round: 462 trials, best 32.885%, members 21
    null round: 460 trials, best 33.683%, members 22
    null round: 458 trials, best 34.381%, members 23
    null round: 456 trials, best 34.509%, members 24
    null round: 454 trials, best 35.250%, members 25
    null round: 452 trials, best 35.628%, members 26
    null round: 450 trials, best 35.905%, members 27
    null round: 448 trials, best 35.905%, members 28
    null round: 504 trials, best 6.240%, members 0
    null round: 502 trials, best 9.124%, members 1
    null round: 500 trials, best 11.510%, members 2
    null round: 498 trials, best 13.581%, members 3
    null round: 496 trials, best 15.374%, members 4
    null round: 494 trials, best 17.740%, members 5
    null round: 492 trials, best 20.026%, members 6
    null round: 490 trials, best 21.391%, members 7
    null round: 488 trials, best 22.415%, members 8
    null round: 486 trials, best 23.995%, members 9
    null round: 484 trials, best 25.172%, members 10
    null round: 482 trials, best 26.075%, members 11
    null round: 480 trials, best 26.772%, members 12
    null round: 478 trials, best 27.298%, members 13
    null round: 476 trials, best 28.380%, members 14
    null round: 474 trials, best 29.374%, members 15
    null round: 472 trials, best 30.032%, members 16
    null round: 470 trials, best 30.928%, members 17
    null round: 468 trials, best 31.155%, members 18
    null round: 466 trials, best 31.574%, members 19
    null round: 464 trials, best 31.756%, members 20
    null round: 462 trials, best 32.076%, members 21
    null round: 460 trials, best 32.138%, members 22
    null round: 458 trials, best 32.413%, members 23
    null round: 456 trials, best 32.874%, members 24
    null round: 454 trials, best 34.068%, members 25
    null round: 452 trials, best 34.438%, members 26
    null round: 450 trials, best 34.448%, members 27
    null round: 448 trials, best 34.670%, members 28
    null round: 446 trials, best 34.753%, members 29
    null round: 444 trials, best 34.849%, members 30
    null round: 442 trials, best 34.875%, members 31
    null round: 440 trials, best 35.024%, members 32
    null round: 438 trials, best 35.051%, members 33
    null round: 436 trials, best 35.051%, members 34
    null round: 504 trials, best 6.262%, members 0
    null round: 502 trials, best 9.136%, members 1
    null round: 500 trials, best 11.458%, members 2
    null round: 498 trials, best 13.859%, members 3
    null round: 496 trials, best 15.850%, members 4
    null round: 494 trials, best 17.662%, members 5
    null round: 492 trials, best 19.165%, members 6
    null round: 490 trials, best 20.428%, members 7
    null round: 488 trials, best 21.509%, members 8
    null round: 486 trials, best 22.952%, members 9
    null round: 484 trials, best 24.142%, members 10
    null round: 482 trials, best 27.322%, members 11
    null round: 480 trials, best 29.983%, members 12
    null round: 478 trials, best 30.450%, members 13
    null round: 476 trials, best 31.448%, members 14
    null round: 474 trials, best 32.123%, members 15
    null round: 472 trials, best 32.989%, members 16
    null round: 470 trials, best 33.527%, members 17
    null round: 468 trials, best 33.954%, members 18
    null round: 466 trials, best 33.954%, members 19
    null round: 504 trials, best 6.253%, members 0
    null round: 502 trials, best 9.154%, members 1
    null round: 500 trials, best 11.396%, members 2
    null round: 498 trials, best 13.907%, members 3
    null round: 496 trials, best 16.052%, members 4
    null round: 494 trials, best 18.974%, members 5
    null round: 492 trials, best 20.500%, members 6
    null round: 490 trials, best 21.972%, members 7
    null round: 488 trials, best 23.811%, members 8
    null round: 486 trials, best 24.776%, members 9
    null round: 484 trials, best 25.754%, members 10
    null round: 482 trials, best 26.795%, members 11
    null round: 480 trials, best 27.784%, members 12
    null round: 478 trials, best 28.626%, members 13
    null round: 476 trials, best 29.340%, members 14
    null round: 474 trials, best 29.936%, members 15
    null round: 472 trials, best 30.996%, members 16
    null round: 470 trials, best 31.599%, members 17
    null round: 468 trials, best 31.878%, members 18
    null round: 466 trials, best 32.279%, members 19
    null round: 464 trials, best 32.695%, members 20
    null round: 462 trials, best 32.997%, members 21
    null round: 460 trials, best 33.698%, members 22
    null round: 458 trials, best 35.270%, members 23
    null round: 456 trials, best 35.947%, members 24
    null round: 454 trials, best 35.947%, members 25
    null round: 504 trials, best 6.252%, members 0
    null round: 502 trials, best 9.081%, members 1
    null round: 500 trials, best 11.391%, members 2
    null round: 498 trials, best 13.968%, members 3
    null round: 496 trials, best 15.771%, members 4
    null round: 494 trials, best 16.839%, members 5
    null round: 492 trials, best 18.976%, members 6
    null round: 490 trials, best 19.927%, members 7
    null round: 488 trials, best 21.370%, members 8
    null round: 486 trials, best 23.136%, members 9
    null round: 484 trials, best 26.162%, members 10
    null round: 482 trials, best 28.459%, members 11
    null round: 480 trials, best 29.213%, members 12
    null round: 478 trials, best 30.361%, members 13
    null round: 476 trials, best 31.273%, members 14
    null round: 474 trials, best 31.845%, members 15
    null round: 472 trials, best 32.367%, members 16
    null round: 470 trials, best 32.864%, members 17
    null round: 468 trials, best 33.233%, members 18
    null round: 466 trials, best 33.727%, members 19
    null round: 464 trials, best 33.965%, members 20
    null round: 462 trials, best 34.348%, members 21
    null round: 460 trials, best 34.426%, members 22
    null round: 458 trials, best 34.508%, members 23
    null round: 456 trials, best 34.727%, members 24
    null round: 454 trials, best 35.449%, members 25
    null round: 452 trials, best 35.780%, members 26
    null round: 450 trials, best 35.813%, members 27
    null round: 448 trials, best 36.013%, members 28
    null round: 446 trials, best 36.080%, members 29
    null round: 444 trials, best 36.080%, members 30
    null round: 504 trials, best 6.228%, members 0
    null round: 502 trials, best 9.168%, members 1
    null round: 500 trials, best 11.506%, members 2
    null round: 498 trials, best 13.459%, members 3
    null round: 496 trials, best 15.426%, members 4
    null round: 494 trials, best 18.661%, members 5
    null round: 492 trials, best 20.556%, members 6
    null round: 490 trials, best 21.934%, members 7
    null round: 488 trials, best 22.853%, members 8
    null round: 486 trials, best 25.081%, members 9
    null round: 484 trials, best 26.123%, members 10
    null round: 482 trials, best 27.119%, members 11
    null round: 480 trials, best 28.511%, members 12
    null round: 478 trials, best 29.224%, members 13
    null round: 476 trials, best 29.713%, members 14
    null round: 474 trials, best 30.380%, members 15
    null round: 472 trials, best 30.987%, members 16
    null round: 470 trials, best 31.053%, members 17
    null round: 468 trials, best 32.197%, members 18
    null round: 466 trials, best 33.108%, members 19
    null round: 464 trials, best 33.853%, members 20
    null round: 462 trials, best 33.853%, members 21
    null round: 504 trials, best 6.250%, members 0
    null round: 502 trials, best 9.103%, members 1
    null round: 500 trials, best 11.565%, members 2
    null round: 498 trials, best 13.674%, members 3
    null round: 496 trials, best 15.531%, members 4
    null round: 494 trials, best 17.477%, members 5
    null round: 492 trials, best 19.902%, members 6
    null round: 490 trials, best 22.248%, members 7
    null round: 488 trials, best 23.118%, members 8
    null round: 486 trials, best 24.214%, members 9
    null round: 484 trials, best 25.285%, members 10
    null round: 482 trials, best 25.920%, members 11
    null round: 480 trials, best 27.082%, members 12
    null round: 478 trials, best 27.631%, members 13
    null round: 476 trials, best 28.099%, members 14
    null round: 474 trials, best 29.067%, members 15
    null round: 472 trials, best 29.689%, members 16
    null round: 470 trials, best 30.708%, members 17
    null round: 468 trials, best 30.970%, members 18
    null round: 466 trials, best 31.506%, members 19
    null round: 464 trials, best 31.715%, members 20
    null round: 462 trials, best 32.079%, members 21
    null round: 460 trials, best 32.945%, members 22
    null round: 458 trials, best 33.227%, members 23
    null round: 456 trials, best 33.696%, members 24
    null round: 454 trials, best 34.972%, members 25
    null round: 452 trials, best 35.276%, members 26
    null round: 450 trials, best 35.276%, members 27
    null round: 504 trials, best 6.243%, members 0
    null round: 502 trials, best 9.084%, members 1
    null round: 500 trials, best 11.491%, members 2
    null round: 498 trials, best 13.241%, members 3
    null round: 496 trials, best 15.274%, members 4
    null round: 494 trials, best 17.231%, members 5
    null round: 492 trials, best 20.503%, members 6
    null round: 490 trials, best 23.137%, members 7
    null round: 488 trials, best 24.401%, members 8
    null round: 486 trials, best 25.715%, members 9
    null round: 484 trials, best 26.655%, members 10
    null round: 482 trials, best 28.105%, members 11
    null round: 480 trials, best 29.343%, members 12
    null round: 478 trials, best 29.872%, members 13
    null round: 476 trials, best 30.896%, members 14
    null round: 474 trials, best 31.626%, members 15
    null round: 472 trials, best 32.415%, members 16
    null round: 470 trials, best 32.709%, members 17
    null round: 468 trials, best 33.124%, members 18
    null round: 466 trials, best 33.689%, members 19
    null round: 464 trials, best 33.981%, members 20
    null round: 462 trials, best 34.159%, members 21
    null round: 460 trials, best 34.523%, members 22
    null round: 458 trials, best 34.714%, members 23
    null round: 456 trials, best 34.714%, members 24
    null round: 504 trials, best 6.249%, members 0
    null round: 502 trials, best 9.074%, members 1
    null round: 500 trials, best 11.510%, members 2
    null round: 498 trials, best 13.337%, members 3
    null round: 496 trials, best 15.122%, members 4
    null round: 494 trials, best 16.829%, members 5
    null round: 492 trials, best 18.438%, members 6
    null round: 490 trials, best 20.445%, members 7
    null round: 488 trials, best 23.766%, members 8
    null round: 486 trials, best 25.642%, members 9
    null round: 484 trials, best 26.774%, members 10
    null round: 482 trials, best 28.065%, members 11
    null round: 480 trials, best 29.120%, members 12
    null round: 478 trials, best 29.707%, members 13
    null round: 476 trials, best 30.370%, members 14
    null round: 474 trials, best 31.263%, members 15
    null round: 472 trials, best 31.536%, members 16
    null round: 470 trials, best 32.887%, members 17
    null round: 468 trials, best 32.944%, members 18
    null round: 466 trials, best 33.637%, members 19
    null round: 464 trials, best 34.003%, members 20
    null round: 462 trials, best 34.608%, members 21
    null round: 460 trials, best 34.608%, members 22
    null round: 504 trials, best 6.311%, members 0
    null round: 502 trials, best 8.982%, members 1
    null round: 500 trials, best 11.500%, members 2
    null round: 498 trials, best 13.860%, members 3
    null round: 496 trials, best 15.859%, members 4
    null round: 494 trials, best 17.903%, members 5
    null round: 492 trials, best 20.909%, members 6
    null round: 490 trials, best 22.118%, members 7
    null round: 488 trials, best 23.394%, members 8
    null round: 486 trials, best 24.224%, members 9
    null round: 484 trials, best 25.757%, members 10
    null round: 482 trials, best 27.311%, members 11
    null round: 480 trials, best 28.161%, members 12
    null round: 478 trials, best 28.497%, members 13
    null round: 476 trials, best 29.687%, members 14
    null round: 474 trials, best 30.700%, members 15
    null round: 472 trials, best 30.899%, members 16
    null round: 470 trials, best 31.581%, members 17
    null round: 468 trials, best 31.729%, members 18
    null round: 466 trials, best 33.516%, members 19
    null round: 464 trials, best 35.474%, members 20
    null round: 462 trials, best 35.474%, members 21
    null round: 504 trials, best 6.252%, members 0
    null round: 502 trials, best 8.974%, members 1
    null round: 500 trials, best 11.452%, members 2
    null round: 498 trials, best 14.003%, members 3
    null round: 496 trials, best 15.764%, members 4
    null round: 494 trials, best 17.767%, members 5
    null round: 492 trials, best 19.139%, members 6
    null round: 490 trials, best 20.511%, members 7
    null round: 488 trials, best 21.642%, members 8
    null round: 486 trials, best 22.186%, members 9
    null round: 484 trials, best 23.799%, members 10
    null round: 482 trials, best 24.660%, members 11
    null round: 480 trials, best 27.022%, members 12
    null round: 478 trials, best 28.359%, members 13
    null round: 476 trials, best 29.243%, members 14
    null round: 474 trials, best 30.887%, members 15
    null round: 472 trials, best 31.270%, members 16
    null round: 470 trials, best 32.698%, members 17
    null round: 468 trials, best 32.830%, members 18
    null round: 466 trials, best 33.149%, members 19
    null round: 464 trials, best 33.613%, members 20
    null round: 462 trials, best 33.613%, members 21
    null round: 504 trials, best 6.284%, members 0
    null round: 502 trials, best 9.089%, members 1
    null round: 500 trials, best 11.536%, members 2
    null round: 498 trials, best 14.004%, members 3
    null round: 496 trials, best 15.693%, members 4
    null round: 494 trials, best 17.498%, members 5
    null round: 492 trials, best 19.015%, members 6
    null round: 490 trials, best 20.365%, members 7
    null round: 488 trials, best 21.614%, members 8
    null round: 486 trials, best 22.451%, members 9
    null round: 484 trials, best 23.791%, members 10
    null round: 482 trials, best 24.772%, members 11
    null round: 480 trials, best 27.258%, members 12
    null round: 478 trials, best 29.795%, members 13
    null round: 476 trials, best 30.367%, members 14
    null round: 474 trials, best 30.876%, members 15
    null round: 472 trials, best 31.904%, members 16
    null round: 470 trials, best 32.709%, members 17
    null round: 468 trials, best 33.285%, members 18
    null round: 466 trials, best 33.613%, members 19
    null round: 464 trials, best 33.922%, members 20
    null round: 462 trials, best 34.752%, members 21
    null round: 460 trials, best 34.752%, members 22
    null round: 504 trials, best 6.286%, members 0
    null round: 502 trials, best 9.041%, members 1
    null round: 500 trials, best 11.446%, members 2
    null round: 498 trials, best 13.901%, members 3
    null round: 496 trials, best 15.792%, members 4
    null round: 494 trials, best 17.612%, members 5
    null round: 492 trials, best 18.951%, members 6
    null round: 490 trials, best 19.825%, members 7
    null round: 488 trials, best 20.828%, members 8
    null round: 486 trials, best 22.281%, members 9
    null round: 484 trials, best 23.286%, members 10
    null round: 482 trials, best 24.211%, members 11
    null round: 480 trials, best 27.044%, members 12
    null round: 478 trials, best 28.321%, members 13
    null round: 476 trials, best 29.190%, members 14
    null round: 474 trials, best 30.012%, members 15
    null round: 472 trials, best 30.377%, members 16
    null round: 470 trials, best 31.342%, members 17
    null round: 468 trials, best 31.531%, members 18
    null round: 466 trials, best 31.862%, members 19
    null round: 464 trials, best 31.895%, members 20
    null round: 462 trials, best 32.736%, members 21
    null round: 460 trials, best 32.736%, members 22
    null round: 504 trials, best 6.263%, members 0
    null round: 502 trials, best 9.125%, members 1
    null round: 500 trials, best 11.510%, members 2
    null round: 498 trials, best 13.292%, members 3
    null round: 496 trials, best 15.524%, members 4
    null round: 494 trials, best 18.911%, members 5
    null round: 492 trials, best 21.572%, members 6
    null round: 490 trials, best 22.644%, members 7
    null round: 488 trials, best 24.205%, members 8
    null round: 486 trials, best 25.762%, members 9
    null round: 484 trials, best 26.699%, members 10
    null round: 482 trials, best 27.173%, members 11
    null round: 480 trials, best 27.837%, members 12
    null round: 478 trials, best 28.389%, members 13
    null round: 476 trials, best 29.082%, members 14
    null round: 474 trials, best 29.578%, members 15
    null round: 472 trials, best 29.747%, members 16
    null round: 470 trials, best 30.472%, members 17
    null round: 468 trials, best 30.700%, members 18
    null round: 466 trials, best 31.803%, members 19
    null round: 464 trials, best 32.435%, members 20
    null round: 462 trials, best 32.928%, members 21
    null round: 460 trials, best 33.360%, members 22
    null round: 458 trials, best 34.262%, members 23
    null round: 456 trials, best 34.495%, members 24
    null round: 454 trials, best 34.725%, members 25
    null round: 452 trials, best 35.069%, members 26
    null round: 450 trials, best 35.199%, members 27
    null round: 448 trials, best 35.562%, members 28
    null round: 446 trials, best 36.002%, members 29
    null round: 444 trials, best 36.127%, members 30
    null round: 442 trials, best 36.127%, members 31
    null round: 504 trials, best 6.252%, members 0
    null round: 502 trials, best 9.101%, members 1
    null round: 500 trials, best 11.453%, members 2
    null round: 498 trials, best 13.959%, members 3
    null round: 496 trials, best 15.834%, members 4
    null round: 494 trials, best 17.480%, members 5
    null round: 492 trials, best 18.963%, members 6
    null round: 490 trials, best 20.521%, members 7
    null round: 488 trials, best 21.702%, members 8
    null round: 486 trials, best 22.277%, members 9
    null round: 484 trials, best 23.877%, members 10
    null round: 482 trials, best 24.688%, members 11
    null round: 480 trials, best 26.907%, members 12
    null round: 478 trials, best 28.480%, members 13
    null round: 476 trials, best 29.275%, members 14
    null round: 474 trials, best 30.699%, members 15
    null round: 472 trials, best 31.328%, members 16
    null round: 470 trials, best 31.500%, members 17
    null round: 468 trials, best 31.608%, members 18
    null round: 466 trials, best 32.412%, members 19
    null round: 464 trials, best 33.103%, members 20
    null round: 462 trials, best 33.517%, members 21
    null round: 460 trials, best 33.517%, members 22
    null round: 504 trials, best 6.203%, members 0
    null round: 502 trials, best 9.054%, members 1
    null round: 500 trials, best 11.494%, members 2
    null round: 498 trials, best 13.909%, members 3
    null round: 496 trials, best 15.925%, members 4
    null round: 494 trials, best 17.764%, members 5
    null round: 492 trials, best 20.716%, members 6
    null round: 490 trials, best 22.693%, members 7
    null round: 488 trials, best 23.459%, members 8
    null round: 486 trials, best 24.757%, members 9
    null round: 484 trials, best 26.380%, members 10
    null round: 482 trials, best 27.659%, members 11
    null round: 480 trials, best 28.431%, members 12
    null round: 478 trials, best 29.619%, members 13
    null round: 476 trials, best 30.518%, members 14
    null round: 474 trials, best 31.201%, members 15
    null round: 472 trials, best 31.256%, members 16
    null round: 470 trials, best 31.695%, members 17
    null round: 468 trials, best 31.890%, members 18
    null round: 466 trials, best 32.204%, members 19
    null round: 464 trials, best 32.479%, members 20
    null round: 462 trials, best 32.817%, members 21
    null round: 460 trials, best 32.883%, members 22
    null round: 458 trials, best 32.883%, members 23
team2_W3ONLY_ADOPTED {
 "real_score": 34.20183648067728,
 "holdout_pick_members": 21,
 "holdout_in_sample": 62.763182964405814,
 "holdout_out_sample": 4.981685787348461,
 "full_team_on_holdout": 26.196076614929417,
 "random_n": 1000,
 "random_mean": 11.982457346778526,
 "random_p95": 15.012684430290875,
 "random_max": 17.282956318941277,
 "random_pctile_of_real": 100.0,
 "greedy_null_n": 25,
 "greedy_null_mean": 34.577923770290724,
 "greedy_null_p95": 36.05347850073586,
 "greedy_null_max": 36.378000025338224,
 "greedy_null_p_value": 0.68,
 "greedy_null_p_resolution": 0.04
}
DONE in 459.4 min
